Component: ARM Compiler 5.05 update 1 (build 106) Tool: armlink [4d0efa]

==============================================================================

Section Cross References

    bsp.o(i.BSP_CPU_ClkFreq) refers to stm32f10x_rcc.o(i.RCC_GetClocksFreq) for RCC_GetClocksFreq
    bsp.o(i.BSP_Init) refers to misc.o(i.NVIC_PriorityGroupConfig) for NVIC_PriorityGroupConfig
    bsp.o(i.BSP_Init) refers to led.o(i.LED_Init) for LED_Init
    bsp.o(i.BSP_Init) refers to usart.o(i.uart_inint) for uart_inint
    bsp.o(i.BSP_Init) refers to esp8266.o(i.esp8266_init) for esp8266_init
    bsp.o(i.BSP_Init) refers to i2c.o(i.i2c_init) for i2c_init
    bsp.o(i.BSP_Init) refers to e2prom.o(i.e2prom_init) for e2prom_init
    bsp.o(i.BSP_Init) refers to spi_flash.o(i.SPI3_init) for SPI3_init
    bsp.o(i.BSP_Init) refers to beep.o(i.beep_init) for beep_init
    bsp.o(i.BSP_Init) refers to 38k.o(i.led_38k_init) for led_38k_init
    bsp.o(i.BSP_Init) refers to i2s.o(i.I2S_Bus_Init) for I2S_Bus_Init
    bsp.o(i.BSP_Init) refers to i2s.o(i.wav_pre_read) for wav_pre_read
    bsp.o(i.BSP_Init) refers to bulet_box.o(i.bulet_box_init) for bulet_box_init
    bsp.o(i.BSP_Init) refers to trigger.o(i.trigger_init) for trigger_init
    bsp.o(i.CPU_TS_TmrInit) refers to bsp.o(i.BSP_CPU_ClkFreq) for BSP_CPU_ClkFreq
    bsp.o(i.CPU_TS_TmrInit) refers to cpu_core.o(i.CPU_TS_TmrFreqSet) for CPU_TS_TmrFreqSet
    main.o(i.AppTaskStart) refers to bsp.o(i.BSP_CPU_ClkFreq) for BSP_CPU_ClkFreq
    main.o(i.AppTaskStart) refers to os_cpu_c.o(i.OS_CPU_SysTickInit) for OS_CPU_SysTickInit
    main.o(i.AppTaskStart) refers to bsp.o(i.BSP_Init) for BSP_Init
    main.o(i.AppTaskStart) refers to gun.o(i.main_loop) for main_loop
    main.o(i.AppTaskStart) refers to os_cfg_app.o(.constdata) for OSCfg_TickRate_Hz
    main.o(i.main) refers to os_core.o(i.OSInit) for OSInit
    main.o(i.main) refers to os_task.o(i.OSTaskCreate) for OSTaskCreate
    main.o(i.main) refers to os_core.o(i.OSStart) for OSStart
    main.o(i.main) refers to main.o(.bss) for AppTaskStartStk
    main.o(i.main) refers to main.o(i.AppTaskStart) for AppTaskStart
    38k.o(i.TIM5_PWM_Init) refers to stm32f10x_rcc.o(i.RCC_APB2PeriphClockCmd) for RCC_APB2PeriphClockCmd
    38k.o(i.TIM5_PWM_Init) refers to stm32f10x_rcc.o(i.RCC_APB1PeriphClockCmd) for RCC_APB1PeriphClockCmd
    38k.o(i.TIM5_PWM_Init) refers to stm32f10x_gpio.o(i.GPIO_Init) for GPIO_Init
    38k.o(i.TIM5_PWM_Init) refers to stm32f10x_gpio.o(i.GPIO_WriteBit) for GPIO_WriteBit
    38k.o(i.TIM5_PWM_Init) refers to stm32f10x_tim.o(i.TIM_TimeBaseInit) for TIM_TimeBaseInit
    38k.o(i.TIM5_PWM_Init) refers to stm32f10x_tim.o(i.TIM_OC2Init) for TIM_OC2Init
    38k.o(i.TIM5_PWM_Init) refers to stm32f10x_tim.o(i.TIM_OC4PreloadConfig) for TIM_OC4PreloadConfig
    38k.o(i.led_38k_init) refers to 38k.o(i.TIM5_PWM_Init) for TIM5_PWM_Init
    38k.o(i.led_38k_init) refers to 38k.o(i.led_uart_init) for led_uart_init
    38k.o(i.led_uart_init) refers to stm32f10x_rcc.o(i.RCC_APB2PeriphClockCmd) for RCC_APB2PeriphClockCmd
    38k.o(i.led_uart_init) refers to stm32f10x_rcc.o(i.RCC_APB1PeriphClockCmd) for RCC_APB1PeriphClockCmd
    38k.o(i.led_uart_init) refers to stm32f10x_gpio.o(i.GPIO_Init) for GPIO_Init
    38k.o(i.led_uart_init) refers to stm32f10x_usart.o(i.USART_Init) for USART_Init
    38k.o(i.led_uart_init) refers to stm32f10x_usart.o(i.USART_Cmd) for USART_Cmd
    38k.o(i.send_charcode) refers to stm32f10x_gpio.o(i.GPIO_Init) for GPIO_Init
    38k.o(i.send_charcode) refers to stm32f10x_tim.o(i.TIM_Cmd) for TIM_Cmd
    38k.o(i.send_charcode) refers to 38k.o(i.uart4_putchar) for uart4_putchar
    38k.o(i.send_charcode) refers to stm32f10x_gpio.o(i.GPIO_WriteBit) for GPIO_WriteBit
    38k.o(i.uart4_putchar) refers to stm32f10x_usart.o(i.USART_SendData) for USART_SendData
    38k.o(i.uart4_putchar) refers to stm32f10x_usart.o(i.USART_GetFlagStatus) for USART_GetFlagStatus
    bulet_box.o(i.add_buletLeft) refers to bulet_box.o(i.get_buletLeft) for get_buletLeft
    bulet_box.o(i.add_buletLeft) refers to bulet_box.o(i.set_buletLeft) for set_buletLeft
    bulet_box.o(i.bulet_Read) refers to bulet_box.o(i.bulet_box_online) for bulet_box_online
    bulet_box.o(i.bulet_Read) refers to bulet_box.o(.data) for local_bulet
    bulet_box.o(i.bulet_Write) refers to bulet_box.o(i.bulet_box_online) for bulet_box_online
    bulet_box.o(i.bulet_Write) refers to bulet_box.o(.data) for local_bulet
    bulet_box.o(i.bulet_box_init) refers to stm32f10x_rcc.o(i.RCC_APB2PeriphClockCmd) for RCC_APB2PeriphClockCmd
    bulet_box.o(i.bulet_box_init) refers to stm32f10x_gpio.o(i.GPIO_Init) for GPIO_Init
    bulet_box.o(i.bulet_box_test) refers to bulet_box.o(i.bulet_Write) for bulet_Write
    bulet_box.o(i.bulet_box_test) refers to bulet_box.o(i.bulet_Read) for bulet_Read
    bulet_box.o(i.bulet_box_test) refers to os_time.o(i.OSTimeDlyHMSM) for OSTimeDlyHMSM
    bulet_box.o(i.get_buletLeft) refers to bulet_box.o(i.bulet_Read) for bulet_Read
[...]
    ADC1_2_IRQHandler                        0x0800015f   Thumb Code     0  startup_stm32f10x_hd.o(.text)
    ADC3_IRQHandler                          0x0800015f   Thumb Code     0  startup_stm32f10x_hd.o(.text)
    CAN1_RX1_IRQHandler                      0x0800015f   Thumb Code     0  startup_stm32f10x_hd.o(.text)
    CAN1_SCE_IRQHandler                      0x0800015f   Thumb Code     0  startup_stm32f10x_hd.o(.text)
    DMA1_Channel1_IRQHandler                 0x0800015f   Thumb Code     0  startup_stm32f10x_hd.o(.text)
    DMA1_Channel2_IRQHandler                 0x0800015f   Thumb Code     0  startup_stm32f10x_hd.o(.text)
    DMA1_Channel3_IRQHandler                 0x0800015f   Thumb Code     0  startup_stm32f10x_hd.o(.text)
    DMA1_Channel4_IRQHandler                 0x0800015f   Thumb Code     0  startup_stm32f10x_hd.o(.text)
    DMA1_Channel6_IRQHandler                 0x0800015f   Thumb Code     0  startup_stm32f10x_hd.o(.text)
    DMA1_Channel7_IRQHandler                 0x0800015f   Thumb Code     0  startup_stm32f10x_hd.o(.text)
    DMA2_Channel1_IRQHandler                 0x0800015f   Thumb Code     0  startup_stm32f10x_hd.o(.text)
    DMA2_Channel2_IRQHandler                 0x0800015f   Thumb Code     0  startup_stm32f10x_hd.o(.text)
    DMA2_Channel3_IRQHandler                 0x0800015f   Thumb Code     0  startup_stm32f10x_hd.o(.text)
    DMA2_Channel4_5_IRQHandler               0x0800015f   Thumb Code     0  startup_stm32f10x_hd.o(.text)
    EXTI0_IRQHandler                         0x0800015f   Thumb Code     0  startup_stm32f10x_hd.o(.text)
    EXTI15_10_IRQHandler                     0x0800015f   Thumb Code     0  startup_stm32f10x_hd.o(.text)
    EXTI1_IRQHandler                         0x0800015f   Thumb Code     0  startup_stm32f10x_hd.o(.text)
    EXTI2_IRQHandler                         0x0800015f   Thumb Code     0  startup_stm32f10x_hd.o(.text)
    EXTI3_IRQHandler                         0x0800015f   Thumb Code     0  startup_stm32f10x_hd.o(.text)
    EXTI4_IRQHandler                         0x0800015f   Thumb Code     0  startup_stm32f10x_hd.o(.text)
    EXTI9_5_IRQHandler                       0x0800015f   Thumb Code     0  startup_stm32f10x_hd.o(.text)
    FLASH_IRQHandler                         0x0800015f   Thumb Code     0  startup_stm32f10x_hd.o(.text)
    FSMC_IRQHandler                          0x0800015f   Thumb Code     0  startup_stm32f10x_hd.o(.text)
    I2C1_ER_IRQHandler                       0x0800015f   Thumb Code     0  startup_stm32f10x_hd.o(.text)
    I2C2_ER_IRQHandler                       0x0800015f   Thumb Code     0  startup_stm32f10x_hd.o(.text)
    I2C2_EV_IRQHandler                       0x0800015f   Thumb Code     0  startup_stm32f10x_hd.o(.text)
    PVD_IRQHandler                           0x0800015f   Thumb Code     0  startup_stm32f10x_hd.o(.text)
    RCC_IRQHandler                           0x0800015f   Thumb Code     0  startup_stm32f10x_hd.o(.text)
    RTCAlarm_IRQHandler                      0x0800015f   Thumb Code     0  startup_stm32f10x_hd.o(.text)
    RTC_IRQHandler                           0x0800015f   Thumb Code     0  startup_stm32f10x_hd.o(.text)
    SDIO_IRQHandler                          0x0800015f   Thumb Code     0  startup_stm32f10x_hd.o(.text)
    SPI1_IRQHandler                          0x0800015f   Thumb Code     0  startup_stm32f10x_hd.o(.text)
    SPI2_IRQHandler                          0x0800015f   Thumb Code     0  startup_stm32f10x_hd.o(.text)
    SPI3_IRQHandler                          0x0800015f   Thumb Code     0  startup_stm32f10x_hd.o(.text)
    TAMPER_IRQHandler                        0x0800015f   Thumb Code     0  startup_stm32f10x_hd.o(.text)
    TIM1_BRK_IRQHandler                      0x0800015f   Thumb Code     0  startup_stm32f10x_hd.o(.text)
    TIM1_CC_IRQHandler                       0x0800015f   Thumb Code     0  startup_stm32f10x_hd.o(.text)
    TIM1_TRG_COM_IRQHandler                  0x0800015f   Thumb Code     0  startup_stm32f10x_hd.o(.text)
    TIM1_UP_IRQHandler                       0x0800015f   Thumb Code     0  startup_stm32f10x_hd.o(.text)
    TIM2_IRQHandler                          0x0800015f   Thumb Code     0  startup_stm32f10x_hd.o(.text)
    TIM4_IRQHandler                          0x0800015f   Thumb Code     0  startup_stm32f10x_hd.o(.text)
    TIM5_IRQHandler                          0x0800015f   Thumb Code     0  startup_stm32f10x_hd.o(.text)
    TIM6_IRQHandler                          0x0800015f   Thumb Code     0  startup_stm32f10x_hd.o(.text)
    TIM7_IRQHandler                          0x0800015f   Thumb Code     0  startup_stm32f10x_hd.o(.text)
    TIM8_BRK_IRQHandler                      0x0800015f   Thumb Code     0  startup_stm32f10x_hd.o(.text)
    TIM8_CC_IRQHandler                       0x0800015f   Thumb Code     0  startup_stm32f10x_hd.o(.text)
    TIM8_TRG_COM_IRQHandler                  0x0800015f   Thumb Code     0  startup_stm32f10x_hd.o(.text)
    TIM8_UP_IRQHandler                       0x0800015f   Thumb Code     0  startup_stm32f10x_hd.o(.text)
    UART4_IRQHandler                         0x0800015f   Thumb Code     0  startup_stm32f10x_hd.o(.text)
    UART5_IRQHandler                         0x0800015f   Thumb Code     0  startup_stm32f10x_hd.o(.text)
    USART3_IRQHandler                        0x0800015f   Thumb Code     0  startup_stm32f10x_hd.o(.text)
    USBWakeUp_IRQHandler                     0x0800015f   Thumb Code     0  startup_stm32f10x_hd.o(.text)
    USB_HP_CAN1_TX_IRQHandler                0x0800015f   Thumb Code     0  startup_stm32f10x_hd.o(.text)
    USB_LP_CAN1_RX0_IRQHandler               0x0800015f   Thumb Code     0  startup_stm32f10x_hd.o(.text)
    WWDG_IRQHandler                          0x0800015f   Thumb Code     0  startup_stm32f10x_hd.o(.text)
    CPU_IntDis                               0x08000169   Thumb Code     0  cpu_a.o(.text)
    CPU_IntEn                                0x0800016d   Thumb Code     0  cpu_a.o(.text)
    CPU_SR_Save                              0x08000171   Thumb Code     0  cpu_a.o(.text)
    CPU_SR_Restore                           0x08000179   Thumb Code     0  cpu_a.o(.text)
    CPU_CntLeadZeros                         0x0800017f   Thumb Code     0  cpu_a.o(.text)
    CPU_RevBits                              0x08000185   Thumb Code     0  cpu_a.o(.text)
    CPU_WaitForInt                           0x0800018b   Thumb Code     0  cpu_a.o(.text)
    CPU_WaitForExcept                        0x0800018f   Thumb Code     0  cpu_a.o(.text)
    OSStartHighRdy                           0x08000195   Thumb Code     0  os_cpu_a.o(.text)
    OS_CPU_PendSVHandler                     0x080001b7   Thumb Code     0  os_cpu_a.o(.text)
    __aeabi_uldivmod                         0x08000219   Thumb Code    98  uldiv.o(.text)
    __aeabi_memcpy                           0x0800027b   Thumb Code    36  memcpya.o(.text)
    __aeabi_memcpy4                          0x0800027b   Thumb Code     0  memcpya.o(.text)
    __aeabi_memcpy8                          0x0800027b   Thumb Code     0  memcpya.o(.text)
    __aeabi_memset                           0x0800029f   Thumb Code    14  memseta.o(.text)
    __aeabi_memset4                          0x0800029f   Thumb Code     0  memseta.o(.text)
    __aeabi_memset8                          0x0800029f   Thumb Code     0  memseta.o(.text)
    __aeabi_memclr                           0x080002ad   Thumb Code     4  memseta.o(.text)
    __aeabi_memclr4                          0x080002ad   Thumb Code     0  memseta.o(.text)
    __aeabi_memclr8                          0x080002ad   Thumb Code     0  memseta.o(.text)
    _memset$wrapper                          0x080002b1   Thumb Code    18  memseta.o(.text)
    strlen                                   0x080002c3   Thumb Code    14  strlen.o(.text)
    strncmp                                  0x080002d1   Thumb Code    30  strncmp.o(.text)
    __aeabi_uidiv                            0x080002ef   Thumb Code     0  uidiv.o(.text)
    __aeabi_uidivmod                         0x080002ef   Thumb Code    44  uidiv.o(.text)
    __aeabi_llsl                             0x0800031b   Thumb Code    30  llshl.o(.text)
    _ll_shift_l                              0x0800031b   Thumb Code     0  llshl.o(.text)
    __aeabi_llsr                             0x08000339   Thumb Code    32  llushr.o(.text)
    _ll_ushift_r                             0x08000339   Thumb Code     0  llushr.o(.text)
    __scatterload                            0x08000359   Thumb Code    28  init.o(.text)
    __scatterload_rt2                        0x08000359   Thumb Code     0  init.o(.text)
    __decompress                             0x0800037d   Thumb Code     0  __dczerorl2.o(.text)
    __decompress1                            0x0800037d   Thumb Code    86  __dczerorl2.o(.text)
    AUDIO_TransferComplete                   0x080003d5   Thumb Code   206  i2s.o(i.AUDIO_TransferComplete)
    Audio_MAL_Play                           0x080004e9   Thumb Code    52  i2s.o(i.Audio_MAL_Play)
    BSP_CPU_ClkFreq                          0x08000529   Thumb Code    16  bsp.o(i.BSP_CPU_ClkFreq)
    BSP_Init                                 0x08000539   Thumb Code    60  bsp.o(i.BSP_Init)
    CPU_IntDisMeasMaxCurGet                  0x08000591   Thumb Code    40  cpu_core.o(i.CPU_IntDisMeasMaxCurGet)
    CPU_IntDisMeasMaxCurReset                0x080005bd   Thumb Code    40  cpu_core.o(i.CPU_IntDisMeasMaxCurReset)
    CPU_IntDisMeasMaxGet                     0x080005e9   Thumb Code    40  cpu_core.o(i.CPU_IntDisMeasMaxGet)
    CPU_IntDisMeasStart                      0x08000615   Thumb Code    38  cpu_core.o(i.CPU_IntDisMeasStart)
    CPU_IntDisMeasStop                       0x08000649   Thumb Code    62  cpu_core.o(i.CPU_IntDisMeasStop)
    CPU_TS_TmrRd                             0x0800069d   Thumb Code     6  bsp.o(i.CPU_TS_TmrRd)
    DMA1_Channel5_IRQHandler                 0x080006a9   Thumb Code    34  i2s.o(i.DMA1_Channel5_IRQHandler)
    DMA_ClearFlag                            0x080006d1   Thumb Code    18  stm32f10x_dma.o(i.DMA_ClearFlag)
    DMA_Cmd                                  0x080006ed   Thumb Code    24  stm32f10x_dma.o(i.DMA_Cmd)
    DMA_GetFlagStatus                        0x08000705   Thumb Code    36  stm32f10x_dma.o(i.DMA_GetFlagStatus)
    DMA_I2S_Configuration                    0x08000731   Thumb Code   120  i2s.o(i.DMA_I2S_Configuration)
    DMA_ITConfig                             0x080007b5   Thumb Code    18  stm32f10x_dma.o(i.DMA_ITConfig)
    DMA_Init                                 0x080007c7   Thumb Code    60  stm32f10x_dma.o(i.DMA_Init)
    FlashWaitBusy                            0x08000805   Thumb Code    48  spi_flash.o(i.FlashWaitBusy)
    GPIO_Init                                0x08000839   Thumb Code   278  stm32f10x_gpio.o(i.GPIO_Init)
    GPIO_PinRemapConfig                      0x08000951   Thumb Code   138  stm32f10x_gpio.o(i.GPIO_PinRemapConfig)
    GPIO_ReadInputDataBit                    0x080009e1   Thumb Code    18  stm32f10x_gpio.o(i.GPIO_ReadInputDataBit)
    GPIO_ResetBits                           0x080009f3   Thumb Code     4  stm32f10x_gpio.o(i.GPIO_ResetBits)
    GPIO_SetBits                             0x080009f7   Thumb Code     4  stm32f10x_gpio.o(i.GPIO_SetBits)
    GPIO_WriteBit                            0x080009fb   Thumb Code    10  stm32f10x_gpio.o(i.GPIO_WriteBit)
    I2C1_EV_IRQHandler                       0x08000a05   Thumb Code   468  i2c.o(i.I2C1_EV_IRQHandler)
    I2C_AcknowledgeConfig                    0x08000be5   Thumb Code    24  stm32f10x_i2c.o(i.I2C_AcknowledgeConfig)
    I2C_Cmd                                  0x08000bfd   Thumb Code    24  stm32f10x_i2c.o(i.I2C_Cmd)
    I2C_DeInit                               0x08000c15   Thumb Code    50  stm32f10x_i2c.o(i.I2C_DeInit)
    I2C_GenerateSTART                        0x08000c4d   Thumb Code    24  stm32f10x_i2c.o(i.I2C_GenerateSTART)
    I2C_GenerateSTOP                         0x08000c65   Thumb Code    24  stm32f10x_i2c.o(i.I2C_GenerateSTOP)
    I2C_GetFlagStatus                        0x08000c7d   Thumb Code    58  stm32f10x_i2c.o(i.I2C_GetFlagStatus)
    I2C_GetLastEvent                         0x08000cb7   Thumb Code    26  stm32f10x_i2c.o(i.I2C_GetLastEvent)
    I2C_ITConfig                             0x08000cd1   Thumb Code    18  stm32f10x_i2c.o(i.I2C_ITConfig)
    I2C_Init                                 0x08000ce5   Thumb Code   222  stm32f10x_i2c.o(i.I2C_Init)
    I2C_ReceiveData                          0x08000dd1   Thumb Code     8  stm32f10x_i2c.o(i.I2C_ReceiveData)
    I2C_Send7bitAddress                      0x08000dd9   Thumb Code    18  stm32f10x_i2c.o(i.I2C_Send7bitAddress)
    I2C_SendData                             0x08000deb   Thumb Code     4  stm32f10x_i2c.o(i.I2C_SendData)
    I2C_SoftwareResetCmd                     0x08000def   Thumb Code    22  stm32f10x_i2c.o(i.I2C_SoftwareResetCmd)
    I2S_Bus_Init                             0x08000e05   Thumb Code    38  i2s.o(i.I2S_Bus_Init)
    I2S_Cmd                                  0x08000e31   Thumb Code    24  stm32f10x_spi.o(i.I2S_Cmd)
    I2S_Freq_Config                          0x08000e49   Thumb Code    60  i2s.o(i.I2S_Freq_Config)
    I2S_Init                                 0x08000ef5   Thumb Code   226  stm32f10x_spi.o(i.I2S_Init)
    I2S_Stop                                 0x08001015   Thumb Code    20  i2s.o(i.I2S_Stop)
    LED_Init                                 0x08001031   Thumb Code    98  led.o(i.LED_Init)
    NVIC_Init                                0x0800109d   Thumb Code   100  misc.o(i.NVIC_Init)
    NVIC_PriorityGroupConfig                 0x0800110d   Thumb Code    10  misc.o(i.NVIC_PriorityGroupConfig)
    OSCfg_Init                               0x08001121   Thumb Code    86  os_cfg_app.o(i.OSCfg_Init)
    OSIdleTaskHook                           0x0800121d   Thumb Code    16  os_cpu_c.o(i.OSIdleTaskHook)
    OSInit                                   0x08001231   Thumb Code   276  os_core.o(i.OSInit)
    OSInitHook                               0x0800138d   Thumb Code    20  os_cpu_c.o(i.OSInitHook)
    OSIntEnter                               0x080013ad   Thumb Code    34  os_core.o(i.OSIntEnter)
    OSIntExit                                0x080013d9   Thumb Code   192  os_core.o(i.OSIntExit)
    OSSched                                  0x080014bd   Thumb Code   134  os_core.o(i.OSSched)
    OSSchedLock                              0x08001565   Thumb Code   112  os_core.o(i.OSSchedLock)
    OSSchedUnlock                            0x080015e1   Thumb Code   148  os_core.o(i.OSSchedUnlock)
    OSSemCreate                              0x08001681   Thumb Code   124  os_sem.o(i.OSSemCreate)
    OSSemPend                                0x08001709   Thumb Code   524  os_sem.o(i.OSSemPend)
    OSSemPost                                0x08001925   Thumb Code   102  os_sem.o(i.OSSemPost)
    OSStart                                  0x08001995   Thumb Code    78  os_core.o(i.OSStart)
    OSStatReset                              0x080019fd   Thumb Code   204  os_stat.o(i.OSStatReset)
    OSStatTaskHook                           0x08001aed   Thumb Code    16  os_cpu_c.o(i.OSStatTaskHook)
    OSTaskCreate                             0x08001b01   Thumb Code   624  os_task.o(i.OSTaskCreate)
    OSTaskCreateHook                         0x08001d95   Thumb Code    20  os_cpu_c.o(i.OSTaskCreateHook)
    OSTaskDel                                0x08001dad   Thumb Code   490  os_task.o(i.OSTaskDel)
    OSTaskDelHook                            0x08001fb5   Thumb Code    20  os_cpu_c.o(i.OSTaskDelHook)
    OSTaskResume                             0x08001fcd   Thumb Code   426  os_task.o(i.OSTaskResume)
    OSTaskReturnHook                         0x08002185   Thumb Code    20  os_cpu_c.o(i.OSTaskReturnHook)
    OSTaskSemPend                            0x0800219d   Thumb Code   552  os_task.o(i.OSTaskSemPend)
    OSTaskStkChk                             0x080023d1   Thumb Code   220  os_task.o(i.OSTaskStkChk)
    OSTaskStkInit                            0x080024b5   Thumb Code   188  os_cpu_c.o(i.OSTaskStkInit)
    OSTaskSuspend                            0x08002575   Thumb Code   436  os_task.o(i.OSTaskSuspend)
    OSTaskSwHook                             0x0800273d   Thumb Code   154  os_cpu_c.o(i.OSTaskSwHook)
    OSTimeDly                                0x080027e9   Thumb Code   322  os_time.o(i.OSTimeDly)
    OSTimeDlyHMSM                            0x08002939   Thumb Code   538  os_time.o(i.OSTimeDlyHMSM)
    OSTimeTick                               0x08002b65   Thumb Code    54  os_time.o(i.OSTimeTick)
    OSTimeTickHook                           0x08002ba9   Thumb Code    16  os_cpu_c.o(i.OSTimeTickHook)
    OS_CPU_SysTickHandler                    0x08002bbd   Thumb Code    60  os_cpu_c.o(i.OS_CPU_SysTickHandler)
    OS_CPU_SysTickInit                       0x08002bfd   Thumb Code    44  os_cpu_c.o(i.OS_CPU_SysTickInit)
    OS_Dbg_Init                              0x08002c2d   Thumb Code   146  os_dbg.o(i.OS_Dbg_Init)
    OS_FlagInit                              0x08002ddd   Thumb Code    14  os_flag.o(i.OS_FlagInit)
    OS_FlagPost                              0x08002df5   Thumb Code   626  os_flag.o(i.OS_FlagPost)
    OS_FlagTaskRdy                           0x08003071   Thumb Code    86  os_flag.o(i.OS_FlagTaskRdy)
    OS_IdleTask                              0x080030c9   Thumb Code    68  os_core.o(i.OS_IdleTask)
    OS_IdleTaskInit                          0x08003115   Thumb Code    66  os_core.o(i.OS_IdleTaskInit)
    OS_IntQPost                              0x08003185   Thumb Code   218  os_int.o(i.OS_IntQPost)
    OS_IntQRePost                            0x08003285   Thumb Code   320  os_int.o(i.OS_IntQRePost)
    OS_IntQTask                              0x080033f9   Thumb Code   154  os_int.o(i.OS_IntQTask)
    OS_IntQTaskInit                          0x080034a1   Thumb Code   206  os_int.o(i.OS_IntQTaskInit)
    OS_MemInit                               0x080035c9   Thumb Code    14  os_mem.o(i.OS_MemInit)
    OS_MsgPoolCreate                         0x080035e1   Thumb Code    54  os_msg.o(i.OS_MsgPoolCreate)
    OS_MsgPoolInit                           0x08003619   Thumb Code    68  os_msg.o(i.OS_MsgPoolInit)
    OS_MsgQFreeAll                           0x08003669   Thumb Code    62  os_msg.o(i.OS_MsgQFreeAll)
    OS_MsgQInit                              0x080036ad   Thumb Code    14  os_msg.o(i.OS_MsgQInit)
    OS_MsgQPut                               0x080036bd   Thumb Code   216  os_msg.o(i.OS_MsgQPut)
    OS_MutexInit                             0x08003799   Thumb Code    14  os_mutex.o(i.OS_MutexInit)
    OS_Pend                                  0x080037b1   Thumb Code    98  os_core.o(i.OS_Pend)
    OS_PendDataInit                          0x08003819   Thumb Code    38  os_core.o(i.OS_PendDataInit)
    OS_PendDbgNameAdd                        0x08003841   Thumb Code    66  os_core.o(i.OS_PendDbgNameAdd)
    OS_PendDbgNameRemove                     0x0800389d   Thumb Code    30  os_core.o(i.OS_PendDbgNameRemove)
    OS_PendListInit                          0x080038c1   Thumb Code    10  os_core.o(i.OS_PendListInit)
    OS_PendListInsertPrio                    0x080038cb   Thumb Code   102  os_core.o(i.OS_PendListInsertPrio)
    OS_PendListRemove                        0x08003931   Thumb Code    48  os_core.o(i.OS_PendListRemove)
    OS_PendListRemove1                       0x08003961   Thumb Code    66  os_core.o(i.OS_PendListRemove1)
    OS_Post                                  0x080039a3   Thumb Code   192  os_core.o(i.OS_Post)
    OS_Post1                                 0x08003a63   Thumb Code    42  os_core.o(i.OS_Post1)
    OS_PrioGetHighest                        0x08003a8d   Thumb Code    36  os_prio.o(i.OS_PrioGetHighest)
    OS_PrioInit                              0x08003ab5   Thumb Code    20  os_prio.o(i.OS_PrioInit)
    OS_PrioInsert                            0x08003acd   Thumb Code    32  os_prio.o(i.OS_PrioInsert)
    OS_PrioRemove                            0x08003af1   Thumb Code    32  os_prio.o(i.OS_PrioRemove)
    OS_QInit                                 0x08003b15   Thumb Code    14  os_q.o(i.OS_QInit)
    OS_QPost                                 0x08003b2d   Thumb Code   382  os_q.o(i.OS_QPost)
    OS_RdyListInit                           0x08003cb5   Thumb Code    32  os_core.o(i.OS_RdyListInit)
    OS_RdyListInsert                         0x08003cd9   Thumb Code    40  os_core.o(i.OS_RdyListInsert)
    OS_RdyListInsertHead                     0x08003d05   Thumb Code    58  os_core.o(i.OS_RdyListInsertHead)
    OS_RdyListInsertTail                     0x08003d45   Thumb Code    56  os_core.o(i.OS_RdyListInsertTail)
    OS_RdyListMoveHeadToTail                 0x08003d81   Thumb Code    68  os_core.o(i.OS_RdyListMoveHeadToTail)
    OS_RdyListRemove                         0x08003dc5   Thumb Code    86  os_core.o(i.OS_RdyListRemove)
    OS_Sched0                                0x08003e21   Thumb Code    72  os_core.o(i.OS_Sched0)
    OS_SchedLockTimeMeasStart                0x08003e7d   Thumb Code    20  os_core.o(i.OS_SchedLockTimeMeasStart)
    OS_SchedLockTimeMeasStop                 0x08003e99   Thumb Code    44  os_core.o(i.OS_SchedLockTimeMeasStop)
    OS_SchedRoundRobin                       0x08003ed5   Thumb Code   218  os_core.o(i.OS_SchedRoundRobin)
    OS_SemDbgListAdd                         0x08003fc1   Thumb Code    38  os_sem.o(i.OS_SemDbgListAdd)
    OS_SemInit                               0x08003ff1   Thumb Code    14  os_sem.o(i.OS_SemInit)
    OS_SemPost                               0x08004009   Thumb Code   404  os_sem.o(i.OS_SemPost)
    OS_StatTask                              0x080041a1   Thumb Code   570  os_stat.o(i.OS_StatTask)
    OS_StatTaskInit                          0x08004411   Thumb Code   136  os_stat.o(i.OS_StatTaskInit)
    OS_TaskBlock                             0x080044dd   Thumb Code    56  os_core.o(i.OS_TaskBlock)
    OS_TaskDbgListAdd                        0x08004515   Thumb Code    42  os_task.o(i.OS_TaskDbgListAdd)
    OS_TaskDbgListRemove                     0x08004545   Thumb Code    64  os_task.o(i.OS_TaskDbgListRemove)
    OS_TaskInit                              0x08004589   Thumb Code    18  os_task.o(i.OS_TaskInit)
    OS_TaskInitTCB                           0x080045a9   Thumb Code   196  os_task.o(i.OS_TaskInitTCB)
    OS_TaskQPost                             0x08004679   Thumb Code   606  os_task.o(i.OS_TaskQPost)
    OS_TaskRdy                               0x080048e5   Thumb Code    28  os_core.o(i.OS_TaskRdy)
    OS_TaskReturn                            0x08004901   Thumb Code    20  os_task.o(i.OS_TaskReturn)
    OS_TaskSemPost                           0x08004919   Thumb Code  1012  os_task.o(i.OS_TaskSemPost)
    OS_TickListInit                          0x08004d19   Thumb Code    32  os_tick.o(i.OS_TickListInit)
    OS_TickListInsert                        0x08004d41   Thumb Code   430  os_tick.o(i.OS_TickListInsert)
    OS_TickListRemove                        0x08004efd   Thumb Code    56  os_tick.o(i.OS_TickListRemove)
    OS_TickListResetPeak                     0x08004f35   Thumb Code    28  os_tick.o(i.OS_TickListResetPeak)
    OS_TickListUpdate                        0x08004f59   Thumb Code   520  os_tick.o(i.OS_TickListUpdate)
    OS_TickTask                              0x08005179   Thumb Code    38  os_tick.o(i.OS_TickTask)
    OS_TickTaskInit                          0x080051a5   Thumb Code    92  os_tick.o(i.OS_TickTaskInit)
    OS_TmrInit                               0x08005235   Thumb Code   206  os_tmr.o(i.OS_TmrInit)
    OS_TmrLink                               0x0800535d   Thumb Code   196  os_tmr.o(i.OS_TmrLink)
    OS_TmrResetPeak                          0x0800542d   Thumb Code    28  os_tmr.o(i.OS_TmrResetPeak)
    OS_TmrTask                               0x08005451   Thumb Code   176  os_tmr.o(i.OS_TmrTask)
    OS_TmrUnlink                             0x08005511   Thumb Code    72  os_tmr.o(i.OS_TmrUnlink)
    RCC_AHBPeriphClockCmd                    0x08005561   Thumb Code    26  stm32f10x_rcc.o(i.RCC_AHBPeriphClockCmd)
    RCC_APB1PeriphClockCmd                   0x08005581   Thumb Code    26  stm32f10x_rcc.o(i.RCC_APB1PeriphClockCmd)
    RCC_APB1PeriphResetCmd                   0x080055a1   Thumb Code    26  stm32f10x_rcc.o(i.RCC_APB1PeriphResetCmd)
    RCC_APB2PeriphClockCmd                   0x080055c1   Thumb Code    26  stm32f10x_rcc.o(i.RCC_APB2PeriphClockCmd)
    RCC_GetClocksFreq                        0x080055e1   Thumb Code   192  stm32f10x_rcc.o(i.RCC_GetClocksFreq)
    ReadUnit                                 0x080056b5   Thumb Code    38  i2s.o(i.ReadUnit)
    SPI3_init                                0x080056dd   Thumb Code   166  spi_flash.o(i.SPI3_init)
    SPI_Cmd                                  0x08005795   Thumb Code    24  stm32f10x_spi.o(i.SPI_Cmd)
    SPI_I2S_DMACmd                           0x080057ad   Thumb Code    18  stm32f10x_spi.o(i.SPI_I2S_DMACmd)
    SPI_I2S_GetFlagStatus                    0x080057bf   Thumb Code    18  stm32f10x_spi.o(i.SPI_I2S_GetFlagStatus)
    SPI_I2S_ReceiveData                      0x080057d1   Thumb Code     6  stm32f10x_spi.o(i.SPI_I2S_ReceiveData)
    SPI_I2S_SendData                         0x080057d7   Thumb Code     4  stm32f10x_spi.o(i.SPI_I2S_SendData)
    SPI_Init                                 0x080057db   Thumb Code    60  stm32f10x_spi.o(i.SPI_Init)
    SystemInit                               0x08005901   Thumb Code    78  system_stm32f10x.o(i.SystemInit)
    TIM3_IRQHandler                          0x08005961   Thumb Code    40  trigger.o(i.TIM3_IRQHandler)
    TIM3_Int_Init                            0x08005991   Thumb Code    82  trigger.o(i.TIM3_Int_Init)
    TIM5_PWM_Init                            0x080059e9   Thumb Code   130  38k.o(i.TIM5_PWM_Init)
    TIM_ClearITPendingBit                    0x08005a75   Thumb Code     6  stm32f10x_tim.o(i.TIM_ClearITPendingBit)
    TIM_Cmd                                  0x08005a7b   Thumb Code    24  stm32f10x_tim.o(i.TIM_Cmd)
    TIM_CtrlPWMOutputs                       0x08005a93   Thumb Code    30  stm32f10x_tim.o(i.TIM_CtrlPWMOutputs)
    TIM_GetITStatus                          0x08005ab1   Thumb Code    34  stm32f10x_tim.o(i.TIM_GetITStatus)
    TIM_ITConfig                             0x08005ad3   Thumb Code    18  stm32f10x_tim.o(i.TIM_ITConfig)
    TIM_OC2Init                              0x08005ae5   Thumb Code   154  stm32f10x_tim.o(i.TIM_OC2Init)
    TIM_OC4Init                              0x08005b89   Thumb Code   114  stm32f10x_tim.o(i.TIM_OC4Init)
    TIM_OC4PreloadConfig                     0x08005c05   Thumb Code    26  stm32f10x_tim.o(i.TIM_OC4PreloadConfig)
    TIM_PWM_Init                             0x08005c21   Thumb Code   136  beep.o(i.TIM_PWM_Init)
    TIM_TimeBaseInit                         0x08005cb1   Thumb Code   122  stm32f10x_tim.o(i.TIM_TimeBaseInit)
    USART1_IRQHandler                        0x08005d55   Thumb Code    76  usart.o(i.USART1_IRQHandler)
    USART2_IRQHandler                        0x08005db1   Thumb Code    76  usart.o(i.USART2_IRQHandler)
    USART_Cmd                                0x08005e0d   Thumb Code    24  stm32f10x_usart.o(i.USART_Cmd)
    USART_GetFlagStatus                      0x08005e25   Thumb Code    26  stm32f10x_usart.o(i.USART_GetFlagStatus)
    USART_GetITStatus                        0x08005e3f   Thumb Code    84  stm32f10x_usart.o(i.USART_GetITStatus)
    USART_ITConfig                           0x08005e93   Thumb Code    74  stm32f10x_usart.o(i.USART_ITConfig)
    USART_Init                               0x08005edd   Thumb Code   210  stm32f10x_usart.o(i.USART_Init)
    USART_ReceiveData                        0x08005fb5   Thumb Code    10  stm32f10x_usart.o(i.USART_ReceiveData)
    USART_SendData                           0x08005fbf   Thumb Code     8  stm32f10x_usart.o(i.USART_SendData)
    WaveParsing                              0x08005fc9   Thumb Code   386  i2s.o(i.WaveParsing)
    __0sprintf$3                             0x0800616d   Thumb Code    34  printf3.o(i.__0sprintf$3)
    __1sprintf$3                             0x0800616d   Thumb Code     0  printf3.o(i.__0sprintf$3)
    __2sprintf                               0x0800616d   Thumb Code     0  printf3.o(i.__0sprintf$3)
    __scatterload_copy                       0x08006195   Thumb Code    14  handlers.o(i.__scatterload_copy)
    __scatterload_null                       0x080061a3   Thumb Code     2  handlers.o(i.__scatterload_null)
    __scatterload_zeroinit                   0x080061a5   Thumb Code    14  handlers.o(i.__scatterload_zeroinit)
    beep_init                                0x080063d5   Thumb Code    16  beep.o(i.beep_init)
    bulet_Read                               0x080063e5   Thumb Code    20  bulet_box.o(i.bulet_Read)
    bulet_Write                              0x080063fd   Thumb Code    16  bulet_box.o(i.bulet_Write)
    bulet_box_init                           0x08006411   Thumb Code    32  bulet_box.o(i.bulet_box_init)
    bus_recieve                              0x08006439   Thumb Code    10  bus.o(i.bus_recieve)
    bus_send                                 0x08006449   Thumb Code    18  bus.o(i.bus_send)
    bus_send_string                          0x08006461   Thumb Code    32  esp8266.o(i.bus_send_string)
    close_conn                               0x080064fd   Thumb Code    18  esp8266.o(i.close_conn)
    connect_ap                               0x08006521   Thumb Code    28  esp8266.o(i.connect_ap)
    disable_esp8266                          0x08006559   Thumb Code    14  esp8266.o(i.disable_esp8266)
    e2prom_init                              0x0800656d   Thumb Code     2  e2prom.o(i.e2prom_init)
    enbale_esp8266                           0x08006571   Thumb Code    14  esp8266.o(i.enbale_esp8266)
    esp8266_init                             0x08006585   Thumb Code   142  esp8266.o(i.esp8266_init)
    flash_bytes_read                         0x08006645   Thumb Code   102  spi_flash.o(i.flash_bytes_read)
    get_buletLeft                            0x080066b5   Thumb Code    24  bulet_box.o(i.get_buletLeft)
    get_mode                                 0x08006759   Thumb Code     6  trigger.o(i.get_mode)
    get_power                                0x0800675f   Thumb Code     4  power.o(i.get_power)
    i2c_init                                 0x08006765   Thumb Code   712  i2c.o(i.i2c_init)
    is_bolt_on                               0x08006a8b   Thumb Code     4  trigger.o(i.is_bolt_on)
    key_get_fresh_status                     0x08006a91   Thumb Code    14  key.o(i.key_get_fresh_status)
    key_get_ip_suffix                        0x08006aa9   Thumb Code    14  key.o(i.key_get_ip_suffix)
    key_get_sn                               0x08006abd   Thumb Code    16  key.o(i.key_get_sn)
    key_init                                 0x08006ad1   Thumb Code   168  key.o(i.key_init)
    led_38k_init                             0x08006c51   Thumb Code    16  38k.o(i.led_38k_init)
    led_off                                  0x08006c61   Thumb Code    34  led.o(i.led_off)
    led_uart_init                            0x08006c8d   Thumb Code    92  38k.o(i.led_uart_init)
    main                                     0x08006cf1   Thumb Code    70  main.o(i.main)
    main_loop                                0x08006d55   Thumb Code   138  gun.o(i.main_loop)
    mutex_init                               0x08006de9   Thumb Code    18  mutex.o(i.mutex_init)
    mutex_lock                               0x08006e09   Thumb Code    22  mutex.o(i.mutex_lock)
    mutex_unlock                             0x08006e1f   Thumb Code    16  mutex.o(i.mutex_unlock)
    ping                                     0x08006f91   Thumb Code   142  esp8266.o(i.ping)
    recv_data                                0x08007061   Thumb Code   152  esp8266.o(i.recv_data)
    red_led_on                               0x080071d1   Thumb Code    20  led.o(i.red_led_on)
    reduce_bulet                             0x080071e9   Thumb Code    26  bulet_box.o(i.reduce_bulet)
    register_bus                             0x08007205   Thumb Code     8  bus.o(i.register_bus)
    reset_buffer                             0x08007211   Thumb Code    10  usart.o(i.reset_buffer)
    reset_esp8266                            0x08007225   Thumb Code   136  esp8266.o(i.reset_esp8266)
    reset_rx_buffer1                         0x080072b1   Thumb Code    10  usart.o(i.reset_rx_buffer1)
    send_charcode                            0x080072c5   Thumb Code   118  38k.o(i.send_charcode)
    send_data                                0x08007345   Thumb Code   216  esp8266.o(i.send_data)
    set_auto_conn                            0x08007471   Thumb Code    22  esp8266.o(i.set_auto_conn)
    set_buletLeft                            0x080074a1   Thumb Code    20  bulet_box.o(i.set_buletLeft)
    set_echo                                 0x080074b5   Thumb Code    26  esp8266.o(i.set_echo)
    set_ip                                   0x080074dd   Thumb Code    22  esp8266.o(i.set_ip)
    set_mode                                 0x0800750d   Thumb Code    22  esp8266.o(i.set_mode)
    set_mux                                  0x08007539   Thumb Code    22  esp8266.o(i.set_mux)
    spi_read_byte                            0x08007565   Thumb Code    10  spi_flash.o(i.spi_read_byte)
    spi_write_byte                           0x08007571   Thumb Code    58  spi_flash.o(i.spi_write_byte)
    startup_motor                            0x08007605   Thumb Code    22  trigger.o(i.startup_motor)
    trigger_get_status                       0x08007625   Thumb Code   114  trigger.o(i.trigger_get_status)
    trigger_handle                           0x080076a1   Thumb Code    40  trigger.o(i.trigger_handle)
    trigger_init                             0x080076c9   Thumb Code   114  trigger.o(i.trigger_init)
    uart4_putchar                            0x08007749   Thumb Code    28  38k.o(i.uart4_putchar)
    uart_inint                               0x08007769   Thumb Code   280  usart.o(i.uart_inint)
    udp_close                                0x0800789d   Thumb Code    22  esp8266.o(i.udp_close)
    udp_setup                                0x080078cd   Thumb Code   116  esp8266.o(i.udp_setup)
    usb_uart_putc                            0x08007aad   Thumb Code    28  usart.o(i.usb_uart_putc)
    wav_play_up                              0x08007b29   Thumb Code   110  i2s.o(i.wav_play_up)
    wav_pre_read                             0x08007bbd   Thumb Code    62  i2s.o(i.wav_pre_read)
    wifi_uart_putc                           0x08007c19   Thumb Code    28  usart.o(i.wifi_uart_putc)
    wifi_uart_recieve1                       0x08007c79   Thumb Code    52  usart.o(i.wifi_uart_recieve1)
    work_esp8266                             0x08007cd1   Thumb Code    14  esp8266.o(i.work_esp8266)
    yellow_led_on                            0x08007ce5   Thumb Code    18  led.o(i.yellow_led_on)
    OSCfg_IdleTaskStkBasePtr                 0x08007d24   Data           4  os_cfg_app.o(.constdata)
    OSCfg_IdleTaskStkLimit                   0x08007d28   Data           4  os_cfg_app.o(.constdata)
    OSCfg_IdleTaskStkSize                    0x08007d2c   Data           4  os_cfg_app.o(.constdata)
    OSCfg_IdleTaskStkSizeRAM                 0x08007d30   Data           4  os_cfg_app.o(.constdata)
    OSCfg_IntQBasePtr                        0x08007d34   Data           4  os_cfg_app.o(.constdata)
    OSCfg_IntQSize                           0x08007d38   Data           2  os_cfg_app.o(.constdata)
    OSCfg_IntQSizeRAM                        0x08007d3c   Data           4  os_cfg_app.o(.constdata)
    OSCfg_IntQTaskStkBasePtr                 0x08007d40   Data           4  os_cfg_app.o(.constdata)
    OSCfg_IntQTaskStkLimit                   0x08007d44   Data           4  os_cfg_app.o(.constdata)
    OSCfg_IntQTaskStkSize                    0x08007d48   Data           4  os_cfg_app.o(.constdata)
    OSCfg_IntQTaskStkSizeRAM                 0x08007d4c   Data           4  os_cfg_app.o(.constdata)
    OSCfg_ISRStkBasePtr                      0x08007d50   Data           4  os_cfg_app.o(.constdata)
    OSCfg_ISRStkSize                         0x08007d54   Data           4  os_cfg_app.o(.constdata)
    OSCfg_ISRStkSizeRAM                      0x08007d58   Data           4  os_cfg_app.o(.constdata)
    OSCfg_MsgPoolSize                        0x08007d5c   Data           2  os_cfg_app.o(.constdata)
    OSCfg_MsgPoolSizeRAM                     0x08007d60   Data           4  os_cfg_app.o(.constdata)
    OSCfg_MsgPoolBasePtr                     0x08007d64   Data           4  os_cfg_app.o(.constdata)
    OSCfg_StatTaskPrio                       0x08007d68   Data           1  os_cfg_app.o(.constdata)
    OSCfg_StatTaskRate_Hz                    0x08007d6c   Data           4  os_cfg_app.o(.constdata)
    OSCfg_StatTaskStkBasePtr                 0x08007d70   Data           4  os_cfg_app.o(.constdata)
    OSCfg_StatTaskStkLimit                   0x08007d74   Data           4  os_cfg_app.o(.constdata)
    OSCfg_StatTaskStkSize                    0x08007d78   Data           4  os_cfg_app.o(.constdata)
    OSCfg_StatTaskStkSizeRAM                 0x08007d7c   Data           4  os_cfg_app.o(.constdata)
    OSCfg_StkSizeMin                         0x08007d80   Data           4  os_cfg_app.o(.constdata)
    OSCfg_TickRate_Hz                        0x08007d84   Data           4  os_cfg_app.o(.constdata)
    OSCfg_TickTaskPrio                       0x08007d88   Data           1  os_cfg_app.o(.constdata)
    OSCfg_TickTaskStkBasePtr                 0x08007d8c   Data           4  os_cfg_app.o(.constdata)
    OSCfg_TickTaskStkLimit                   0x08007d90   Data           4  os_cfg_app.o(.constdata)
    OSCfg_TickTaskStkSize                    0x08007d94   Data           4  os_cfg_app.o(.constdata)
    OSCfg_TickTaskStkSizeRAM                 0x08007d98   Data           4  os_cfg_app.o(.constdata)
    OSCfg_TickWheelSize                      0x08007d9c   Data           2  os_cfg_app.o(.constdata)
    OSCfg_TickWheelSizeRAM                   0x08007da0   Data           4  os_cfg_app.o(.constdata)
    OSCfg_TmrTaskPrio                        0x08007da4   Data           1  os_cfg_app.o(.constdata)
    OSCfg_TmrTaskRate_Hz                     0x08007da8   Data           4  os_cfg_app.o(.constdata)
    OSCfg_TmrTaskStkBasePtr                  0x08007dac   Data           4  os_cfg_app.o(.constdata)
    OSCfg_TmrTaskStkLimit                    0x08007db0   Data           4  os_cfg_app.o(.constdata)
    OSCfg_TmrTaskStkSize                     0x08007db4   Data           4  os_cfg_app.o(.constdata)
    OSCfg_TmrTaskStkSizeRAM                  0x08007db8   Data           4  os_cfg_app.o(.constdata)
    OSCfg_TmrWheelSize                       0x08007dbc   Data           2  os_cfg_app.o(.constdata)
    OSCfg_TmrWheelSizeRAM                    0x08007dc0   Data           4  os_cfg_app.o(.constdata)
    OSCfg_DataSizeRAM                        0x08007dc4   Data           4  os_cfg_app.o(.constdata)
    OSDbg_DbgEn                              0x08007dc8   Data           2  os_dbg.o(.constdata)
    OSDbg_ArgChkEn                           0x08007dca   Data           1  os_dbg.o(.constdata)
    OSDbg_AppHooksEn                         0x08007dcb   Data           1  os_dbg.o(.constdata)
    OSDbg_EndiannessTest                     0x08007dcc   Data           4  os_dbg.o(.constdata)
    OSDbg_CalledFromISRChkEn                 0x08007dd0   Data           1  os_dbg.o(.constdata)
    OSDbg_FlagEn                             0x08007dd1   Data           1  os_dbg.o(.constdata)
    OSDbg_FlagGrp                            0x08007dd4   Data          40  os_dbg.o(.constdata)
    OSDbg_FlagDelEn                          0x08007dfc   Data           1  os_dbg.o(.constdata)
    OSDbg_FlagModeClrEn                      0x08007dfd   Data           1  os_dbg.o(.constdata)
    OSDbg_FlagPendAbortEn                    0x08007dfe   Data           1  os_dbg.o(.constdata)
    OSDbg_FlagGrpSize                        0x08007e00   Data           2  os_dbg.o(.constdata)
    OSDbg_FlagWidth                          0x08007e02   Data           2  os_dbg.o(.constdata)
    OSDbg_IntQ                               0x08007e04   Data           2  os_dbg.o(.constdata)
    OSDbg_ISRPostDeferredEn                  0x08007e06   Data           1  os_dbg.o(.constdata)
    OSDbg_Mem                                0x08007e08   Data          32  os_dbg.o(.constdata)
    OSDbg_MemEn                              0x08007e28   Data           1  os_dbg.o(.constdata)
    OSDbg_MemSize                            0x08007e2a   Data           2  os_dbg.o(.constdata)
    OSDbg_MsgEn                              0x08007e2c   Data           1  os_dbg.o(.constdata)
    OSDbg_MsgSize                            0x08007e2e   Data           2  os_dbg.o(.constdata)
    OSDbg_MsgPoolSize                        0x08007e30   Data           2  os_dbg.o(.constdata)
    OSDbg_MsgQSize                           0x08007e32   Data           2  os_dbg.o(.constdata)
    OSDbg_Mutex                              0x08007e34   Data          44  os_dbg.o(.constdata)
    OSDbg_MutexEn                            0x08007e60   Data           1  os_dbg.o(.constdata)
    OSDbg_MutexDelEn                         0x08007e61   Data           1  os_dbg.o(.constdata)
    OSDbg_MutexPendAbortEn                   0x08007e62   Data           1  os_dbg.o(.constdata)
    OSDbg_MutexSize                          0x08007e64   Data           2  os_dbg.o(.constdata)
    OSDbg_ObjTypeChkEn                       0x08007e66   Data           1  os_dbg.o(.constdata)
    OSDbg_PendMultiEn                        0x08007e67   Data           1  os_dbg.o(.constdata)
    OSDbg_PendDataSize                       0x08007e68   Data           2  os_dbg.o(.constdata)
    OSDbg_PendListSize                       0x08007e6a   Data           2  os_dbg.o(.constdata)
    OSDbg_PendObjSize                        0x08007e6c   Data           2  os_dbg.o(.constdata)
    OSDbg_PrioMax                            0x08007e6e   Data           2  os_dbg.o(.constdata)
    OSDbg_PrioTblSize                        0x08007e70   Data           2  os_dbg.o(.constdata)
    OSDbg_PtrSize                            0x08007e72   Data           2  os_dbg.o(.constdata)
    OSDbg_Q                                  0x08007e74   Data          48  os_dbg.o(.constdata)
    OSDbg_QEn                                0x08007ea4   Data           1  os_dbg.o(.constdata)
    OSDbg_QDelEn                             0x08007ea5   Data           1  os_dbg.o(.constdata)
    OSDbg_QFlushEn                           0x08007ea6   Data           1  os_dbg.o(.constdata)
    OSDbg_QPendAbortEn                       0x08007ea7   Data           1  os_dbg.o(.constdata)
    OSDbg_QSize                              0x08007ea8   Data           2  os_dbg.o(.constdata)
    OSDbg_SchedRoundRobinEn                  0x08007eaa   Data           1  os_dbg.o(.constdata)
    OSDbg_Sem                                0x08007eac   Data          40  os_dbg.o(.constdata)
    OSDbg_SemEn                              0x08007ed4   Data           1  os_dbg.o(.constdata)
    OSDbg_SemDelEn                           0x08007ed5   Data           1  os_dbg.o(.constdata)
    OSDbg_SemPendAbortEn                     0x08007ed6   Data           1  os_dbg.o(.constdata)
    OSDbg_SemSetEn                           0x08007ed7   Data           1  os_dbg.o(.constdata)
    OSDbg_SemSize                            0x08007ed8   Data           2  os_dbg.o(.constdata)
    OSDbg_RdyList                            0x08007eda   Data           2  os_dbg.o(.constdata)
    OSDbg_RdyListSize                        0x08007edc   Data           4  os_dbg.o(.constdata)
    OSDbg_StkWidth                           0x08007ee0   Data           1  os_dbg.o(.constdata)
    OSDbg_StatTaskEn                         0x08007ee1   Data           1  os_dbg.o(.constdata)
    OSDbg_StatTaskStkChkEn                   0x08007ee2   Data           1  os_dbg.o(.constdata)
    OSDbg_TaskChangePrioEn                   0x08007ee3   Data           1  os_dbg.o(.constdata)
    OSDbg_TaskDelEn                          0x08007ee4   Data           1  os_dbg.o(.constdata)
    OSDbg_TaskQEn                            0x08007ee5   Data           1  os_dbg.o(.constdata)
    OSDbg_TaskQPendAbortEn                   0x08007ee6   Data           1  os_dbg.o(.constdata)
    OSDbg_TaskProfileEn                      0x08007ee7   Data           1  os_dbg.o(.constdata)
    OSDbg_TaskRegTblSize                     0x08007ee8   Data           2  os_dbg.o(.constdata)
    OSDbg_TaskSemPendAbortEn                 0x08007eea   Data           1  os_dbg.o(.constdata)
    OSDbg_TaskSuspendEn                      0x08007eeb   Data           1  os_dbg.o(.constdata)
    OSDbg_TCBSize                            0x08007eec   Data           2  os_dbg.o(.constdata)
    OSDbg_TickSpokeSize                      0x08007eee   Data           2  os_dbg.o(.constdata)
    OSDbg_TimeDlyHMSMEn                      0x08007ef0   Data           1  os_dbg.o(.constdata)
    OSDbg_TimeDlyResumeEn                    0x08007ef1   Data           1  os_dbg.o(.constdata)
    OSDbg_Tmr                                0x08007ef4   Data          52  os_dbg.o(.constdata)
    OSDbg_TmrEn                              0x08007f28   Data           1  os_dbg.o(.constdata)
    OSDbg_TmrDelEn                           0x08007f29   Data           1  os_dbg.o(.constdata)
    OSDbg_TmrSize                            0x08007f2a   Data           2  os_dbg.o(.constdata)
    OSDbg_TmrSpokeSize                       0x08007f2c   Data           2  os_dbg.o(.constdata)
    OSDbg_VersionNbr                         0x08007f2e   Data           2  os_dbg.o(.constdata)
    OSDbg_DataSize                           0x08007f30   Data           4  os_dbg.o(.constdata)
    Region$$Table$$Base                      0x08007f34   Number         0  anon$$obj.o(Region$$Table)
    Region$$Table$$Limit                     0x08007f54   Number         0  anon$$obj.o(Region$$Table)
    WaveLen                                  0x20000010   Data           4  i2s.o(.data)
    g_WaveLen                                0x20000014   Data           4  i2s.o(.data)
    XferCplt                                 0x20000018   Data           4  i2s.o(.data)
    DataOffset                               0x2000001c   Data           4  i2s.o(.data)
    WaveCounter                              0x20000020   Data           4  i2s.o(.data)
    buffer_switch                            0x20000024   Data           1  i2s.o(.data)
    eeprom                                   0x20000036   Data          42  key.o(.data)
    voice_value                              0x20000060   Data           4  spi_flash.o(.data)
    spi_data                                 0x20000064   Data         256  spi_flash.o(.data)
    usb_uart_recv_hook                       0x20000178   Data           4  usart.o(.data)
    wifi_uart_recv_hook                      0x2000017c   Data           4  usart.o(.data)
    CPU_TS_TmrFreq_Hz                        0x20000194   Data           4  cpu_core.o(.data)
    CPU_IntDisMeasCtr                        0x20000198   Data           2  cpu_core.o(.data)
    CPU_IntDisNestCtr                        0x2000019a   Data           2  cpu_core.o(.data)
    CPU_IntDisMeasStart_cnts                 0x2000019c   Data           4  cpu_core.o(.data)
    CPU_IntDisMeasStop_cnts                  0x200001a0   Data           4  cpu_core.o(.data)
    CPU_IntDisMeasOvrhd_cnts                 0x200001a4   Data           4  cpu_core.o(.data)
    CPU_IntDisMeasMaxCur_cnts                0x200001a8   Data           4  cpu_core.o(.data)
    CPU_IntDisMeasMax_cnts                   0x200001ac   Data           4  cpu_core.o(.data)
    OS_CPU_ExceptStkBase                     0x200001b0   Data           4  os_cpu_c.o(.data)
    OSPrioTbl                                0x200001b4   Data           8  os_prio.o(.data)
    OS_AppTaskCreateHookPtr                  0x200001bc   Data           4  os_var.o(.data)
    OS_AppTaskDelHookPtr                     0x200001c0   Data           4  os_var.o(.data)
    OS_AppTaskReturnHookPtr                  0x200001c4   Data           4  os_var.o(.data)
    OS_AppIdleTaskHookPtr                    0x200001c8   Data           4  os_var.o(.data)
    OS_AppStatTaskHookPtr                    0x200001cc   Data           4  os_var.o(.data)
    OS_AppTaskSwHookPtr                      0x200001d0   Data           4  os_var.o(.data)
    OS_AppTimeTickHookPtr                    0x200001d4   Data           4  os_var.o(.data)
    OSIdleTaskCtr                            0x200001d8   Data           4  os_var.o(.data)
    OSIntNestingCtr                          0x200001dc   Data           1  os_var.o(.data)
    OSIntDisTimeMax                          0x200001e0   Data           4  os_var.o(.data)
    OSRunning                                0x200001e4   Data           1  os_var.o(.data)
    OSIntQInPtr                              0x200001e8   Data           4  os_var.o(.data)
    OSIntQOutPtr                             0x200001ec   Data           4  os_var.o(.data)
    OSIntQNbrEntries                         0x200001f0   Data           2  os_var.o(.data)
    OSIntQMaxNbrEntries                      0x200001f2   Data           2  os_var.o(.data)
    OSIntQOvfCtr                             0x200001f4   Data           2  os_var.o(.data)
    OSIntQTaskTimeMax                        0x200001f8   Data           4  os_var.o(.data)
    OSFlagDbgListPtr                         0x200001fc   Data           4  os_var.o(.data)
    OSFlagQty                                0x20000200   Data           2  os_var.o(.data)
    OSMemDbgListPtr                          0x20000204   Data           4  os_var.o(.data)
    OSMemQty                                 0x20000208   Data           2  os_var.o(.data)
    OSMsgPool                                0x2000020c   Data           8  os_var.o(.data)
    OSMutexDbgListPtr                        0x20000214   Data           4  os_var.o(.data)
    OSMutexQty                               0x20000218   Data           2  os_var.o(.data)
    OSPrioCur                                0x2000021a   Data           1  os_var.o(.data)
    OSPrioHighRdy                            0x2000021b   Data           1  os_var.o(.data)
    OSPrioSaved                              0x2000021c   Data           1  os_var.o(.data)
    OSQDbgListPtr                            0x20000220   Data           4  os_var.o(.data)
    OSQQty                                   0x20000224   Data           2  os_var.o(.data)
    OSSchedLockTimeBegin                     0x20000228   Data           4  os_var.o(.data)
    OSSchedLockTimeMax                       0x2000022c   Data           4  os_var.o(.data)
    OSSchedLockTimeMaxCur                    0x20000230   Data           4  os_var.o(.data)
    OSSchedLockNestingCtr                    0x20000234   Data           1  os_var.o(.data)
    OSSchedRoundRobinDfltTimeQuanta          0x20000238   Data           4  os_var.o(.data)
    OSSchedRoundRobinEn                      0x2000023c   Data           1  os_var.o(.data)
    OSSemDbgListPtr                          0x20000240   Data           4  os_var.o(.data)
    OSSemQty                                 0x20000244   Data           2  os_var.o(.data)
    OSStatTaskCPUUsage                       0x20000246   Data           1  os_var.o(.data)
    OSStatTaskCtr                            0x20000248   Data           4  os_var.o(.data)
    OSStatTaskCtrMax                         0x2000024c   Data           4  os_var.o(.data)
    OSStatTaskCtrRun                         0x20000250   Data           4  os_var.o(.data)
    OSStatTaskRdy                            0x20000254   Data           1  os_var.o(.data)
    OSStatTaskTimeMax                        0x20000258   Data           4  os_var.o(.data)
    OSStatResetFlag                          0x2000025c   Data           1  os_var.o(.data)
    OSTaskCtxSwCtr                           0x20000260   Data           4  os_var.o(.data)
    OSTaskDbgListPtr                         0x20000264   Data           4  os_var.o(.data)
    OSTaskQty                                0x20000268   Data           2  os_var.o(.data)
    OSTickCtr                                0x2000026c   Data           4  os_var.o(.data)
    OSTickTaskTimeMax                        0x20000270   Data           4  os_var.o(.data)
    OSTmrDbgListPtr                          0x20000274   Data           4  os_var.o(.data)
    OSTmrQty                                 0x20000278   Data           2  os_var.o(.data)
    OSTmrTaskTimeMax                         0x2000027c   Data           4  os_var.o(.data)
    OSTmrTickCtr                             0x20000280   Data           4  os_var.o(.data)
    OSTmrUpdateCnt                           0x20000284   Data           4  os_var.o(.data)
    OSTmrUpdateCtr                           0x20000288   Data           4  os_var.o(.data)
    OSTCBCurPtr                              0x2000028c   Data           4  os_var.o(.data)
    OSTCBHighRdyPtr                          0x20000290   Data           4  os_var.o(.data)
    DMA_InitStructure                        0x20001c08   Data          44  i2s.o(.bss)
    buffer1                                  0x20001c5c   Data         512  i2s.o(.bss)
    buffer2                                  0x20001e5c   Data         512  i2s.o(.bss)
    WAVE_Format                              0x2000205c   Data          24  i2s.o(.bss)
    ip_map                                   0x20002074   Data         160  esp8266.o(.bss)
    OSCfg_IdleTaskStk                        0x200035d4   Data         512  os_cfg_app.o(.bss)
    OSCfg_IntQ                               0x200037d4   Data         320  os_cfg_app.o(.bss)
    OSCfg_IntQTaskStk                        0x20003914   Data         512  os_cfg_app.o(.bss)
    OSCfg_ISRStk                             0x20003b14   Data         512  os_cfg_app.o(.bss)
    OSCfg_MsgPool                            0x20003d14   Data        1600  os_cfg_app.o(.bss)
    OSCfg_StatTaskStk                        0x20004354   Data         512  os_cfg_app.o(.bss)
    OSCfg_TickTaskStk                        0x20004554   Data         512  os_cfg_app.o(.bss)
    OSCfg_TickWheel                          0x20004754   Data         104  os_cfg_app.o(.bss)
    OSCfg_TmrTaskStk                         0x200047bc   Data         512  os_cfg_app.o(.bss)
    OSCfg_TmrWheel                           0x200049bc   Data         104  os_cfg_app.o(.bss)
    OSIdleTaskTCB                            0x20004a28   Data         208  os_var.o(.bss)
    OSIntQTaskTCB                            0x20004af8   Data         208  os_var.o(.bss)
    OSRdyList                                0x20004bc8   Data         768  os_var.o(.bss)
    OSStatTaskTCB                            0x20004ec8   Data         208  os_var.o(.bss)
    OSTickTaskTCB                            0x20004f98   Data         208  os_var.o(.bss)
    OSTmrTaskTCB                             0x20005068   Data         208  os_var.o(.bss)
    __initial_sp                             0x20005538   Data           0  startup_stm32f10x_hd.o(STACK)



==============================================================================

Memory Map of the image

  Image Entry point : 0x08000131

  Load Region LR_IROM1 (Base: 0x08000000, Size: 0x000081e8, Max: 0x00080000, ABSOLUTE, COMPRESSED[0x00007fb4])

    Execution Region ER_IROM1 (Base: 0x08000000, Size: 0x00007f54, Max: 0x00080000, ABSOLUTE)

    Base Addr    Size         Type   Attr      Idx    E Section Name        Object

    0x08000000   0x00000130   Data   RO         4616    RESET               startup_stm32f10x_hd.o
    0x08000130   0x00000000   Code   RO         6460  * .ARM.Collect$$$$00000000  mc_w.l(entry.o)
    0x08000130   0x00000004   Code   RO         6800    .ARM.Collect$$$$00000001  mc_w.l(entry2.o)
    0x08000134   0x00000004   Code   RO         6803    .ARM.Collect$$$$00000004  mc_w.l(entry5.o)
    0x08000138   0x00000000   Code   RO         6805    .ARM.Collect$$$$00000008  mc_w.l(entry7b.o)
    0x08000138   0x00000000   Code   RO         6807    .ARM.Collect$$$$0000000A  mc_w.l(entry8b.o)
    0x08000138   0x00000008   Code   RO         6808    .ARM.Collect$$$$0000000B  mc_w.l(entry9a.o)
    0x08000140   0x00000000   Code   RO         6810    .ARM.Collect$$$$0000000D  mc_w.l(entry10a.o)
    0x08000140   0x00000000   Code   RO         6812    .ARM.Collect$$$$0000000F  mc_w.l(entry11a.o)
    0x08000140   0x00000004   Code   RO         6801    .ARM.Collect$$$$00002712  mc_w.l(entry2.o)
    0x08000144   0x00000024   Code   RO         4617    .text               startup_stm32f10x_hd.o
    0x08000168   0x0000002a   Code   RO         6436    .text               cpu_a.o
    0x08000192   0x00000002   PAD
    0x08000194   0x00000084   Code   RO         6439    .text               os_cpu_a.o
    0x08000218   0x00000062   Code   RO         6463    .text               mc_w.l(uldiv.o)
    0x0800027a   0x00000024   Code   RO         6469    .text               mc_w.l(memcpya.o)
    0x0800029e   0x00000024   Code   RO         6471    .text               mc_w.l(memseta.o)
    0x080002c2   0x0000000e   Code   RO         6473    .text               mc_w.l(strlen.o)
    0x080002d0   0x0000001e   Code   RO         6475    .text               mc_w.l(strncmp.o)
    0x080002ee   0x0000002c   Code   RO         6815    .text               mc_w.l(uidiv.o)
    0x0800031a   0x0000001e   Code   RO         6817    .text               mc_w.l(llshl.o)
    0x08000338   0x00000020   Code   RO         6819    .text               mc_w.l(llushr.o)
    0x08000358   0x00000024   Code   RO         6849    .text               mc_w.l(init.o)
    0x0800037c   0x00000056   Code   RO         6861    .text               mc_w.l(__dczerorl2.o)
    0x080003d2   0x00000002   PAD
    0x080003d4   0x000000ec   Code   RO          465    i.AUDIO_TransferComplete  i2s.o
    0x080004c0   0x00000028   Code   RO          205    i.AppTaskStart      main.o
    0x080004e8   0x00000040   Code   RO          466    i.Audio_MAL_Play    i2s.o
    0x08000528   0x00000010   Code   RO            1    i.BSP_CPU_ClkFreq   bsp.o
    0x08000538   0x0000003c   Code   RO            2    i.BSP_Init          bsp.o
    0x08000574   0x0000001c   Code   RO         4747    i.CPU_IntDisMeasMaxCalc  cpu_core.o
    0x08000590   0x0000002c   Code   RO         4748    i.CPU_IntDisMeasMaxCurGet  cpu_core.o
    0x080005bc   0x0000002c   Code   RO         4749    i.CPU_IntDisMeasMaxCurReset  cpu_core.o
    0x080005e8   0x0000002c   Code   RO         4750    i.CPU_IntDisMeasMaxGet  cpu_core.o
    0x08000614   0x00000034   Code   RO         4751    i.CPU_IntDisMeasStart  cpu_core.o
    0x08000648   0x00000054   Code   RO         4752    i.CPU_IntDisMeasStop  cpu_core.o
    0x0800069c   0x0000000c   Code   RO            4    i.CPU_TS_TmrRd      bsp.o
    0x080006a8   0x00000028   Code   RO          467    i.DMA1_Channel5_IRQHandler  i2s.o
    0x080006d0   0x0000001c   Code   RO         2339    i.DMA_ClearFlag     stm32f10x_dma.o
    0x080006ec   0x00000018   Code   RO         2341    i.DMA_Cmd           stm32f10x_dma.o
    0x08000704   0x0000002c   Code   RO         2344    i.DMA_GetFlagStatus  stm32f10x_dma.o
    0x08000730   0x00000084   Code   RO          468    i.DMA_I2S_Configuration  i2s.o
    0x080007b4   0x00000012   Code   RO         2346    i.DMA_ITConfig      stm32f10x_dma.o
    0x080007c6   0x0000003c   Code   RO         2347    i.DMA_Init          stm32f10x_dma.o
    0x08000802   0x00000002   PAD
    0x08000804   0x00000034   Code   RO         1199    i.FlashWaitBusy     spi_flash.o
    0x08000838   0x00000116   Code   RO         2777    i.GPIO_Init         stm32f10x_gpio.o
    0x0800094e   0x00000002   PAD
    0x08000950   0x00000090   Code   RO         2779    i.GPIO_PinRemapConfig  stm32f10x_gpio.o
    0x080009e0   0x00000012   Code   RO         2781    i.GPIO_ReadInputDataBit  stm32f10x_gpio.o
    0x080009f2   0x00000004   Code   RO         2784    i.GPIO_ResetBits    stm32f10x_gpio.o
    0x080009f6   0x00000004   Code   RO         2785    i.GPIO_SetBits      stm32f10x_gpio.o
    0x080009fa   0x0000000a   Code   RO         2788    i.GPIO_WriteBit     stm32f10x_gpio.o
    0x08000a04   0x000001e0   Code   RO          991    i.I2C1_EV_IRQHandler  i2c.o
    0x08000be4   0x00000018   Code   RO         2889    i.I2C_AcknowledgeConfig  stm32f10x_i2c.o
    0x08000bfc   0x00000018   Code   RO         2894    i.I2C_Cmd           stm32f10x_i2c.o
    0x08000c14   0x00000038   Code   RO         2897    i.I2C_DeInit        stm32f10x_i2c.o
    0x08000c4c   0x00000018   Code   RO         2901    i.I2C_GenerateSTART  stm32f10x_i2c.o
    0x08000c64   0x00000018   Code   RO         2902    i.I2C_GenerateSTOP  stm32f10x_i2c.o
    0x08000c7c   0x0000003a   Code   RO         2903    i.I2C_GetFlagStatus  stm32f10x_i2c.o
    0x08000cb6   0x0000001a   Code   RO         2905    i.I2C_GetLastEvent  stm32f10x_i2c.o
    0x08000cd0   0x00000012   Code   RO         2907    i.I2C_ITConfig      stm32f10x_i2c.o
    0x08000ce2   0x00000002   PAD
    0x08000ce4   0x000000ec   Code   RO         2908    i.I2C_Init          stm32f10x_i2c.o
    0x08000dd0   0x00000008   Code   RO         2913    i.I2C_ReceiveData   stm32f10x_i2c.o
    0x08000dd8   0x00000012   Code   RO         2915    i.I2C_Send7bitAddress  stm32f10x_i2c.o
    0x08000dea   0x00000004   Code   RO         2916    i.I2C_SendData      stm32f10x_i2c.o
    0x08000dee   0x00000016   Code   RO         2917    i.I2C_SoftwareResetCmd  stm32f10x_i2c.o
    0x08000e04   0x0000002c   Code   RO          469    i.I2S_Bus_Init      i2s.o
    0x08000e30   0x00000018   Code   RO         3679    i.I2S_Cmd           stm32f10x_spi.o
    0x08000e48   0x00000040   Code   RO          470    i.I2S_Freq_Config   i2s.o
    0x08000e88   0x0000006c   Code   RO          471    i.I2S_GPIO_Config   i2s.o
    0x08000ef4   0x000000e8   Code   RO         3680    i.I2S_Init          stm32f10x_spi.o
    0x08000fdc   0x00000038   Code   RO          472    i.I2S_Mode_Config   i2s.o
    0x08001014   0x0000001c   Code   RO          473    i.I2S_Stop          i2s.o
    0x08001030   0x0000006c   Code   RO         1108    i.LED_Init          led.o
    0x0800109c   0x00000070   Code   RO         1599    i.NVIC_Init         misc.o
    0x0800110c   0x00000014   Code   RO         1600    i.NVIC_PriorityGroupConfig  misc.o
    0x08001120   0x000000fc   Code   RO         5303    i.OSCfg_Init        os_cfg_app.o
    0x0800121c   0x00000014   Code   RO         5225    i.OSIdleTaskHook    os_cpu_c.o
    0x08001230   0x0000015c   Code   RO         5326    i.OSInit            os_core.o
    0x0800138c   0x00000020   Code   RO         5226    i.OSInitHook        os_cpu_c.o
    0x080013ac   0x0000002c   Code   RO         5327    i.OSIntEnter        os_core.o
    0x080013d8   0x000000e4   Code   RO         5328    i.OSIntExit         os_core.o
    0x080014bc   0x000000a8   Code   RO         5329    i.OSSched           os_core.o
    0x08001564   0x0000007c   Code   RO         5330    i.OSSchedLock       os_core.o
    0x080015e0   0x000000a0   Code   RO         5333    i.OSSchedUnlock     os_core.o
    0x08001680   0x00000088   Code   RO         5990    i.OSSemCreate       os_sem.o
    0x08001708   0x0000021c   Code   RO         5992    i.OSSemPend         os_sem.o
    0x08001924   0x00000070   Code   RO         5994    i.OSSemPost         os_sem.o
    0x08001994   0x00000068   Code   RO         5334    i.OSStart           os_core.o
    0x080019fc   0x000000f0   Code   RO         6062    i.OSStatReset       os_stat.o
    0x08001aec   0x00000014   Code   RO         5227    i.OSStatTaskHook    os_cpu_c.o
    0x08001b00   0x00000294   Code   RO         6093    i.OSTaskCreate      os_task.o
    0x08001d94   0x00000018   Code   RO         5228    i.OSTaskCreateHook  os_cpu_c.o
    0x08001dac   0x00000208   Code   RO         6094    i.OSTaskDel         os_task.o
    0x08001fb4   0x00000018   Code   RO         5229    i.OSTaskDelHook     os_cpu_c.o
    0x08001fcc   0x000001b8   Code   RO         6101    i.OSTaskResume      os_task.o
    0x08002184   0x00000018   Code   RO         5230    i.OSTaskReturnHook  os_cpu_c.o
    0x0800219c   0x00000234   Code   RO         6102    i.OSTaskSemPend     os_task.o
    0x080023d0   0x000000e4   Code   RO         6106    i.OSTaskStkChk      os_task.o
    0x080024b4   0x000000c0   Code   RO         5231    i.OSTaskStkInit     os_cpu_c.o
    0x08002574   0x000001c8   Code   RO         6107    i.OSTaskSuspend     os_task.o
    0x0800273c   0x000000ac   Code   RO         5232    i.OSTaskSwHook      os_cpu_c.o
    0x080027e8   0x00000150   Code   RO         6290    i.OSTimeDly         os_time.o
    0x08002938   0x0000022c   Code   RO         6291    i.OSTimeDlyHMSM     os_time.o
    0x08002b64   0x00000044   Code   RO         6295    i.OSTimeTick        os_time.o
    0x08002ba8   0x00000014   Code   RO         5233    i.OSTimeTickHook    os_cpu_c.o
    0x08002bbc   0x00000040   Code   RO         5234    i.OS_CPU_SysTickHandler  os_cpu_c.o
    0x08002bfc   0x00000030   Code   RO         5235    i.OS_CPU_SysTickInit  os_cpu_c.o
    0x08002c2c   0x000001b0   Code   RO         5572    i.OS_Dbg_Init       os_dbg.o
    0x08002ddc   0x00000018   Code   RO         5597    i.OS_FlagInit       os_flag.o
    0x08002df4   0x0000027c   Code   RO         5598    i.OS_FlagPost       os_flag.o
    0x08003070   0x00000056   Code   RO         5599    i.OS_FlagTaskRdy    os_flag.o
    0x080030c6   0x00000002   PAD
    0x080030c8   0x0000004c   Code   RO         5336    i.OS_IdleTask       os_core.o
    0x08003114   0x00000070   Code   RO         5337    i.OS_IdleTaskInit   os_core.o
    0x08003184   0x00000100   Code   RO         5671    i.OS_IntQPost       os_int.o
    0x08003284   0x00000174   Code   RO         5672    i.OS_IntQRePost     os_int.o
    0x080033f8   0x000000a8   Code   RO         5673    i.OS_IntQTask       os_int.o
    0x080034a0   0x00000128   Code   RO         5674    i.OS_IntQTaskInit   os_int.o
    0x080035c8   0x00000018   Code   RO         5705    i.OS_MemInit        os_mem.o
    0x080035e0   0x00000036   Code   RO         5738    i.OS_MsgPoolCreate  os_msg.o
    0x08003616   0x00000002   PAD
    0x08003618   0x00000050   Code   RO         5739    i.OS_MsgPoolInit    os_msg.o
    0x08003668   0x00000044   Code   RO         5741    i.OS_MsgQFreeAll    os_msg.o
    0x080036ac   0x0000000e   Code   RO         5743    i.OS_MsgQInit       os_msg.o
    0x080036ba   0x00000002   PAD
    0x080036bc   0x000000dc   Code   RO         5744    i.OS_MsgQPut        os_msg.o
    0x08003798   0x00000018   Code   RO         5799    i.OS_MutexInit      os_mutex.o
    0x080037b0   0x00000068   Code   RO         5338    i.OS_Pend           os_core.o
    0x08003818   0x00000026   Code   RO         5341    i.OS_PendDataInit   os_core.o
    0x0800383e   0x00000002   PAD
    0x08003840   0x0000005c   Code   RO         5342    i.OS_PendDbgNameAdd  os_core.o
    0x0800389c   0x00000024   Code   RO         5343    i.OS_PendDbgNameRemove  os_core.o
    0x080038c0   0x0000000a   Code   RO         5345    i.OS_PendListInit   os_core.o
    0x080038ca   0x00000066   Code   RO         5347    i.OS_PendListInsertPrio  os_core.o
    0x08003930   0x00000030   Code   RO         5348    i.OS_PendListRemove  os_core.o
    0x08003960   0x00000042   Code   RO         5349    i.OS_PendListRemove1  os_core.o
    0x080039a2   0x000000c0   Code   RO         5352    i.OS_Post           os_core.o
    0x08003a62   0x0000002a   Code   RO         5353    i.OS_Post1          os_core.o
    0x08003a8c   0x00000028   Code   RO         5881    i.OS_PrioGetHighest  os_prio.o
    0x08003ab4   0x00000018   Code   RO         5882    i.OS_PrioInit       os_prio.o
    0x08003acc   0x00000024   Code   RO         5883    i.OS_PrioInsert     os_prio.o
    0x08003af0   0x00000024   Code   RO         5884    i.OS_PrioRemove     os_prio.o
    0x08003b14   0x00000018   Code   RO         5927    i.OS_QInit          os_q.o
    0x08003b2c   0x00000188   Code   RO         5928    i.OS_QPost          os_q.o
    0x08003cb4   0x00000024   Code   RO         5354    i.OS_RdyListInit    os_core.o
    0x08003cd8   0x0000002c   Code   RO         5355    i.OS_RdyListInsert  os_core.o
    0x08003d04   0x00000040   Code   RO         5356    i.OS_RdyListInsertHead  os_core.o
    0x08003d44   0x0000003c   Code   RO         5357    i.OS_RdyListInsertTail  os_core.o
    0x08003d80   0x00000044   Code   RO         5358    i.OS_RdyListMoveHeadToTail  os_core.o
    0x08003dc4   0x0000005c   Code   RO         5359    i.OS_RdyListRemove  os_core.o
    0x08003e20   0x0000005c   Code   RO         5360    i.OS_Sched0         os_core.o
    0x08003e7c   0x0000001c   Code   RO         5361    i.OS_SchedLockTimeMeasStart  os_core.o
    0x08003e98   0x0000003c   Code   RO         5362    i.OS_SchedLockTimeMeasStop  os_core.o
    0x08003ed4   0x000000ec   Code   RO         5363    i.OS_SchedRoundRobin  os_core.o
    0x08003fc0   0x00000030   Code   RO         5997    i.OS_SemDbgListAdd  os_sem.o
    0x08003ff0   0x00000018   Code   RO         5999    i.OS_SemInit        os_sem.o
    0x08004008   0x00000198   Code   RO         6000    i.OS_SemPost        os_sem.o
    0x080041a0   0x00000270   Code   RO         6064    i.OS_StatTask       os_stat.o
    0x08004410   0x000000cc   Code   RO         6065    i.OS_StatTaskInit   os_stat.o
    0x080044dc   0x00000038   Code   RO         5364    i.OS_TaskBlock      os_core.o
    0x08004514   0x00000030   Code   RO         6109    i.OS_TaskDbgListAdd  os_task.o
    0x08004544   0x00000044   Code   RO         6110    i.OS_TaskDbgListRemove  os_task.o
    0x08004588   0x00000020   Code   RO         6111    i.OS_TaskInit       os_task.o
    0x080045a8   0x000000d0   Code   RO         6112    i.OS_TaskInitTCB    os_task.o
    0x08004678   0x0000026c   Code   RO         6113    i.OS_TaskQPost      os_task.o
    0x080048e4   0x0000001c   Code   RO         5365    i.OS_TaskRdy        os_core.o
    0x08004900   0x00000018   Code   RO         6114    i.OS_TaskReturn     os_task.o
    0x08004918   0x00000400   Code   RO         6115    i.OS_TaskSemPost    os_task.o
    0x08004d18   0x00000028   Code   RO         6242    i.OS_TickListInit   os_tick.o
    0x08004d40   0x000001bc   Code   RO         6243    i.OS_TickListInsert  os_tick.o
    0x08004efc   0x00000038   Code   RO         6244    i.OS_TickListRemove  os_tick.o
    0x08004f34   0x00000024   Code   RO         6245    i.OS_TickListResetPeak  os_tick.o
    0x08004f58   0x00000220   Code   RO         6246    i.OS_TickListUpdate  os_tick.o
    0x08005178   0x0000002c   Code   RO         6247    i.OS_TickTask       os_tick.o
    0x080051a4   0x00000090   Code   RO         6248    i.OS_TickTaskInit   os_tick.o
    0x08005234   0x00000128   Code   RO         6341    i.OS_TmrInit        os_tmr.o
    0x0800535c   0x000000d0   Code   RO         6342    i.OS_TmrLink        os_tmr.o
    0x0800542c   0x00000024   Code   RO         6343    i.OS_TmrResetPeak   os_tmr.o
    0x08005450   0x000000c0   Code   RO         6344    i.OS_TmrTask        os_tmr.o
    0x08005510   0x00000050   Code   RO         6345    i.OS_TmrUnlink      os_tmr.o
    0x08005560   0x00000020   Code   RO         3198    i.RCC_AHBPeriphClockCmd  stm32f10x_rcc.o
    0x08005580   0x00000020   Code   RO         3199    i.RCC_APB1PeriphClockCmd  stm32f10x_rcc.o
    0x080055a0   0x00000020   Code   RO         3200    i.RCC_APB1PeriphResetCmd  stm32f10x_rcc.o
    0x080055c0   0x00000020   Code   RO         3201    i.RCC_APB2PeriphClockCmd  stm32f10x_rcc.o
    0x080055e0   0x000000d4   Code   RO         3209    i.RCC_GetClocksFreq  stm32f10x_rcc.o
    0x080056b4   0x00000026   Code   RO          474    i.ReadUnit          i2s.o
    0x080056da   0x00000002   PAD
    0x080056dc   0x000000b8   Code   RO         1200    i.SPI3_init         spi_flash.o
    0x08005794   0x00000018   Code   RO         3684    i.SPI_Cmd           stm32f10x_spi.o
    0x080057ac   0x00000012   Code   RO         3690    i.SPI_I2S_DMACmd    stm32f10x_spi.o
    0x080057be   0x00000012   Code   RO         3692    i.SPI_I2S_GetFlagStatus  stm32f10x_spi.o
    0x080057d0   0x00000006   Code   RO         3695    i.SPI_I2S_ReceiveData  stm32f10x_spi.o
    0x080057d6   0x00000004   Code   RO         3696    i.SPI_I2S_SendData  stm32f10x_spi.o
    0x080057da   0x0000003c   Code   RO         3697    i.SPI_Init          stm32f10x_spi.o
    0x08005816   0x00000008   Code   RO         1565    i.SetSysClock       system_stm32f10x.o
    0x0800581e   0x00000002   PAD
    0x08005820   0x000000e0   Code   RO         1566    i.SetSysClockTo72   system_stm32f10x.o
    0x08005900   0x00000060   Code   RO         1568    i.SystemInit        system_stm32f10x.o
    0x08005960   0x00000030   Code   RO          575    i.TIM3_IRQHandler   trigger.o
    0x08005990   0x00000058   Code   RO          576    i.TIM3_Int_Init     trigger.o
    0x080059e8   0x0000008c   Code   RO          227    i.TIM5_PWM_Init     38k.o
    0x08005a74   0x00000006   Code   RO         3837    i.TIM_ClearITPendingBit  stm32f10x_tim.o
    0x08005a7a   0x00000018   Code   RO         3842    i.TIM_Cmd           stm32f10x_tim.o
    0x08005a92   0x0000001e   Code   RO         3844    i.TIM_CtrlPWMOutputs  stm32f10x_tim.o
    0x08005ab0   0x00000022   Code   RO         3863    i.TIM_GetITStatus   stm32f10x_tim.o
    0x08005ad2   0x00000012   Code   RO         3867    i.TIM_ITConfig      stm32f10x_tim.o
    0x08005ae4   0x000000a4   Code   RO         3876    i.TIM_OC2Init       stm32f10x_tim.o
    0x08005b88   0x0000007c   Code   RO         3886    i.TIM_OC4Init       stm32f10x_tim.o
    0x08005c04   0x0000001a   Code   RO         3888    i.TIM_OC4PreloadConfig  stm32f10x_tim.o
    0x08005c1e   0x00000002   PAD
    0x08005c20   0x00000090   Code   RO          698    i.TIM_PWM_Init      beep.o
    0x08005cb0   0x000000a4   Code   RO         3913    i.TIM_TimeBaseInit  stm32f10x_tim.o
    0x08005d54   0x0000005c   Code   RO         1459    i.USART1_IRQHandler  usart.o
    0x08005db0   0x0000005c   Code   RO         1460    i.USART2_IRQHandler  usart.o
    0x08005e0c   0x00000018   Code   RO         4381    i.USART_Cmd         stm32f10x_usart.o
    0x08005e24   0x0000001a   Code   RO         4384    i.USART_GetFlagStatus  stm32f10x_usart.o
    0x08005e3e   0x00000054   Code   RO         4385    i.USART_GetITStatus  stm32f10x_usart.o
    0x08005e92   0x0000004a   Code   RO         4387    i.USART_ITConfig    stm32f10x_usart.o
    0x08005edc   0x000000d8   Code   RO         4388    i.USART_Init        stm32f10x_usart.o
    0x08005fb4   0x0000000a   Code   RO         4395    i.USART_ReceiveData  stm32f10x_usart.o
    0x08005fbe   0x00000008   Code   RO         4398    i.USART_SendData    stm32f10x_usart.o
    0x08005fc6   0x00000002   PAD
    0x08005fc8   0x000001a4   Code   RO          475    i.WaveParsing       i2s.o
    0x0800616c   0x00000028   Code   RO         6570    i.__0sprintf$3      mc_w.l(printf3.o)
    0x08006194   0x0000000e   Code   RO         6855    i.__scatterload_copy  mc_w.l(handlers.o)
    0x080061a2   0x00000002   Code   RO         6856    i.__scatterload_null  mc_w.l(handlers.o)
    0x080061a4   0x0000000e   Code   RO         6857    i.__scatterload_zeroinit  mc_w.l(handlers.o)
    0x080061b2   0x00000002   PAD
    0x080061b4   0x00000014   Code   RO         1024    i._key_get_blod     key.o
    0x080061c8   0x000001b8   Code   RO         6575    i._printf_core      mc_w.l(printf3.o)
    0x08006380   0x0000000a   Code   RO         6577    i._sputc            mc_w.l(printf3.o)
    0x0800638a   0x00000002   PAD
    0x0800638c   0x00000048   Code   RO          333    i.active_request    gun.o
    0x080063d4   0x00000010   Code   RO          699    i.beep_init         beep.o
    0x080063e4   0x00000018   Code   RO          270    i.bulet_Read        bulet_box.o
    0x080063fc   0x00000014   Code   RO          271    i.bulet_Write       bulet_box.o
    0x08006410   0x00000024   Code   RO          272    i.bulet_box_init    bulet_box.o
    0x08006434   0x00000004   Code   RO          273    i.bulet_box_online  bulet_box.o
    0x08006438   0x00000010   Code   RO          728    i.bus_recieve       bus.o
    0x08006448   0x00000018   Code   RO          729    i.bus_send          bus.o
    0x08006460   0x00000020   Code   RO          790    i.bus_send_string   esp8266.o
    0x08006480   0x0000003e   Code   RO          334    i.char2u32          gun.o
    0x080064be   0x0000003e   Code   RO         1025    i.char2u32          key.o
    0x080064fc   0x00000024   Code   RO          791    i.close_conn        esp8266.o
    0x08006520   0x00000038   Code   RO          792    i.connect_ap        esp8266.o
    0x08006558   0x00000014   Code   RO          793    i.disable_esp8266   esp8266.o
    0x0800656c   0x00000002   Code   RO          758    i.e2prom_init       e2prom.o
    0x0800656e   0x00000002   PAD
    0x08006570   0x00000014   Code   RO          794    i.enbale_esp8266    esp8266.o
    0x08006584   0x0000009c   Code   RO          795    i.esp8266_init      esp8266.o
    0x08006620   0x00000024   Code   RO          797    i.exe_cmd           esp8266.o
    0x08006644   0x00000070   Code   RO         1203    i.flash_bytes_read  spi_flash.o
    0x080066b4   0x0000001c   Code   RO          275    i.get_buletLeft     bulet_box.o
    0x080066d0   0x00000004   Code   RO          337    i.get_deviceSubType  gun.o
    0x080066d4   0x00000044   Code   RO          798    i.get_id            esp8266.o
    0x08006718   0x00000010   Code   RO          799    i.get_ip_port       esp8266.o
    0x08006728   0x00000030   Code   RO          800    i.get_len           esp8266.o
    0x08006758   0x00000006   Code   RO          577    i.get_mode          trigger.o
    0x0800675e   0x00000004   Code   RO         1146    i.get_power         power.o
    0x08006762   0x00000002   PAD
    0x08006764   0x000002e8   Code   RO          994    i.i2c_init          i2c.o
    0x08006a4c   0x0000003e   Code   RO          339    i.int2chars         gun.o
    0x08006a8a   0x00000004   Code   RO          578    i.is_bolt_on        trigger.o
    0x08006a8e   0x00000002   PAD
    0x08006a90   0x00000014   Code   RO         1029    i.key_get_fresh_status  key.o
    0x08006aa4   0x00000004   Code   RO         1030    i.key_get_gpio      key.o
    0x08006aa8   0x00000014   Code   RO         1031    i.key_get_ip_suffix  key.o
    0x08006abc   0x00000014   Code   RO         1032    i.key_get_sn        key.o
    0x08006ad0   0x000000d4   Code   RO         1033    i.key_init          key.o
    0x08006ba4   0x00000050   Code   RO          340    i.key_insert_handle  gun.o
    0x08006bf4   0x0000005c   Code   RO         1034    i.key_state_machine_task  key.o
    0x08006c50   0x00000010   Code   RO          228    i.led_38k_init      38k.o
    0x08006c60   0x0000002c   Code   RO         1110    i.led_off           led.o
    0x08006c8c   0x00000064   Code   RO          230    i.led_uart_init     38k.o
    0x08006cf0   0x00000064   Code   RO          206    i.main              main.o
    0x08006d54   0x00000094   Code   RO          341    i.main_loop         gun.o
    0x08006de8   0x00000020   Code   RO         5183    i.mutex_init        mutex.o
    0x08006e08   0x00000016   Code   RO         5184    i.mutex_lock        mutex.o
    0x08006e1e   0x00000010   Code   RO         5185    i.mutex_unlock      mutex.o
    0x08006e2e   0x00000002   PAD
    0x08006e30   0x00000138   Code   RO          342    i.net_init          gun.o
    0x08006f68   0x00000028   Code   RO          801    i.net_receive_sync  esp8266.o
    0x08006f90   0x000000b0   Code   RO          802    i.ping              esp8266.o
    0x08007040   0x00000020   Code   RO         1036    i.read_key_from_eeprom  key.o
    0x08007060   0x000000a0   Code   RO          803    i.recv_data         esp8266.o
    0x08007100   0x00000050   Code   RO          343    i.recv_host_handler  gun.o
    0x08007150   0x00000010   Code   RO          344    i.recv_lcd_handler  gun.o
    0x08007160   0x00000010   Code   RO          345    i.recv_rifle_handler  gun.o
    0x08007170   0x00000060   Code   RO          346    i.recv_task         gun.o
    0x080071d0   0x00000018   Code   RO         1111    i.red_led_on        led.o
    0x080071e8   0x0000001a   Code   RO          276    i.reduce_bulet      bulet_box.o
    0x08007202   0x00000002   PAD
    0x08007204   0x0000000c   Code   RO          730    i.register_bus      bus.o
    0x08007210   0x00000014   Code   RO         1462    i.reset_buffer      usart.o
    0x08007224   0x0000008c   Code   RO          804    i.reset_esp8266     esp8266.o
    0x080072b0   0x00000014   Code   RO         1463    i.reset_rx_buffer1  usart.o
    0x080072c4   0x00000080   Code   RO          231    i.send_charcode     38k.o
    0x08007344   0x000000f4   Code   RO          805    i.send_data         esp8266.o
    0x08007438   0x0000001c   Code   RO          347    i.sendto_host       gun.o
    0x08007454   0x0000001c   Code   RO          348    i.sendto_lcd        gun.o
    0x08007470   0x00000030   Code   RO          808    i.set_auto_conn     esp8266.o
    0x080074a0   0x00000014   Code   RO          277    i.set_buletLeft     bulet_box.o
    0x080074b4   0x00000028   Code   RO          810    i.set_echo          esp8266.o
    0x080074dc   0x00000030   Code   RO          811    i.set_ip            esp8266.o
    0x0800750c   0x0000002c   Code   RO          813    i.set_mode          esp8266.o
    0x08007538   0x0000002c   Code   RO          814    i.set_mux           esp8266.o
    0x08007564   0x0000000a   Code   RO         1212    i.spi_read_byte     spi_flash.o
    0x0800756e   0x00000002   PAD
    0x08007570   0x00000040   Code   RO         1213    i.spi_write_byte    spi_flash.o
    0x080075b0   0x00000054   Code   RO          350    i.start_gun_tasks   gun.o
    0x08007604   0x00000020   Code   RO          579    i.startup_motor     trigger.o
    0x08007624   0x0000007c   Code   RO          580    i.trigger_get_status  trigger.o
    0x080076a0   0x00000028   Code   RO          581    i.trigger_handle    trigger.o
    0x080076c8   0x00000080   Code   RO          582    i.trigger_init      trigger.o
    0x08007748   0x00000020   Code   RO          232    i.uart4_putchar     38k.o
    0x08007768   0x00000134   Code   RO         1464    i.uart_inint        usart.o
    0x0800789c   0x00000030   Code   RO          816    i.udp_close         esp8266.o
    0x080078cc   0x000000b0   Code   RO          817    i.udp_setup         esp8266.o
    0x0800797c   0x00000046   Code   RO          352    i.upload_lcd        gun.o
    0x080079c2   0x00000002   PAD
    0x080079c4   0x000000e8   Code   RO          353    i.upload_status_data  gun.o
    0x08007aac   0x00000020   Code   RO         1466    i.usb_uart_putc     usart.o
    0x08007acc   0x0000005c   Code   RO          819    i.wait_for_return   esp8266.o
    0x08007b28   0x00000094   Code   RO          479    i.wav_play_up       i2s.o
    0x08007bbc   0x0000005c   Code   RO          480    i.wav_pre_read      i2s.o
    0x08007c18   0x00000020   Code   RO         1468    i.wifi_uart_putc    usart.o
    0x08007c38   0x00000040   Code   RO         1469    i.wifi_uart_recieve  usart.o
    0x08007c78   0x00000040   Code   RO         1470    i.wifi_uart_recieve1  usart.o
    0x08007cb8   0x00000018   Code   RO         1471    i.wifi_uart_send    usart.o
    0x08007cd0   0x00000014   Code   RO          820    i.work_esp8266      esp8266.o
    0x08007ce4   0x00000018   Code   RO         1112    i.yellow_led_on     led.o
    0x08007cfc   0x00000028   Data   RO          355    .constdata          gun.o
    0x08007d24   0x000000a4   Data   RO         5305    .constdata          os_cfg_app.o
    0x08007dc8   0x0000016c   Data   RO         5573    .constdata          os_dbg.o
    0x08007f34   0x00000020   Data   RO         6853    Region$$Table       anon$$obj.o


    Execution Region RW_IRAM1 (Base: 0x20000000, Size: 0x00005538, Max: 0x00010000, ABSOLUTE, COMPRESSED[0x00000060])

    Base Addr    Size         Type   Attr      Idx    E Section Name        Object

    0x20000000   0x00000001   Data   RW          278    .data               bulet_box.o
    0x20000001   0x00000001   PAD
    0x20000002   0x00000006   Data   RW          356    .data               gun.o
    0x20000008   0x0000001d   Data   RW          482    .data               i2s.o
    0x20000025   0x00000003   PAD
    0x20000028   0x00000004   Data   RW          583    .data               trigger.o
    0x2000002c   0x00000008   Data   RW          731    .data               bus.o
    0x20000034   0x00000001   Data   RW          822    .data               esp8266.o
    0x20000035   0x0000002b   Data   RW         1038    .data               key.o
    0x20000060   0x00000104   Data   RW         1215    .data               spi_flash.o
    0x20000164   0x0000001c   Data   RW         1473    .data               usart.o
    0x20000180   0x00000014   Data   RW         3229    .data               stm32f10x_rcc.o
    0x20000194   0x0000001c   Data   RW         4764    .data               cpu_core.o
    0x200001b0   0x00000004   Data   RW         5236    .data               os_cpu_c.o
    0x200001b4   0x00000008   Data   RW         5885    .data               os_prio.o
    0x200001bc   0x000000d8   Data   RW         6423    .data               os_var.o
    0x20000294   0x00000004   PAD
    0x20000298   0x000010d0   Zero   RW          207    .bss                main.o
    0x20001368   0x000008a0   Zero   RW          354    .bss                gun.o
    0x20001c08   0x0000046c   Zero   RW          481    .bss                i2s.o
    0x20002074   0x0000092c   Zero   RW          821    .bss                esp8266.o
    0x200029a0   0x00000034   Zero   RW          995    .bss                i2c.o
    0x200029d4   0x00000004   PAD
    0x200029d8   0x000001f9   Zero   RW         1037    .bss                key.o
    0x20002bd1   0x00000a00   Zero   RW         1472    .bss                usart.o
    0x200035d1   0x00000003   PAD
    0x200035d4   0x00001450   Zero   RW         5304    .bss                os_cfg_app.o
    0x20004a24   0x00000004   PAD
    0x20004a28   0x00000710   Zero   RW         6422    .bss                os_var.o
    0x20005138   0x00000400   Zero   RW         4614    STACK               startup_stm32f10x_hd.o


==============================================================================

Image component sizes


      Code (inc. data)   RO Data    RW Data    ZI Data      Debug   Object Name

       416         32          0          0          0       2547   38k.o
       160          8          0          0          0       1083   beep.o
        88          6          0          0          0     306396   bsp.o
       158         16          0          1          0       3195   bulet_box.o
        52         16          0          8          0       1884   bus.o
         0          0          0          0          0         32   core_cm3.o
        42          0          0          0          0        256   cpu_a.o
       296         52          0         28          0       4972   cpu_core.o
         2          0          0          0          0        390   e2prom.o
      1808        360          0          1       2348      14602   esp8266.o
      1390        188         40          6       2208      11372   gun.o
      1224         44          0          0         52       3028   i2c.o
      1470        194          0         29       1132       8271   i2s.o
       482         82          0         43        505       5204   key.o
       200         30          0          0          0       1718   led.o
       140         36          0          0       4304       1367   main.o
       132         22          0          0          0       3171   misc.o
        70         14          0          0          0       1737   mutex.o
         0          0          0          0          0      17920   os_app_hooks.o
       252        166        164          0       5200      19871   os_cfg_app.o
      2958        388          0          0          0      18415   os_core.o
       132         32          0          0          0        284   os_cpu_a.o
       640         66          0          4          0       6509   os_cpu_c.o
       432        286        364          0          0       4559   os_dbg.o
       746         28          0          0          0       2773   os_flag.o
      1092        194          0          0          0       3282   os_int.o
        24         10          0          0          0        745   os_mem.o
       436         22          0          0          0       3316   os_msg.o
        24         10          0          0          0        743   os_mutex.o
       136         16          0          8          0       2494   os_prio.o
       416         20          0          0          0       1978   os_q.o
      1268         62          0          0          0       5055   os_sem.o
      1068        158          0          0          0       2598   os_stat.o
      4892        234          0          0          0      11131   os_task.o
      1308        120          0          0          0       4929   os_tick.o
       960         46          0          0          0       2805   os_time.o
       812        134          0          0          0       3752   os_tmr.o
         0          0          0        216       1808      18446   os_var.o
         4          0          0          0          0        408   power.o
       422         38          0        260          0     258966   spi_flash.o
        36          8        304          0       1024        800   startup_stm32f10x_hd.o
       174         18          0          0          0      14228   stm32f10x_dma.o
       458          6          0          0          0      13302   stm32f10x_gpio.o
       542         20          0          0          0      17001   stm32f10x_i2c.o
       340         44          0         20          0      14219   stm32f10x_rcc.o
       386          6          0          0          0      12612   stm32f10x_spi.o
       590         62          0          0          0      26274   stm32f10x_tim.o
       442          6          0          0          0      12033   stm32f10x_usart.o
       328         28          0          0          0       1853   system_stm32f10x.o
       470         48          0          4          0       3907   trigger.o
       748        112          0         28       2560       6258   usart.o

    ----------------------------------------------------------------------
     30704       3488        904        660      21156     884691   Object Totals
         0          0         32          0          0          0   (incl. Generated)
        38          0          0          4         15          0   (incl. Padding)

    ----------------------------------------------------------------------

      Code (inc. data)   RO Data    RW Data    ZI Data      Debug   Library Member Name

        86          0          0          0          0          0   __dczerorl2.o
         0          0          0          0          0          0   entry.o
         0          0          0          0          0          0   entry10a.o
         0          0          0          0          0          0   entry11a.o
         8          4          0          0          0          0   entry2.o
         4          0          0          0          0          0   entry5.o
         0          0          0          0          0          0   entry7b.o
         0          0          0          0          0          0   entry8b.o
         8          4          0          0          0          0   entry9a.o
        30          0          0          0          0          0   handlers.o
        36          8          0          0          0         68   init.o
        30          0          0          0          0         68   llshl.o
        32          0          0          0          0         68   llushr.o
        36          0          0          0          0         68   memcpya.o
        36          0          0          0          0        108   memseta.o
       490         10          0          0          0        252   printf3.o
        14          0          0          0          0         68   strlen.o
        30          0          0          0          0         80   strncmp.o
        44          0          0          0          0         80   uidiv.o
        98          0          0          0          0         92   uldiv.o

    ----------------------------------------------------------------------
       988         26          0          0          0        952   Library Totals
         6          0          0          0          0          0   (incl. Padding)

    ----------------------------------------------------------------------

      Code (inc. data)   RO Data    RW Data    ZI Data      Debug   Library Name

       982         26          0          0          0        952   mc_w.l

    ----------------------------------------------------------------------
       988         26          0          0          0        952   Library Totals

    ----------------------------------------------------------------------

==============================================================================


      Code (inc. data)   RO Data    RW Data    ZI Data      Debug   

     31692       3514        904        660      21156     870951   Grand Totals
     31692       3514        904         96      21156     870951   ELF Image Totals (compressed)
     31692       3514        904         96          0          0   ROM Totals

==============================================================================

    Total RO  Size (Code + RO Data)                32596 (  31.83kB)
    Total RW  Size (RW Data + ZI Data)             21816 (  21.30kB)
    Total ROM Size (Code + RO Data + RW Data)      32692 (  31.93kB)

==============================================================================

