Component: ARM Compiler 5.05 update 1 (build 106) Tool: armlink [4d0efa]

==============================================================================

Section Cross References

    bsp.o(i.BSP_CPU_ClkFreq) refers to stm32f10x_rcc.o(i.RCC_GetClocksFreq) for RCC_GetClocksFreq
    bsp.o(i.BSP_Init) refers to misc.o(i.NVIC_PriorityGroupConfig) for NVIC_PriorityGroupConfig
    bsp.o(i.BSP_Init) refers to usart.o(i.uart_inint) for uart_inint
    bsp.o(i.BSP_Init) refers to sram.o(i.FSMC_SRAM_Init) for FSMC_SRAM_Init
    bsp.o(i.BSP_Init) refers to ili93xx.o(i.TFTLCD_Init) for TFTLCD_Init
    bsp.o(i.BSP_Init) refers to esp8266.o(i.esp8266_init) for esp8266_init
    bsp.o(i.BSP_Init) refers to i2c.o(i.i2c_init) for i2c_init
    bsp.o(i.BSP_Init) refers to spi_flash.o(i.SPI3_init) for SPI3_init
    bsp.o(i.BSP_Init) refers to keyboard.o(i.keyboard_init) for keyboard_init
    bsp.o(i.BSP_Init) refers to rom_onboard.o(i.e2prom_onboard_init) for e2prom_onboard_init
    bsp.o(i.BSP_Init) refers to beep.o(i.beep_init) for beep_init
    bsp.o(i.BSP_Init) refers to download.o(i.download_task_init) for download_task_init
    bsp.o(i.BSP_Init) refers to power.o(i.adc_init) for adc_init
    bsp.o(i.CPU_TS_TmrInit) refers to bsp.o(i.BSP_CPU_ClkFreq) for BSP_CPU_ClkFreq
    bsp.o(i.CPU_TS_TmrInit) refers to cpu_core.o(i.CPU_TS_TmrFreqSet) for CPU_TS_TmrFreqSet
    ili93xx.o(i.BlockWrite) refers to ili93xx.o(i.WriteComm) for WriteComm
    ili93xx.o(i.BlockWrite) refers to ili93xx.o(i.WriteData) for WriteData
    ili93xx.o(i.LCD_FSMC_Config) refers to stm32f10x_fsmc.o(i.FSMC_NORSRAMInit) for FSMC_NORSRAMInit
    ili93xx.o(i.LCD_FSMC_Config) refers to stm32f10x_fsmc.o(i.FSMC_NORSRAMCmd) for FSMC_NORSRAMCmd
    ili93xx.o(i.LCD_Fill) refers to ili93xx.o(i.Lcd_ColorBox) for Lcd_ColorBox
    ili93xx.o(i.LCD_GPIO_Config) refers to stm32f10x_rcc.o(i.RCC_APB2PeriphClockCmd) for RCC_APB2PeriphClockCmd
    ili93xx.o(i.LCD_GPIO_Config) refers to stm32f10x_gpio.o(i.GPIO_Init) for GPIO_Init
    ili93xx.o(i.LCD_WR_DATA) refers to ili93xx.o(i.WriteData) for WriteData
    ili93xx.o(i.Lcd_ColorBox) refers to ili93xx.o(i.BlockWrite) for BlockWrite
    ili93xx.o(i.Lcd_ColorBox) refers to ili93xx.o(i.LCD_WR_DATA) for LCD_WR_DATA
    ili93xx.o(i.TFTLCD_Init) refers to stm32f10x_rcc.o(i.RCC_AHBPeriphClockCmd) for RCC_AHBPeriphClockCmd
    ili93xx.o(i.TFTLCD_Init) refers to ili93xx.o(i.LCD_GPIO_Config) for LCD_GPIO_Config
    ili93xx.o(i.TFTLCD_Init) refers to ili93xx.o(i.LCD_FSMC_Config) for LCD_FSMC_Config
    ili93xx.o(i.TFTLCD_Init) refers to stm32f10x_gpio.o(i.GPIO_ResetBits) for GPIO_ResetBits
    ili93xx.o(i.TFTLCD_Init) refers to os_time.o(i.OSTimeDlyHMSM) for OSTimeDlyHMSM
    ili93xx.o(i.TFTLCD_Init) refers to stm32f10x_gpio.o(i.GPIO_SetBits) for GPIO_SetBits
    ili93xx.o(i.TFTLCD_Init) refers to ili93xx.o(i.WriteComm) for WriteComm
    ili93xx.o(i.TFTLCD_Init) refers to ili93xx.o(i.WriteData) for WriteData
    ili93xx.o(i.TFTLCD_Init) refers to ili93xx.o(i.Delay) for Delay
    ili93xx.o(i.TFTLCD_Init) refers to mutex.o(i.mutex_init) for mutex_init
    ili93xx.o(i.TFTLCD_Init) refers to os_tmr.o(i.OSTmrCreate) for OSTmrCreate
    ili93xx.o(i.TFTLCD_Init) refers to ili93xx.o(.data) for init_flag
    ili93xx.o(i.TFTLCD_Init) refers to ili93xx.o(.bss) for lcd_lock
    ili93xx.o(i.TFTLCD_Init) refers to ili93xx.o(i.backlight_off) for backlight_off
    ili93xx.o(i.lcd_display_bitmap) refers to ili93xx.o(i.BlockWrite) for BlockWrite
    ili93xx.o(i.lcd_display_bitmap) refers to ili93xx.o(i.LCD_WR_DATA) for LCD_WR_DATA
    ili93xx.o(i.lcd_display_bitmap) refers to os_core.o(i.OSSchedUnlock) for OSSchedUnlock
    ili93xx.o(i.lcd_trunoff_backlight_countdown) refers to ili93xx.o(i.backlight_on) for backlight_on
    ili93xx.o(i.lcd_trunoff_backlight_countdown) refers to os_tmr.o(i.OSTmrStart) for OSTmrStart
    ili93xx.o(i.lcd_trunoff_backlight_countdown) refers to ili93xx.o(.bss) for timer
    keyboard.o(i.__get_keyboard_value) refers to stm32f10x_gpio.o(i.GPIO_ReadInputDataBit) for GPIO_ReadInputDataBit
    keyboard.o(i.__get_keyboard_value) refers to ili93xx.o(i.lcd_trunoff_backlight_countdown) for lcd_trunoff_backlight_countdown
    keyboard.o(i.get_keyboard_value) refers to keyboard.o(i.__get_keyboard_value) for __get_keyboard_value
    keyboard.o(i.get_keyboard_value) refers to keyboard.o(.data) for key_map
    keyboard.o(i.keyboard_init) refers to stm32f10x_rcc.o(i.RCC_APB2PeriphClockCmd) for RCC_APB2PeriphClockCmd
    keyboard.o(i.keyboard_init) refers to stm32f10x_gpio.o(i.GPIO_Init) for GPIO_Init
    lcd.o(i.active_request) refers to memseta.o(.text) for __aeabi_memset
    lcd.o(i.active_request) refers to lcd.o(i.int2chars_16) for int2chars_16
    lcd.o(i.active_request) refers to lcd.o(i.sendto_host) for sendto_host
    lcd.o(i.active_request) refers to lcd.o(.data) for packageID
    lcd.o(i.get_actived_state) refers to lcd.o(.data) for actived
    lcd.o(i.main_loop) refers to gui_core.o(i.GUI_Init) for GUI_Init
[...]
    0x0800dda4   0x00000088   Code   RO         8504    i.WM_BringToBottom  STemWin526_CM3_OS_Keil.lib(wm_bringtobottom.o)
    0x0800de2c   0x00000016   Code   RO         8829    i.WM_BringToTop     STemWin526_CM3_OS_Keil.lib(wm_bringtotop.o)
    0x0800de42   0x00000002   PAD
    0x0800de44   0x00000150   Code   RO         7938    i.WM_CreateWindowAsChild  STemWin526_CM3_OS_Keil.lib(wm.o)
    0x0800df94   0x00000020   Code   RO         7939    i.WM_Deactivate     STemWin526_CM3_OS_Keil.lib(wm.o)
    0x0800dfb4   0x00000046   Code   RO         7940    i.WM_DefaultProc    STemWin526_CM3_OS_Keil.lib(wm.o)
    0x0800dffa   0x0000002a   Code   RO         8527    i.WM_DeleteTimer    STemWin526_CM3_OS_Keil.lib(wm_timer.o)
    0x0800e024   0x000000d0   Code   RO         7941    i.WM_DeleteWindow   STemWin526_CM3_OS_Keil.lib(wm.o)
    0x0800e0f4   0x00000022   Code   RO         8050    i.WM_EnableMemdev   STemWin526_CM3_OS_Keil.lib(wm_memdev.o)
    0x0800e116   0x00000002   PAD
    0x0800e118   0x00000090   Code   RO         7942    i.WM_Exec           STemWin526_CM3_OS_Keil.lib(wm.o)
    0x0800e1a8   0x0000001e   Code   RO         9005    i.WM_ForEachDesc    STemWin526_CM3_OS_Keil.lib(wm_foreachdesc.o)
    0x0800e1c6   0x00000002   PAD
    0x0800e1c8   0x0000002c   Code   RO         8510    i.WM_GetClientRect  STemWin526_CM3_OS_Keil.lib(wm_getclientrect.o)
    0x0800e1f4   0x0000001a   Code   RO         8511    i.WM_GetClientRectEx  STemWin526_CM3_OS_Keil.lib(wm_getclientrect.o)
    0x0800e20e   0x00000002   PAD
    0x0800e210   0x00000018   Code   RO         8516    i.WM_GetDesktopWindow  STemWin526_CM3_OS_Keil.lib(wm_getdesktopwindow.o)
    0x0800e228   0x0000001a   Code   RO         8518    i.WM_GetFirstChild  STemWin526_CM3_OS_Keil.lib(wm_getfirstchild.o)
    0x0800e242   0x0000001a   Code   RO         8849    i.WM_GetParent      STemWin526_CM3_OS_Keil.lib(wm_getparent.o)
    0x0800e25c   0x00000020   Code   RO         8843    i.WM_GetWindowOrgX  STemWin526_CM3_OS_Keil.lib(wm_getorg.o)
    0x0800e27c   0x000000d4   Code   RO         7944    i.WM_Init           STemWin526_CM3_OS_Keil.lib(wm.o)
    0x0800e350   0x00000080   Code   RO         7945    i.WM_InvalidateRect  STemWin526_CM3_OS_Keil.lib(wm.o)
    0x0800e3d0   0x00000006   Code   RO         7946    i.WM_InvalidateWindow  STemWin526_CM3_OS_Keil.lib(wm.o)
    0x0800e3d6   0x0000005e   Code   RO         7947    i.WM_InvalidateWindowAndDescsEx  STemWin526_CM3_OS_Keil.lib(wm.o)
    0x0800e434   0x00000018   Code   RO         8865    i.WM_IsWindow       STemWin526_CM3_OS_Keil.lib(wm_iswindow.o)
    0x0800e44c   0x0000001e   Code   RO         9016    i.WM_MoveWindow     STemWin526_CM3_OS_Keil.lib(wm_move.o)
    0x0800e46a   0x00000010   Code   RO         8520    i.WM_NotifyParent   STemWin526_CM3_OS_Keil.lib(wm_notifyparent.o)
    0x0800e47a   0x00000002   PAD
    0x0800e47c   0x00000040   Code   RO         8867    i.WM_OnKey          STemWin526_CM3_OS_Keil.lib(wm_onkey.o)
    0x0800e4bc   0x000000f4   Code   RO         9025    i.WM_ResizeWindow   STemWin526_CM3_OS_Keil.lib(wm_resizewindow.o)
    0x0800e5b0   0x00000044   Code   RO         7948    i.WM_SelectWindow   STemWin526_CM3_OS_Keil.lib(wm.o)
    0x0800e5f4   0x0000001e   Code   RO         7949    i.WM_SendMessage    STemWin526_CM3_OS_Keil.lib(wm.o)
    0x0800e612   0x0000001a   Code   RO         8522    i.WM_SendMessageNoPara  STemWin526_CM3_OS_Keil.lib(wm_sendmessagenopara.o)
    0x0800e62c   0x00000026   Code   RO         8524    i.WM_SendToParent   STemWin526_CM3_OS_Keil.lib(wm_sendtoparent.o)
    0x0800e652   0x00000002   PAD
    0x0800e654   0x00000014   Code   RO         7950    i.WM_SetDefault     STemWin526_CM3_OS_Keil.lib(wm.o)
    0x0800e668   0x000000a8   Code   RO         8890    i.WM_SetFocus       STemWin526_CM3_OS_Keil.lib(wm_setfocus.o)
    0x0800e710   0x00000048   Code   RO         8894    i.WM_SetSize        STemWin526_CM3_OS_Keil.lib(wm_setsize.o)
    0x0800e758   0x00000020   Code   RO         8896    i.WM_SetUserClipRect  STemWin526_CM3_OS_Keil.lib(wm_setusercliprect.o)
    0x0800e778   0x00000048   Code   RO         7951    i.WM__ActivateClipRect  STemWin526_CM3_OS_Keil.lib(wm.o)
    0x0800e7c0   0x00000010   Code   RO         8506    i.WM__AddCriticalHandle  STemWin526_CM3_OS_Keil.lib(wm_criticalhandle.o)
    0x0800e7d0   0x00000010   Code   RO         7952    i.WM__Client2Screen  STemWin526_CM3_OS_Keil.lib(wm.o)
    0x0800e7e0   0x0000004e   Code   RO         7953    i.WM__ClipAtParentBorders  STemWin526_CM3_OS_Keil.lib(wm.o)
    0x0800e82e   0x00000052   Code   RO         8530    i.WM__DeleteAssocTimer  STemWin526_CM3_OS_Keil.lib(wm_timer.o)
    0x0800e880   0x00000028   Code   RO         7955    i.WM__DetachWindow  STemWin526_CM3_OS_Keil.lib(wm.o)
    0x0800e8a8   0x0000002c   Code   RO         9044    i.WM__ForEachDesc   STemWin526_CM3_OS_Keil.lib(wm__foreachdesc.o)
    0x0800e8d4   0x00000020   Code   RO         8512    i.WM__GetClientRectEx  STemWin526_CM3_OS_Keil.lib(wm_getclientrect.o)
    0x0800e8f4   0x00000018   Code   RO         7956    i.WM__GetClientRectWin  STemWin526_CM3_OS_Keil.lib(wm.o)
    0x0800e90c   0x00000012   Code   RO         9003    i.WM__GetFirstSibling  STemWin526_CM3_OS_Keil.lib(wm__getfirstsibling.o)
    0x0800e91e   0x00000002   PAD
    0x0800e920   0x00000040   Code   RO         7957    i.WM__GetNextIVR    STemWin526_CM3_OS_Keil.lib(wm.o)
    0x0800e960   0x00000024   Code   RO         8813    i.WM__GetPrevSibling  STemWin526_CM3_OS_Keil.lib(wm__getprevsibling.o)
    0x0800e984   0x00000018   Code   RO         7958    i.WM__GetTopLevelLayer  STemWin526_CM3_OS_Keil.lib(wm.o)
    0x0800e99c   0x000000f0   Code   RO         7959    i.WM__InitIVRSearch  STemWin526_CM3_OS_Keil.lib(wm.o)
    0x0800ea8c   0x000000a4   Code   RO         7960    i.WM__InsertWindowIntoList  STemWin526_CM3_OS_Keil.lib(wm.o)
    0x0800eb30   0x00000006   Code   RO         7961    i.WM__Invalidate1Abs  STemWin526_CM3_OS_Keil.lib(wm.o)
    0x0800eb36   0x00000002   PAD
    0x0800eb38   0x00000054   Code   RO         7962    i.WM__InvalidateDrawAndDescs  STemWin526_CM3_OS_Keil.lib(wm.o)
    0x0800eb8c   0x0000002a   Code   RO         7963    i.WM__InvalidateParent  STemWin526_CM3_OS_Keil.lib(wm.o)
    0x0800ebb6   0x00000076   Code   RO         7964    i.WM__InvalidateRect  STemWin526_CM3_OS_Keil.lib(wm.o)
    0x0800ec2c   0x00000006   Code   RO         7965    i.WM__InvalidateRectEx  STemWin526_CM3_OS_Keil.lib(wm.o)
    0x0800ec32   0x00000002   PAD
    0x0800ec34   0x00000024   Code   RO         7966    i.WM__IsWindow      STemWin526_CM3_OS_Keil.lib(wm.o)
    0x0800ec58   0x0000009a   Code   RO         9018    i.WM__MoveWindow    STemWin526_CM3_OS_Keil.lib(wm_move.o)
    0x0800ecf2   0x00000002   PAD
    0x0800ecf4   0x000000a0   Code   RO         7967    i.WM__Paint         STemWin526_CM3_OS_Keil.lib(wm.o)
    0x0800ed94   0x0000008c   Code   RO         7968    i.WM__Paint1        STemWin526_CM3_OS_Keil.lib(wm.o)
    0x0800ee20   0x00000078   Code   RO         7969    i.WM__PaintWinAndOverlays  STemWin526_CM3_OS_Keil.lib(wm.o)
    0x0800ee98   0x00000020   Code   RO         7970    i.WM__RectIsNZ      STemWin526_CM3_OS_Keil.lib(wm.o)
    0x0800eeb8   0x00000030   Code   RO         7971    i.WM__RemoveFromLinList  STemWin526_CM3_OS_Keil.lib(wm.o)
    0x0800eee8   0x00000040   Code   RO         7972    i.WM__RemoveWindowFromList  STemWin526_CM3_OS_Keil.lib(wm.o)
    0x0800ef28   0x00000014   Code   RO         8821    i.WM__Screen2Client  STemWin526_CM3_OS_Keil.lib(wm__screen2client.o)
    0x0800ef3c   0x00000014   Code   RO         7973    i.WM__SelectTopLevelLayer  STemWin526_CM3_OS_Keil.lib(wm.o)
    0x0800ef50   0x0000003c   Code   RO         8501    i.WM__SendMessage   STemWin526_CM3_OS_Keil.lib(wm__sendmessage.o)
    0x0800ef8c   0x00000026   Code   RO         8825    i.WM__SendMessageNoPara  STemWin526_CM3_OS_Keil.lib(wm__sendmessagenopara.o)
    0x0800efb2   0x0000000e   Code   RO         7974    i.WM__SendMsgNoData  STemWin526_CM3_OS_Keil.lib(wm.o)
    0x0800efc0   0x000000dc   Code   RO         8827    i.WM__UpdateChildPositions  STemWin526_CM3_OS_Keil.lib(wm__updatechildpositions.o)
    0x0800f09c   0x00000008   Code   RO          210    i.WriteComm         ili93xx.o
    0x0800f0a4   0x00000008   Code   RO         6879    i.WriteComm         guidrv_template.o
    0x0800f0ac   0x0000000c   Code   RO          211    i.WriteData         ili93xx.o
    0x0800f0b8   0x0000000c   Code   RO         6880    i.WriteData         guidrv_template.o
    0x0800f0c4   0x00000070   Code   RO          572    i.XBF_font_init     display.o
    0x0800f134   0x00000078   Code   RO         7220    i._AddFreeMemory    STemWin526_CM3_OS_Keil.lib(gui_alloc.o)
    0x0800f1ac   0x000000bc   Code   RO         7221    i._Alloc            STemWin526_CM3_OS_Keil.lib(gui_alloc.o)
    0x0800f268   0x00000070   Code   RO         8830    i._BringToTop       STemWin526_CM3_OS_Keil.lib(wm_bringtotop.o)
    0x0800f2d8   0x00000014   Code   RO         7564    i._CalcSizeOfChar   STemWin526_CM3_OS_Keil.lib(gui_uc_encodeutf8.o)
    0x0800f2ec   0x00000004   Code   RO         8243    i._CalcSizeOfChar   STemWin526_CM3_OS_Keil.lib(gui_uc_encodenone.o)
    0x0800f2f0   0x00000074   Code   RO         7466    i._ClearTextBackground  STemWin526_CM3_OS_Keil.lib(gui_encext.o)
    0x0800f364   0x00000010   Code   RO         7410    i._Color2Index      STemWin526_CM3_OS_Keil.lib(gui_enablealpha.o)
    0x0800f374   0x0000001c   Code   RO         7485    i._Color2Index      STemWin526_CM3_OS_Keil.lib(gui_setalpha.o)
    0x0800f390   0x00000078   Code   RO         7411    i._Color2IndexBulk  STemWin526_CM3_OS_Keil.lib(gui_enablealpha.o)
    0x0800f408   0x000000a4   Code   RO         7486    i._Color2IndexBulk  STemWin526_CM3_OS_Keil.lib(gui_setalpha.o)
    0x0800f4ac   0x00000048   Code   RO         7597    i._Color2IndexBulk  STemWin526_CM3_OS_Keil.lib(guicc_m565.o)
    0x0800f4f4   0x0000000e   Code   RO         8266    i._Color2IndexBulk  STemWin526_CM3_OS_Keil.lib(guicc_8888.o)
    0x0800f502   0x00000002   PAD
    0x0800f504   0x00000054   Code   RO         8704    i._Color2Index_0    STemWin526_CM3_OS_Keil.lib(guicc_0.o)
    0x0800f558   0x00000002   Code   RO         8267    i._Color2Index_8888  STemWin526_CM3_OS_Keil.lib(guicc_8888.o)
    0x0800f55a   0x00000002   PAD
    0x0800f55c   0x00000028   Code   RO         7598    i._Color2Index_M565  STemWin526_CM3_OS_Keil.lib(guicc_m565.o)
    0x0800f584   0x0000003e   Code   RO         8416    i._Convert16        STemWin526_CM3_OS_Keil.lib(guidev_writetoactiveopaque.o)
    0x0800f5c2   0x0000003e   Code   RO         8417    i._Convert8         STemWin526_CM3_OS_Keil.lib(guidev_writetoactiveopaque.o)
    0x0800f600   0x00000002   Code   RO         8428    i._Create           STemWin526_CM3_OS_Keil.lib(progbar_skinclassic.o)
    0x0800f602   0x00000002   PAD
    0x0800f604   0x00000148   Code   RO         8384    i._CreateStaticDevice  STemWin526_CM3_OS_Keil.lib(guidev_staticdevices.o)
    0x0800f74c   0x00000012   Code   RO         7975    i._DeleteAllChildren  STemWin526_CM3_OS_Keil.lib(wm.o)
    0x0800f75e   0x00000002   PAD
    0x0800f760   0x00000020   Code   RO         7976    i._DesktopHandle2Index  STemWin526_CM3_OS_Keil.lib(wm.o)
    0x0800f780   0x00000180   Code   RO         7592    i._DispChar         STemWin526_CM3_OS_Keil.lib(gui_xbf_prop.o)
    0x0800f900   0x00000074   Code   RO         8115    i._DispLine         STemWin526_CM3_OS_Keil.lib(gui_charline.o)
    0x0800f974   0x000001e0   Code   RO         7279    i._Draw             STemWin526_CM3_OS_Keil.lib(gui_bmp.o)
    0x0800fb54   0x00000022   Code   RO         6881    i._DrawBitLine16BPP  guidrv_template.o
    0x0800fb76   0x00000002   PAD
    0x0800fb78   0x0000006c   Code   RO         7487    i._DrawBitLine16BPP  STemWin526_CM3_OS_Keil.lib(gui_setalpha.o)
    0x0800fbe4   0x000000f0   Code   RO         6882    i._DrawBitLine1BPP  guidrv_template.o
    0x0800fcd4   0x00000178   Code   RO         7488    i._DrawBitLine1BPP  STemWin526_CM3_OS_Keil.lib(gui_setalpha.o)
    0x0800fe4c   0x00000148   Code   RO         7868    i._DrawBitLine1BPP  STemWin526_CM3_OS_Keil.lib(guidev_16.o)
    0x0800ff94   0x0000011c   Code   RO         8733    i._DrawBitLine1BPP  STemWin526_CM3_OS_Keil.lib(guidev_32.o)
    0x080100b0   0x0000016c   Code   RO         6883    i._DrawBitLine2BPP  guidrv_template.o
    0x0801021c   0x00000114   Code   RO         7489    i._DrawBitLine2BPP  STemWin526_CM3_OS_Keil.lib(gui_setalpha.o)
    0x08010330   0x000000e0   Code   RO         7869    i._DrawBitLine2BPP  STemWin526_CM3_OS_Keil.lib(guidev_16.o)
    0x08010410   0x000000e0   Code   RO         8734    i._DrawBitLine2BPP  STemWin526_CM3_OS_Keil.lib(guidev_32.o)
    0x080104f0   0x0000002a   Code   RO         6884    i._DrawBitLine32BPP  guidrv_template.o
    0x0801051a   0x00000002   PAD
    0x0801051c   0x00000068   Code   RO         7490    i._DrawBitLine32BPP  STemWin526_CM3_OS_Keil.lib(gui_setalpha.o)
    0x08010584   0x00000094   Code   RO         8735    i._DrawBitLine32BPP_DDB  STemWin526_CM3_OS_Keil.lib(guidev_32.o)
    0x08010618   0x0000016c   Code   RO         6885    i._DrawBitLine4BPP  guidrv_template.o
    0x08010784   0x00000114   Code   RO         7491    i._DrawBitLine4BPP  STemWin526_CM3_OS_Keil.lib(gui_setalpha.o)
    0x08010898   0x00000160   Code   RO         7870    i._DrawBitLine4BPP  STemWin526_CM3_OS_Keil.lib(guidev_16.o)
    0x080109f8   0x00000158   Code   RO         8736    i._DrawBitLine4BPP  STemWin526_CM3_OS_Keil.lib(guidev_32.o)
    0x08010b50   0x000000b0   Code   RO         6886    i._DrawBitLine8BPP  guidrv_template.o
    0x08010c00   0x0000009c   Code   RO         7492    i._DrawBitLine8BPP  STemWin526_CM3_OS_Keil.lib(gui_setalpha.o)
    0x08010c9c   0x000000fa   Code   RO         6887    i._DrawBitmap       guidrv_template.o
    0x08010d96   0x00000002   PAD
    0x08010d98   0x000000fc   Code   RO         7412    i._DrawBitmap       STemWin526_CM3_OS_Keil.lib(gui_enablealpha.o)
    0x08010e94   0x000000ca   Code   RO         7493    i._DrawBitmap       STemWin526_CM3_OS_Keil.lib(gui_setalpha.o)
    0x08010f5e   0x00000002   PAD
    0x08010f60   0x000002d8   Code   RO         7871    i._DrawBitmap       STemWin526_CM3_OS_Keil.lib(guidev_16.o)
    0x08011238   0x000002a4   Code   RO         8737    i._DrawBitmap       STemWin526_CM3_OS_Keil.lib(guidev_32.o)
    0x080114dc   0x00000054   Code   RO         7494    i._DrawBitmapLine   STemWin526_CM3_OS_Keil.lib(gui_setalpha.o)
    0x08011530   0x000000e4   Code   RO         7280    i._DrawBitmap_16bpp  STemWin526_CM3_OS_Keil.lib(gui_bmp.o)
    0x08011614   0x000000dc   Code   RO         7281    i._DrawBitmap_Pal   STemWin526_CM3_OS_Keil.lib(gui_bmp.o)
    0x080116f0   0x00000100   Code   RO         7282    i._DrawBitmap_RGB   STemWin526_CM3_OS_Keil.lib(gui_bmp.o)
    0x080117f0   0x0000024c   Code   RO         7283    i._DrawBitmap_RLE   STemWin526_CM3_OS_Keil.lib(gui_bmp.o)
    0x08011a3c   0x00000002   Code   RO         8488    i._DrawDown         STemWin526_CM3_OS_Keil.lib(widget_effect_none.o)
    0x08011a3e   0x00000010   Code   RO         8801    i._DrawDown         STemWin526_CM3_OS_Keil.lib(widget_effect_3d.o)
    0x08011a4e   0x00000002   Code   RO         8489    i._DrawDownRect     STemWin526_CM3_OS_Keil.lib(widget_effect_none.o)
    0x08011a50   0x00000094   Code   RO         8802    i._DrawDownRect     STemWin526_CM3_OS_Keil.lib(widget_effect_3d.o)
    0x08011ae4   0x00000002   Code   RO         8490    i._DrawFlat         STemWin526_CM3_OS_Keil.lib(widget_effect_none.o)
    0x08011ae6   0x0000001a   Code   RO         6888    i._DrawHLine        guidrv_template.o
    0x08011b00   0x00000016   Code   RO         7413    i._DrawHLine        STemWin526_CM3_OS_Keil.lib(gui_enablealpha.o)
    0x08011b16   0x00000002   PAD
    0x08011b18   0x0000007c   Code   RO         7495    i._DrawHLine        STemWin526_CM3_OS_Keil.lib(gui_setalpha.o)
    0x08011b94   0x0000000a   Code   RO         7872    i._DrawHLine        STemWin526_CM3_OS_Keil.lib(guidev_16.o)
    0x08011b9e   0x0000000a   Code   RO         8738    i._DrawHLine        STemWin526_CM3_OS_Keil.lib(guidev_32.o)
    0x08011ba8   0x00000074   Code   RO         7284    i._DrawLine_RGB     STemWin526_CM3_OS_Keil.lib(gui_bmp.o)
    0x08011c1c   0x0000005c   Code   RO         7977    i._DrawNext         STemWin526_CM3_OS_Keil.lib(wm.o)
    0x08011c78   0x00000038   Code   RO         8429    i._DrawPart         STemWin526_CM3_OS_Keil.lib(progbar_skinclassic.o)
    0x08011cb0   0x00000002   Code   RO         8491    i._DrawUp           STemWin526_CM3_OS_Keil.lib(widget_effect_none.o)
    0x08011cb2   0x00000002   Code   RO         8492    i._DrawUpRect       STemWin526_CM3_OS_Keil.lib(widget_effect_none.o)
    0x08011cb4   0x00000068   Code   RO         8803    i._DrawUpRect       STemWin526_CM3_OS_Keil.lib(widget_effect_3d.o)
    0x08011d1c   0x0000001a   Code   RO         6889    i._DrawVLine        guidrv_template.o
    0x08011d36   0x00000016   Code   RO         7414    i._DrawVLine        STemWin526_CM3_OS_Keil.lib(gui_enablealpha.o)
    0x08011d4c   0x00000048   Code   RO         7496    i._DrawVLine        STemWin526_CM3_OS_Keil.lib(gui_setalpha.o)
    0x08011d94   0x000000b8   Code   RO         7873    i._DrawVLine        STemWin526_CM3_OS_Keil.lib(guidev_16.o)
    0x08011e4c   0x000000ac   Code   RO         8739    i._DrawVLine        STemWin526_CM3_OS_Keil.lib(guidev_32.o)
    0x08011ef8   0x00000056   Code   RO         8461    i._EffectRequiresRedraw  STemWin526_CM3_OS_Keil.lib(widget.o)
    0x08011f4e   0x00000046   Code   RO         7565    i._Encode           STemWin526_CM3_OS_Keil.lib(gui_uc_encodeutf8.o)
    0x08011f94   0x00000006   Code   RO         8244    i._Encode           STemWin526_CM3_OS_Keil.lib(gui_uc_encodenone.o)
    0x08011f9a   0x00000002   PAD
    0x08011f9c   0x00000098   Code   RO         7222    i._EnlargeBlocks    STemWin526_CM3_OS_Keil.lib(gui_alloc.o)
    0x08012034   0x00000078   Code   RO         7978    i._Exec1Input       STemWin526_CM3_OS_Keil.lib(wm.o)
    0x080120ac   0x00000030   Code   RO         6890    i._FillRect         guidrv_template.o
    0x080120dc   0x00000014   Code   RO         7415    i._FillRect         STemWin526_CM3_OS_Keil.lib(gui_enablealpha.o)
    0x080120f0   0x00000026   Code   RO         7497    i._FillRect         STemWin526_CM3_OS_Keil.lib(gui_setalpha.o)
    0x08012116   0x00000002   PAD
    0x08012118   0x000000ac   Code   RO         7874    i._FillRect         STemWin526_CM3_OS_Keil.lib(guidev_16.o)
    0x080121c4   0x000000a4   Code   RO         8740    i._FillRect         STemWin526_CM3_OS_Keil.lib(guidev_32.o)
    0x08012268   0x00000148   Code   RO         7979    i._FindNext_IVR     STemWin526_CM3_OS_Keil.lib(wm.o)
    0x080123b0   0x0000007c   Code   RO         7980    i._Findx0           STemWin526_CM3_OS_Keil.lib(wm.o)
    0x0801242c   0x00000072   Code   RO         7981    i._Findx1           STemWin526_CM3_OS_Keil.lib(wm.o)
    0x0801249e   0x000000a6   Code   RO         7982    i._Findy1           STemWin526_CM3_OS_Keil.lib(wm.o)
    0x08012544   0x00000004   Code   RO         8407    i._GUI_USAGE_BM_Delete  STemWin526_CM3_OS_Keil.lib(guidev_usagebm.o)
    0x08012548   0x00000024   Code   RO         7285    i._GetBitfieldsPara  STemWin526_CM3_OS_Keil.lib(gui_bmp.o)
    0x0801256c   0x00000018   Code   RO         7498    i._GetBitsPerPixel  STemWin526_CM3_OS_Keil.lib(gui_setalpha.o)
    0x08012584   0x0000003c   Code   RO         7566    i._GetCharCode      STemWin526_CM3_OS_Keil.lib(gui_uc_encodeutf8.o)
    0x080125c0   0x00000004   Code   RO         8245    i._GetCharCode      STemWin526_CM3_OS_Keil.lib(gui_uc_encodenone.o)
    0x080125c4   0x00000022   Code   RO         7567    i._GetCharSize      STemWin526_CM3_OS_Keil.lib(gui_uc_encodeutf8.o)
    0x080125e6   0x00000004   Code   RO         8246    i._GetCharSize      STemWin526_CM3_OS_Keil.lib(gui_uc_encodenone.o)
    0x080125ea   0x00000002   PAD
    0x080125ec   0x000000d0   Code   RO         7286    i._GetClipParam     STemWin526_CM3_OS_Keil.lib(gui_bmp.o)
    0x080126bc   0x00000014   Code   RO         6891    i._GetDevData       guidrv_template.o
    0x080126d0   0x0000000e   Code   RO         7416    i._GetDevData       STemWin526_CM3_OS_Keil.lib(gui_enablealpha.o)
    0x080126de   0x00000004   Code   RO         7499    i._GetDevData       STemWin526_CM3_OS_Keil.lib(gui_setalpha.o)
    0x080126e2   0x00000002   PAD
    0x080126e4   0x00000010   Code   RO         7875    i._GetDevData       STemWin526_CM3_OS_Keil.lib(guidev_16.o)
    0x080126f4   0x00000010   Code   RO         8741    i._GetDevData       STemWin526_CM3_OS_Keil.lib(guidev_32.o)
    0x08012704   0x00000054   Code   RO         6892    i._GetDevFunc       guidrv_template.o
    0x08012758   0x00000012   Code   RO         7417    i._GetDevFunc       STemWin526_CM3_OS_Keil.lib(gui_enablealpha.o)
    0x0801276a   0x0000000c   Code   RO         7500    i._GetDevFunc       STemWin526_CM3_OS_Keil.lib(gui_setalpha.o)
    0x08012776   0x00000002   PAD
    0x08012778   0x00000010   Code   RO         7876    i._GetDevFunc       STemWin526_CM3_OS_Keil.lib(guidev_16.o)
    0x08012788   0x00000010   Code   RO         8742    i._GetDevFunc       STemWin526_CM3_OS_Keil.lib(guidev_32.o)
    0x08012798   0x00000050   Code   RO         6893    i._GetDevProp       guidrv_template.o
    0x080127e8   0x0000000e   Code   RO         7418    i._GetDevProp       STemWin526_CM3_OS_Keil.lib(gui_enablealpha.o)
    0x080127f6   0x00000008   Code   RO         7501    i._GetDevProp       STemWin526_CM3_OS_Keil.lib(gui_setalpha.o)
    0x080127fe   0x0000001e   Code   RO         7646    i._GetDevProp       STemWin526_CM3_OS_Keil.lib(lcd_getex.o)
    0x0801281c   0x00000008   Code   RO         7877    i._GetDevProp       STemWin526_CM3_OS_Keil.lib(guidev_16.o)
    0x08012824   0x0000000c   Code   RO         8743    i._GetDevProp       STemWin526_CM3_OS_Keil.lib(guidev_32.o)
    0x08012830   0x000000bc   Code   RO         7287    i._GetEarlyOut      STemWin526_CM3_OS_Keil.lib(gui_bmp.o)
    0x080128ec   0x00000010   Code   RO         7419    i._GetIndexMask     STemWin526_CM3_OS_Keil.lib(gui_enablealpha.o)
    0x080128fc   0x0000001c   Code   RO         7502    i._GetIndexMask     STemWin526_CM3_OS_Keil.lib(gui_setalpha.o)
    0x08012918   0x00000052   Code   RO         8705    i._GetIndexMask_0   STemWin526_CM3_OS_Keil.lib(guicc_0.o)
    0x0801296a   0x00000006   Code   RO         8268    i._GetIndexMask_8888  STemWin526_CM3_OS_Keil.lib(guicc_8888.o)
    0x08012970   0x00000006   Code   RO         7599    i._GetIndexMask_M565  STemWin526_CM3_OS_Keil.lib(guicc_m565.o)
    0x08012976   0x00000002   PAD
    0x08012978   0x000000a4   Code   RO         7503    i._GetLine          STemWin526_CM3_OS_Keil.lib(gui_setalpha.o)
    0x08012a1c   0x0000001e   Code   RO         7647    i._GetMaxValue      STemWin526_CM3_OS_Keil.lib(lcd_getex.o)
    0x08012a3a   0x00000002   PAD
    0x08012a3c   0x0000001c   Code   RO         7223    i._GetMinIndex      STemWin526_CM3_OS_Keil.lib(gui_alloc.o)
    0x08012a58   0x00000050   Code   RO         6894    i._GetPixelIndex    guidrv_template.o
    0x08012aa8   0x0000000e   Code   RO         7420    i._GetPixelIndex    STemWin526_CM3_OS_Keil.lib(gui_enablealpha.o)
    0x08012ab6   0x00000008   Code   RO         7504    i._GetPixelIndex    STemWin526_CM3_OS_Keil.lib(gui_setalpha.o)
    0x08012abe   0x0000000e   Code   RO         7878    i._GetPixelIndex    STemWin526_CM3_OS_Keil.lib(guidev_16.o)
    0x08012acc   0x0000000e   Code   RO         8744    i._GetPixelIndex    STemWin526_CM3_OS_Keil.lib(guidev_32.o)
    0x08012ada   0x00000012   Code   RO         7505    i._GetPointers      STemWin526_CM3_OS_Keil.lib(gui_setalpha.o)
    0x08012aec   0x0000001a   Code   RO         6895    i._GetRect          guidrv_template.o
    0x08012b06   0x0000000e   Code   RO         7421    i._GetRect          STemWin526_CM3_OS_Keil.lib(gui_enablealpha.o)
    0x08012b14   0x00000008   Code   RO         7506    i._GetRect          STemWin526_CM3_OS_Keil.lib(gui_setalpha.o)
    0x08012b1c   0x00000030   Code   RO         7879    i._GetRect          STemWin526_CM3_OS_Keil.lib(guidev_16.o)
    0x08012b4c   0x00000030   Code   RO         8745    i._GetRect          STemWin526_CM3_OS_Keil.lib(guidev_32.o)
    0x08012b7c   0x00000010   Code   RO         8145    i._GotoX            STemWin526_CM3_OS_Keil.lib(gui_goto.o)
    0x08012b8c   0x00000010   Code   RO         8146    i._GotoY            STemWin526_CM3_OS_Keil.lib(gui_goto.o)
    0x08012b9c   0x0000001c   Code   RO         8163    i._IncPointer       STemWin526_CM3_OS_Keil.lib(gui_onkey.o)
    0x08012bb8   0x00000006   Code   RO         8164    i._IncReadPointer   STemWin526_CM3_OS_Keil.lib(gui_onkey.o)
    0x08012bbe   0x00000002   PAD
    0x08012bc0   0x00000010   Code   RO         7422    i._Index2Color      STemWin526_CM3_OS_Keil.lib(gui_enablealpha.o)
    0x08012bd0   0x0000001c   Code   RO         7507    i._Index2Color      STemWin526_CM3_OS_Keil.lib(gui_setalpha.o)
    0x08012bec   0x00000064   Code   RO         7288    i._Index2ColorBitfields  STemWin526_CM3_OS_Keil.lib(gui_bmp.o)
    0x08012c50   0x00000078   Code   RO         7423    i._Index2ColorBulk  STemWin526_CM3_OS_Keil.lib(gui_enablealpha.o)
    0x08012cc8   0x000000a8   Code   RO         7508    i._Index2ColorBulk  STemWin526_CM3_OS_Keil.lib(gui_setalpha.o)
    0x08012d70   0x00000058   Code   RO         7600    i._Index2ColorBulk  STemWin526_CM3_OS_Keil.lib(guicc_m565.o)
    0x08012dc8   0x0000000e   Code   RO         8269    i._Index2ColorBulk  STemWin526_CM3_OS_Keil.lib(guicc_8888.o)
    0x08012dd6   0x00000020   Code   RO         8706    i._Index2Color_0    STemWin526_CM3_OS_Keil.lib(guicc_0.o)
    0x08012df6   0x0000001c   Code   RO         6896    i._Init             guidrv_template.o
    0x08012e12   0x00000002   PAD
    0x08012e14   0x00000098   Code   RO         7509    i._InitAlpha        STemWin526_CM3_OS_Keil.lib(gui_setalpha.o)
    0x08012eac   0x00000070   Code   RO         7355    i._InitContext      STemWin526_CM3_OS_Keil.lib(gui_core.o)
    0x08012f1c   0x0000002c   Code   RO         6897    i._InitOnce         guidrv_template.o
    0x08012f48   0x000000a8   Code   RO         7224    i._InitOnce         STemWin526_CM3_OS_Keil.lib(gui_alloc.o)
    0x08012ff0   0x00000080   Code   RO         7983    i._Invalidate1Abs   STemWin526_CM3_OS_Keil.lib(wm.o)
    0x08013070   0x00000002   Code   RO         8116    i._Log2VisBuffered  STemWin526_CM3_OS_Keil.lib(gui_charline.o)
    0x08013072   0x00000002   PAD
    0x08013074   0x00000054   Code   RO         7424    i._ManageAlpha      STemWin526_CM3_OS_Keil.lib(gui_enablealpha.o)
    0x080130c8   0x00000068   Code   RO         7289    i._ManageBitfields  STemWin526_CM3_OS_Keil.lib(gui_bmp.o)
    0x08013130   0x00000008   Code   RO         8364    i._Min              STemWin526_CM3_OS_Keil.lib(guidev_banding.o)
    0x08013138   0x0000003c   Code   RO         7510    i._MixColors        STemWin526_CM3_OS_Keil.lib(gui_setalpha.o)
    0x08013174   0x0000006e   Code   RO         9019    i._MoveDescendents  STemWin526_CM3_OS_Keil.lib(wm_move.o)
    0x080131e2   0x00000002   PAD
    0x080131e4   0x00000024   Code   RO         7290    i._NextPixel_End    STemWin526_CM3_OS_Keil.lib(gui_bmp.o)
    0x08013208   0x00000054   Code   RO         7291    i._NextPixel_FlushBuffer  STemWin526_CM3_OS_Keil.lib(gui_bmp.o)
    0x0801325c   0x00000020   Code   RO         7292    i._NextPixel_NextLine  STemWin526_CM3_OS_Keil.lib(gui_bmp.o)
    0x0801327c   0x000000b8   Code   RO         7293    i._NextPixel_SetPixel  STemWin526_CM3_OS_Keil.lib(gui_bmp.o)
    0x08013334   0x00000084   Code   RO         7294    i._NextPixel_Start  STemWin526_CM3_OS_Keil.lib(gui_bmp.o)
    0x080133b8   0x00000010   Code   RO         6898    i._Off              guidrv_template.o
    0x080133c8   0x00000010   Code   RO         6899    i._On               guidrv_template.o
    0x080133d8   0x00000034   Code   RO         7225    i._OnExit           STemWin526_CM3_OS_Keil.lib(gui_alloc.o)
    0x0801340c   0x0000002c   Code   RO         7356    i._OnExit           STemWin526_CM3_OS_Keil.lib(gui_core.o)
    0x08013438   0x0000001c   Code   RO         7425    i._OnExit           STemWin526_CM3_OS_Keil.lib(gui_enablealpha.o)
    0x08013454   0x00000038   Code   RO         7511    i._OnExit           STemWin526_CM3_OS_Keil.lib(gui_setalpha.o)
    0x0801348c   0x00000034   Code   RO         7984    i._OnExit           STemWin526_CM3_OS_Keil.lib(wm.o)
    0x080134c0   0x00000028   Code   RO         8062    i._OnExit           STemWin526_CM3_OS_Keil.lib(gui__alpha.o)
    0x080134e8   0x00000014   Code   RO         8219    i._OnExit           STemWin526_CM3_OS_Keil.lib(gui_task.o)
    0x080134fc   0x00000014   Code   RO         8338    i._OnExit           STemWin526_CM3_OS_Keil.lib(lcd_color.o)
    0x08013510   0x0000010c   Code   RO         8430    i._Paint            STemWin526_CM3_OS_Keil.lib(progbar_skinclassic.o)
    0x0801361c   0x00000024   Code   RO         7985    i._Paint1           STemWin526_CM3_OS_Keil.lib(wm.o)
    0x08013640   0x0000008c   Code   RO         7986    i._Paint1Trans      STemWin526_CM3_OS_Keil.lib(wm.o)
    0x080136cc   0x0000009a   Code   RO         7987    i._PaintTransChildren  STemWin526_CM3_OS_Keil.lib(wm.o)
    0x08013766   0x00000002   PAD
    0x08013768   0x00000040   Code   RO         7226    i._PopFreeBlock     STemWin526_CM3_OS_Keil.lib(gui_alloc.o)
    0x080137a8   0x00000028   Code   RO         7227    i._PushFreeBlock    STemWin526_CM3_OS_Keil.lib(gui_alloc.o)
    0x080137d0   0x00000094   Code   RO         7512    i._ReadRectFromMemdev  STemWin526_CM3_OS_Keil.lib(gui_setalpha.o)
    0x08013864   0x00000034   Code   RO         7228    i._RemoveFreeBlock  STemWin526_CM3_OS_Keil.lib(gui_alloc.o)
    0x08013898   0x0000005c   Code   RO         8681    i._RemoveFromLinList  STemWin526_CM3_OS_Keil.lib(gui_timer.o)
    0x080138f4   0x000000a0   Code   RO         7229    i._RemoveHoles      STemWin526_CM3_OS_Keil.lib(gui_alloc.o)
    0x08013994   0x00000030   Code   RO         7426    i._SetBkColor       STemWin526_CM3_OS_Keil.lib(gui_enablealpha.o)
    0x080139c4   0x00000020   Code   RO         8291    i._SetBkColor       STemWin526_CM3_OS_Keil.lib(lcd.o)
    0x080139e4   0x0000004c   Code   RO         7988    i._SetClipRectUserIntersect  STemWin526_CM3_OS_Keil.lib(wm.o)
    0x08013a30   0x00000030   Code   RO         7427    i._SetColor         STemWin526_CM3_OS_Keil.lib(gui_enablealpha.o)
    0x08013a60   0x00000020   Code   RO         8292    i._SetColor         STemWin526_CM3_OS_Keil.lib(lcd.o)
    0x08013a80   0x00000030   Code   RO         7428    i._SetDrawMode      STemWin526_CM3_OS_Keil.lib(gui_enablealpha.o)
    0x08013ab0   0x0000002c   Code   RO         8293    i._SetDrawMode      STemWin526_CM3_OS_Keil.lib(lcd.o)
    0x08013adc   0x00000020   Code   RO         6900    i._SetLUTEntry      guidrv_template.o
    0x08013afc   0x0000001e   Code   RO         6901    i._SetOrg           guidrv_template.o
    0x08013b1a   0x0000000e   Code   RO         7429    i._SetOrg           STemWin526_CM3_OS_Keil.lib(gui_enablealpha.o)
    0x08013b28   0x00000008   Code   RO         7513    i._SetOrg           STemWin526_CM3_OS_Keil.lib(gui_setalpha.o)
    0x08013b30   0x00000008   Code   RO         7880    i._SetOrg           STemWin526_CM3_OS_Keil.lib(guidev_16.o)
    0x08013b38   0x00000008   Code   RO         8746    i._SetOrg           STemWin526_CM3_OS_Keil.lib(guidev_32.o)
    0x08013b40   0x0000002a   Code   RO         6902    i._SetPixelIndex    guidrv_template.o
    0x08013b6a   0x00000016   Code   RO         7430    i._SetPixelIndex    STemWin526_CM3_OS_Keil.lib(gui_enablealpha.o)
    0x08013b80   0x00000044   Code   RO         7514    i._SetPixelIndex    STemWin526_CM3_OS_Keil.lib(gui_setalpha.o)
    0x08013bc4   0x00000048   Code   RO         7881    i._SetPixelIndex    STemWin526_CM3_OS_Keil.lib(guidev_16.o)
    0x08013c0c   0x00000048   Code   RO         8747    i._SetPixelIndex    STemWin526_CM3_OS_Keil.lib(guidev_32.o)
    0x08013c54   0x0000003e   Code   RO         6903    i._SetSize          guidrv_template.o
    0x08013c92   0x00000026   Code   RO         6904    i._SetVRAMAddr      guidrv_template.o
    0x08013cb8   0x00000020   Code   RO         6905    i._SetVSize         guidrv_template.o
    0x08013cd8   0x0000002c   Code   RO         7916    i._SetValue         STemWin526_CM3_OS_Keil.lib(progbar.o)
    0x08013d04   0x00000010   Code   RO         7431    i._SwapColors       STemWin526_CM3_OS_Keil.lib(gui_enablealpha.o)
    0x08013d14   0x0000001c   Code   RO         7432    i._SwapIndices      STemWin526_CM3_OS_Keil.lib(gui_enablealpha.o)
    0x08013d30   0x000000ea   Code   RO         7230    i._TestRAM          STemWin526_CM3_OS_Keil.lib(gui_alloc.o)
    0x08013e1a   0x00000002   PAD
    0x08013e1c   0x00000050   Code   RO         8682    i._Unlink           STemWin526_CM3_OS_Keil.lib(gui_timer.o)
    0x08013e6c   0x00000030   Code   RO         7389    i._UnlinkDevice     STemWin526_CM3_OS_Keil.lib(gui_device.o)
    0x08013e9c   0x0000000e   Code   RO         7231    i._WriteTagData     STemWin526_CM3_OS_Keil.lib(gui_alloc.o)
    0x08013eaa   0x00000002   PAD
    0x08013eac   0x00000340   Code   RO         8418    i._WriteToActiveOpaque_8  STemWin526_CM3_OS_Keil.lib(guidev_writetoactiveopaque.o)
    0x080141ec   0x00000354   Code   RO         8419    i._WriteToActiveOpaque_HT  STemWin526_CM3_OS_Keil.lib(guidev_writetoactiveopaque.o)
    0x08014540   0x0000003c   Code   RO         7882    i._XY2PTR           STemWin526_CM3_OS_Keil.lib(guidev_16.o)
    0x0801457c   0x0000003c   Code   RO         8748    i._XY2PTR           STemWin526_CM3_OS_Keil.lib(guidev_32.o)
    0x080145b8   0x00000030   Code   RO         6906    i._XorPixel         guidrv_template.o
    0x080145e8   0x0000000e   Code   RO         7433    i._XorPixel         STemWin526_CM3_OS_Keil.lib(gui_enablealpha.o)
    0x080145f6   0x0000002a   Code   RO         7515    i._XorPixel         STemWin526_CM3_OS_Keil.lib(gui_setalpha.o)
    0x08014620   0x00000054   Code   RO         7883    i._XorPixel         STemWin526_CM3_OS_Keil.lib(guidev_16.o)
    0x08014674   0x00000058   Code   RO         8749    i._XorPixel         STemWin526_CM3_OS_Keil.lib(guidev_32.o)
    0x080146cc   0x00000020   Code   RO         9300    i.__0printf$8       mc_w.l(printf8.o)
    0x080146ec   0x00000028   Code   RO         9302    i.__0sprintf$8      mc_w.l(printf8.o)
    0x08014714   0x00000064   Code   RO          356    i.__get_keyboard_value  keyboard.o
    0x08014778   0x0000000e   Code   RO         9445    i.__scatterload_copy  mc_w.l(handlers.o)
    0x08014786   0x00000002   Code   RO         9446    i.__scatterload_null  mc_w.l(handlers.o)
    0x08014788   0x0000000e   Code   RO         9447    i.__scatterload_zeroinit  mc_w.l(handlers.o)
    0x08014796   0x0000001e   Code   RO          573    i._cbGetData16      display.o
    0x080147b4   0x00000004   Code   RO         8831    i._cbInvalidateOne  STemWin526_CM3_OS_Keil.lib(wm_bringtotop.o)
    0x080147b8   0x00000044   Code   RO         7989    i._cbPaintMemDev    STemWin526_CM3_OS_Keil.lib(wm.o)
    0x080147fc   0x00000410   Code   RO         9307    i._printf_core      mc_w.l(printf8.o)
    0x08014c0c   0x00000024   Code   RO         9308    i._printf_post_padding  mc_w.l(printf8.o)
    0x08014c30   0x0000002e   Code   RO         9309    i._printf_pre_padding  mc_w.l(printf8.o)
    0x08014c5e   0x0000000a   Code   RO         9311    i._sputc            mc_w.l(printf8.o)
    0x08014c68   0x0000004c   Code   RO          381    i.active_request    lcd.o
    0x08014cb4   0x00000098   Code   RO         1412    i.adc_init          power.o
    0x08014d4c   0x00000010   Code   RO          212    i.backlight_off     ili93xx.o
    0x08014d5c   0x00000010   Code   RO          213    i.backlight_on      ili93xx.o
    0x08014d6c   0x00000070   Code   RO          524    i.battery_show_at   battery.o
    0x08014ddc   0x00000010   Code   RO          933    i.beep_init         beep.o
    0x08014dec   0x00000018   Code   RO          934    i.beep_off          beep.o
    0x08014e04   0x00000018   Code   RO          935    i.beep_on           beep.o
    0x08014e1c   0x00000010   Code   RO          968    i.bus_recieve       bus.o
    0x08014e2c   0x00000018   Code   RO          969    i.bus_send          bus.o
    0x08014e44   0x00000020   Code   RO          995    i.bus_send_string   esp8266.o
    0x08014e64   0x00000050   Code   RO         7990    i.cbBackWin         STemWin526_CM3_OS_Keil.lib(wm.o)
    0x08014eb4   0x0000003e   Code   RO          382    i.char2u32_16       lcd.o
    0x08014ef2   0x00000002   PAD
    0x08014ef4   0x0000005c   Code   RO          574    i.clock_show        display.o
    0x08014f50   0x00000024   Code   RO          996    i.close_conn        esp8266.o
    0x08014f74   0x00000012   Code   RO          525    i.clothe_battery_show  battery.o
    0x08014f86   0x00000002   PAD
    0x08014f88   0x00000038   Code   RO          997    i.connect_ap        esp8266.o
    0x08014fc0   0x00000054   Code   RO         1830    i.crc               download.o
    0x08015014   0x00000014   Code   RO          998    i.disable_esp8266   esp8266.o
    0x08015028   0x0000000c   Code   RO         1733    i.disable_usb_pass_through  usart.o
    0x08015034   0x0000003c   Code   RO          575    i.display_en        display.o
    0x08015070   0x00000040   Code   RO          576    i.display_hanzi     display.o
    0x080150b0   0x00000030   Code   RO          577    i.display_iterm     display.o
    0x080150e0   0x0000003c   Code   RO          578    i.display_key       display.o
    0x0801511c   0x00000054   Code   RO          579    i.display_task_info  display.o
    0x08015170   0x00000124   Code   RO         1831    i.download_task     download.o
    0x08015294   0x00000054   Code   RO         1832    i.download_task_init  download.o
    0x080152e8   0x00000024   Code   RO         1867    i.e2prom_Reads      e2prom.o
    0x0801530c   0x00000038   Code   RO         1437    i.e2prom_onboard_init  rom_onboard.o
    0x08015344   0x0000008a   Code   RO         8294    i.emWin_LCD_Init    STemWin526_CM3_OS_Keil.lib(lcd.o)
    0x080153ce   0x00000002   PAD
    0x080153d0   0x00000014   Code   RO          999    i.enbale_esp8266    esp8266.o
    0x080153e4   0x000000c8   Code   RO         1000    i.esp8266_init      esp8266.o
    0x080154ac   0x0000002a   Code   RO         1001    i.esp8266_update_firmware  esp8266.o
    0x080154d6   0x00000024   Code   RO         1003    i.exe_cmd           esp8266.o
    0x080154fa   0x00000002   PAD
    0x080154fc   0x00000114   Code   RO         1210    i.fix_I2C_busy      i2c.o
    0x08015610   0x00000058   Code   RO         1474    i.flash_block_erase64k  spi_flash.o
    0x08015668   0x00000070   Code   RO         1475    i.flash_bytes_read  spi_flash.o
    0x080156d8   0x00000024   Code   RO         1477    i.flash_erase       spi_flash.o
    0x080156fc   0x0000005c   Code   RO         1480    i.flash_page_write_addr  spi_flash.o
    0x08015758   0x00000024   Code   RO         1483    i.flash_write_enable  spi_flash.o
    0x0801577c   0x0000001c   Code   RO         1734    i.fputc             usart.o
    0x08015798   0x0000003c   Code   RO         1413    i.get_adc_val       power.o
    0x080157d4   0x00000044   Code   RO         1004    i.get_id            esp8266.o
    0x08015818   0x00000010   Code   RO         1006    i.get_ip_port       esp8266.o
    0x08015828   0x00000024   Code   RO          357    i.get_keyboard_value  keyboard.o
    0x0801584c   0x00000030   Code   RO         1007    i.get_len           esp8266.o
    0x0801587c   0x00000006   Code   RO         1484    i.get_page_size     spi_flash.o
    0x08015882   0x00000002   PAD
    0x08015884   0x0000006c   Code   RO         1414    i.get_power         power.o
    0x080158f0   0x00000002   Code   RO          580    i.get_statistac     display.o
    0x080158f2   0x00000002   PAD
    0x080158f4   0x00000050   Code   RO         1695    i.get_time          time.o
    0x08015944   0x00000012   Code   RO          526    i.gun_battery_show  battery.o
    0x08015956   0x00000054   Code   RO         1833    i.handle_erase_info  download.o
    0x080159aa   0x00000024   Code   RO         1211    i.i2c_Reads         i2c.o
    0x080159ce   0x00000002   PAD
    0x080159d0   0x000000f0   Code   RO         1213    i.i2c_init          i2c.o
    0x08015ac0   0x000000d4   Code   RO         1215    i.i2c_opt           i2c.o
    0x08015b94   0x0000003e   Code   RO          384    i.int2chars_16      lcd.o
    0x08015bd2   0x00000002   PAD
    0x08015bd4   0x0000001c   Code   RO         1268    i.key_Reads         key.o
    0x08015bf0   0x00000018   Code   RO         1272    i.key_get_gpio      key.o
    0x08015c08   0x00000014   Code   RO         1274    i.key_get_ip_suffix  key.o
    0x08015c1c   0x000000f8   Code   RO         1276    i.key_init          key.o
    0x08015d14   0x0000005c   Code   RO         1277    i.key_state_machine_task  key.o
    0x08015d70   0x00000080   Code   RO          358    i.keyboard_init     keyboard.o
    0x08015df0   0x00000012   Code   RO          527    i.lcd_battery_show  battery.o
    0x08015e02   0x00000060   Code   RO          214    i.lcd_display_bitmap  ili93xx.o
    0x08015e62   0x00000002   PAD
    0x08015e64   0x00000024   Code   RO          215    i.lcd_trunoff_backlight_countdown  ili93xx.o
    0x08015e88   0x00000070   Code   RO          807    i.main              main.o
    0x08015ef8   0x0000013c   Code   RO          385    i.main_loop         lcd.o
    0x08016034   0x00000020   Code   RO         5571    i.mutex_init        mutex.o
    0x08016054   0x00000016   Code   RO         5572    i.mutex_lock        mutex.o
    0x0801606a   0x00000010   Code   RO         5573    i.mutex_unlock      mutex.o
    0x0801607a   0x00000002   PAD
    0x0801607c   0x00000198   Code   RO          386    i.net_init          lcd.o
    0x08016214   0x00000028   Code   RO         1008    i.net_receive_sync  esp8266.o
    0x0801623c   0x00000022   Code   RO          936    i.ok_notice         beep.o
    0x0801625e   0x00000002   PAD
    0x08016260   0x00000068   Code   RO          581    i.pic_preload       display.o
    0x080162c8   0x000000b0   Code   RO         1009    i.ping              esp8266.o
    0x08016378   0x00000018   Code   RO         1279    i.read_key_from_eeprom  key.o
    0x08016390   0x0000006c   Code   RO          582    i.read_spi_flash_header  display.o
    0x080163fc   0x000000a0   Code   RO         1010    i.recv_data         esp8266.o
    0x0801649c   0x00000064   Code   RO          387    i.recv_gun_handler  lcd.o
    0x08016500   0x0000012c   Code   RO          388    i.recv_host_handler  lcd.o
    0x0801662c   0x00000050   Code   RO          390    i.recv_task         lcd.o
    0x0801667c   0x0000000c   Code   RO          970    i.register_bus      bus.o
    0x08016688   0x00000014   Code   RO         1735    i.reset_buffer      usart.o
    0x0801669c   0x00000090   Code   RO         1011    i.reset_esp8266     esp8266.o
    0x0801672c   0x00000014   Code   RO         1736    i.reset_rx_buffer1  usart.o
    0x08016740   0x000000f4   Code   RO         1012    i.send_data         esp8266.o
    0x08016834   0x0000001c   Code   RO          391    i.sendto_host       lcd.o
    0x08016850   0x0000000c   Code   RO          583    i.set_ammo          display.o
    0x0801685c   0x00000030   Code   RO         1015    i.set_auto_conn     esp8266.o
    0x0801688c   0x0000000c   Code   RO          584    i.set_blod          display.o
    0x08016898   0x00000028   Code   RO         1017    i.set_echo          esp8266.o
    0x080168c0   0x0000000c   Code   RO          585    i.set_enemy         display.o
    0x080168cc   0x0000000c   Code   RO          586    i.set_headshot      display.o
    0x080168d8   0x0000000c   Code   RO          587    i.set_headshoted    display.o
    0x080168e4   0x00000030   Code   RO         1018    i.set_ip            esp8266.o
    0x08016914   0x0000000c   Code   RO          588    i.set_kill          display.o
    0x08016920   0x0000000c   Code   RO          589    i.set_killed        display.o
    0x0801692c   0x0000002c   Code   RO         1020    i.set_mode          esp8266.o
    0x08016958   0x0000002c   Code   RO         1021    i.set_mux           esp8266.o
    0x08016984   0x0000000c   Code   RO          590    i.set_our           display.o
    0x08016990   0x00000018   Code   RO         1696    i.set_time          time.o
    0x080169a8   0x0000002c   Code   RO          591    i.show_background   display.o
    0x080169d4   0x00000084   Code   RO          592    i.show_home         display.o
    0x08016a58   0x00000054   Code   RO          593    i.show_msg          display.o
    0x08016aac   0x00000124   Code   RO          594    i.show_statistac    display.o
    0x08016bd0   0x000000dc   Code   RO          595    i.show_task         display.o
    0x08016cac   0x00000038   Code   RO          596    i.spi_flash_get_bg  display.o
    0x08016ce4   0x00000038   Code   RO          597    i.spi_flash_get_head_pic  display.o
    0x08016d1c   0x00000034   Code   RO          598    i.spi_flash_get_msg  display.o
    0x08016d50   0x0000000a   Code   RO         1488    i.spi_read_byte     spi_flash.o
    0x08016d5a   0x00000002   PAD
    0x08016d5c   0x00000040   Code   RO         1489    i.spi_write_byte    spi_flash.o
    0x08016d9c   0x00000054   Code   RO          394    i.start_gun_tasks   lcd.o
    0x08016df0   0x0000009c   Code   RO          395    i.start_net_init_task  lcd.o
    0x08016e8c   0x00000164   Code   RO         1737    i.uart_inint        usart.o
    0x08016ff0   0x00000030   Code   RO         1023    i.udp_close         esp8266.o
    0x08017020   0x000000b0   Code   RO         1024    i.udp_setup         esp8266.o
    0x080170d0   0x00000014   Code   RO         1025    i.update_esp8266    esp8266.o
    0x080170e4   0x00000070   Code   RO          396    i.update_iterm_task  lcd.o
    0x08017154   0x000000ac   Code   RO          599    i.upiterm_show      display.o
    0x08017200   0x00000048   Code   RO         1738    i.usb_uart_get_char  usart.o
    0x08017248   0x00000058   Code   RO         1739    i.usb_uart_get_string  usart.o
    0x080172a0   0x00000020   Code   RO         1740    i.usb_uart_putc     usart.o
    0x080172c0   0x00000016   Code   RO         5574    i.wait_for          mutex.o
    0x080172d6   0x0000005c   Code   RO         1026    i.wait_for_return   esp8266.o
    0x08017332   0x00000002   PAD
    0x08017334   0x00000020   Code   RO         5575    i.wait_init         mutex.o
    0x08017354   0x00000010   Code   RO         5576    i.wake_up           mutex.o
    0x08017364   0x00000020   Code   RO         1742    i.wifi_uart_putc    usart.o
    0x08017384   0x0000004c   Code   RO         1743    i.wifi_uart_recieve  usart.o
    0x080173d0   0x00000040   Code   RO         1744    i.wifi_uart_recieve1  usart.o
    0x08017410   0x00000018   Code   RO         1745    i.wifi_uart_send    usart.o
    0x08017428   0x00000014   Code   RO         1027    i.work_esp8266      esp8266.o
    0x0801743c   0x00000030   Data   RO          398    .constdata          lcd.o
    0x0801746c   0x000000f8   Data   RO          528    .constdata          battery.o
    0x08017564   0x0000068c   Data   RO          560    .constdata          task_font.o
    0x08017bf0   0x0000045c   Data   RO          601    .constdata          display.o
    0x0801804c   0x00000844   Data   RO          797    .constdata          songti20.o
    0x08018890   0x000000a4   Data   RO         5693    .constdata          os_cfg_app.o
    0x08018934   0x0000016c   Data   RO         5961    .constdata          os_dbg.o
    0x08018aa0   0x00000034   Data   RO         6907    .constdata          guidrv_template.o
    0x08018ad4   0x00000008   Data   RO         7296    .constdata          STemWin526_CM3_OS_Keil.lib(gui_bmp.o)
    0x08018adc   0x00000008   Data   RO         7358    .constdata          STemWin526_CM3_OS_Keil.lib(gui_core.o)
    0x08018ae4   0x00000008   Data   RO         7390    .constdata          STemWin526_CM3_OS_Keil.lib(gui_device.o)
    0x08018aec   0x00000058   Data   RO         7434    .constdata          STemWin526_CM3_OS_Keil.lib(gui_enablealpha.o)
    0x08018b44   0x0000000c   Data   RO         7467    .constdata          STemWin526_CM3_OS_Keil.lib(gui_encext.o)
    0x08018b50   0x0000004c   Data   RO         7516    .constdata          STemWin526_CM3_OS_Keil.lib(gui_setalpha.o)
    0x08018b9c   0x00000010   Data   RO         7568    .constdata          STemWin526_CM3_OS_Keil.lib(gui_uc_encodeutf8.o)
    0x08018bac   0x00000018   Data   RO         7593    .constdata          STemWin526_CM3_OS_Keil.lib(gui_xbf_prop.o)
    0x08018bc4   0x00000018   Data   RO         7601    .constdata          STemWin526_CM3_OS_Keil.lib(guicc_m565.o)
    0x08018bdc   0x00000a30   Data   RO         7737    .constdata          STemWin526_CM3_OS_Keil.lib(f8x16.o)
    0x0801960c   0x000001c0   Data   RO         7738    .constdata          STemWin526_CM3_OS_Keil.lib(f8x16.o)
    0x080197cc   0x00000008   Data   RO         7739    .constdata          STemWin526_CM3_OS_Keil.lib(f8x16.o)
    0x080197d4   0x00000014   Data   RO         7740    .constdata          STemWin526_CM3_OS_Keil.lib(f8x16.o)
    0x080197e8   0x00000024   Data   RO         7741    .constdata          STemWin526_CM3_OS_Keil.lib(f8x16.o)
    0x0801980c   0x00000010   Data   RO         7749    .constdata          STemWin526_CM3_OS_Keil.lib(f16_ascii.o)
    0x0801981c   0x00000010   Data   RO         7750    .constdata          STemWin526_CM3_OS_Keil.lib(f16_ascii.o)
    0x0801982c   0x00000010   Data   RO         7751    .constdata          STemWin526_CM3_OS_Keil.lib(f16_ascii.o)
    0x0801983c   0x00000010   Data   RO         7752    .constdata          STemWin526_CM3_OS_Keil.lib(f16_ascii.o)
    0x0801984c   0x00000010   Data   RO         7753    .constdata          STemWin526_CM3_OS_Keil.lib(f16_ascii.o)
    0x0801985c   0x00000020   Data   RO         7754    .constdata          STemWin526_CM3_OS_Keil.lib(f16_ascii.o)
    0x0801987c   0x00000020   Data   RO         7755    .constdata          STemWin526_CM3_OS_Keil.lib(f16_ascii.o)
    0x0801989c   0x00000010   Data   RO         7756    .constdata          STemWin526_CM3_OS_Keil.lib(f16_ascii.o)
    0x080198ac   0x00000010   Data   RO         7757    .constdata          STemWin526_CM3_OS_Keil.lib(f16_ascii.o)
    0x080198bc   0x00000010   Data   RO         7758    .constdata          STemWin526_CM3_OS_Keil.lib(f16_ascii.o)
    0x080198cc   0x00000010   Data   RO         7759    .constdata          STemWin526_CM3_OS_Keil.lib(f16_ascii.o)
    0x080198dc   0x00000010   Data   RO         7760    .constdata          STemWin526_CM3_OS_Keil.lib(f16_ascii.o)
    0x080198ec   0x00000010   Data   RO         7761    .constdata          STemWin526_CM3_OS_Keil.lib(f16_ascii.o)
    0x080198fc   0x00000010   Data   RO         7762    .constdata          STemWin526_CM3_OS_Keil.lib(f16_ascii.o)
    0x0801990c   0x00000010   Data   RO         7763    .constdata          STemWin526_CM3_OS_Keil.lib(f16_ascii.o)
    0x0801991c   0x00000010   Data   RO         7764    .constdata          STemWin526_CM3_OS_Keil.lib(f16_ascii.o)
    0x0801992c   0x00000010   Data   RO         7765    .constdata          STemWin526_CM3_OS_Keil.lib(f16_ascii.o)
    0x0801993c   0x00000010   Data   RO         7766    .constdata          STemWin526_CM3_OS_Keil.lib(f16_ascii.o)
    0x0801994c   0x00000010   Data   RO         7767    .constdata          STemWin526_CM3_OS_Keil.lib(f16_ascii.o)
    0x0801995c   0x00000010   Data   RO         7768    .constdata          STemWin526_CM3_OS_Keil.lib(f16_ascii.o)
    0x0801996c   0x00000010   Data   RO         7769    .constdata          STemWin526_CM3_OS_Keil.lib(f16_ascii.o)
    0x0801997c   0x00000010   Data   RO         7770    .constdata          STemWin526_CM3_OS_Keil.lib(f16_ascii.o)
    0x0801998c   0x00000010   Data   RO         7771    .constdata          STemWin526_CM3_OS_Keil.lib(f16_ascii.o)
    0x0801999c   0x00000010   Data   RO         7772    .constdata          STemWin526_CM3_OS_Keil.lib(f16_ascii.o)
    0x080199ac   0x00000010   Data   RO         7773    .constdata          STemWin526_CM3_OS_Keil.lib(f16_ascii.o)
    0x080199bc   0x00000010   Data   RO         7774    .constdata          STemWin526_CM3_OS_Keil.lib(f16_ascii.o)
    0x080199cc   0x00000010   Data   RO         7775    .constdata          STemWin526_CM3_OS_Keil.lib(f16_ascii.o)
    0x080199dc   0x00000010   Data   RO         7776    .constdata          STemWin526_CM3_OS_Keil.lib(f16_ascii.o)
    0x080199ec   0x00000010   Data   RO         7777    .constdata          STemWin526_CM3_OS_Keil.lib(f16_ascii.o)
    0x080199fc   0x00000010   Data   RO         7778    .constdata          STemWin526_CM3_OS_Keil.lib(f16_ascii.o)
    0x08019a0c   0x00000010   Data   RO         7779    .constdata          STemWin526_CM3_OS_Keil.lib(f16_ascii.o)
    0x08019a1c   0x00000010   Data   RO         7780    .constdata          STemWin526_CM3_OS_Keil.lib(f16_ascii.o)
    0x08019a2c   0x00000020   Data   RO         7781    .constdata          STemWin526_CM3_OS_Keil.lib(f16_ascii.o)
    0x08019a4c   0x00000020   Data   RO         7782    .constdata          STemWin526_CM3_OS_Keil.lib(f16_ascii.o)
    0x08019a6c   0x00000020   Data   RO         7783    .constdata          STemWin526_CM3_OS_Keil.lib(f16_ascii.o)
    0x08019a8c   0x00000020   Data   RO         7784    .constdata          STemWin526_CM3_OS_Keil.lib(f16_ascii.o)
    0x08019aac   0x00000020   Data   RO         7785    .constdata          STemWin526_CM3_OS_Keil.lib(f16_ascii.o)
    0x08019acc   0x00000020   Data   RO         7786    .constdata          STemWin526_CM3_OS_Keil.lib(f16_ascii.o)
    0x08019aec   0x00000010   Data   RO         7787    .constdata          STemWin526_CM3_OS_Keil.lib(f16_ascii.o)
    0x08019afc   0x00000020   Data   RO         7788    .constdata          STemWin526_CM3_OS_Keil.lib(f16_ascii.o)
    0x08019b1c   0x00000020   Data   RO         7789    .constdata          STemWin526_CM3_OS_Keil.lib(f16_ascii.o)
    0x08019b3c   0x00000010   Data   RO         7790    .constdata          STemWin526_CM3_OS_Keil.lib(f16_ascii.o)
    0x08019b4c   0x00000010   Data   RO         7791    .constdata          STemWin526_CM3_OS_Keil.lib(f16_ascii.o)
    0x08019b5c   0x00000020   Data   RO         7792    .constdata          STemWin526_CM3_OS_Keil.lib(f16_ascii.o)
    0x08019b7c   0x00000010   Data   RO         7793    .constdata          STemWin526_CM3_OS_Keil.lib(f16_ascii.o)
    0x08019b8c   0x00000020   Data   RO         7794    .constdata          STemWin526_CM3_OS_Keil.lib(f16_ascii.o)
    0x08019bac   0x00000020   Data   RO         7795    .constdata          STemWin526_CM3_OS_Keil.lib(f16_ascii.o)
    0x08019bcc   0x00000020   Data   RO         7796    .constdata          STemWin526_CM3_OS_Keil.lib(f16_ascii.o)
    0x08019bec   0x00000020   Data   RO         7797    .constdata          STemWin526_CM3_OS_Keil.lib(f16_ascii.o)
    0x08019c0c   0x00000020   Data   RO         7798    .constdata          STemWin526_CM3_OS_Keil.lib(f16_ascii.o)
    0x08019c2c   0x00000020   Data   RO         7799    .constdata          STemWin526_CM3_OS_Keil.lib(f16_ascii.o)
    0x08019c4c   0x00000020   Data   RO         7800    .constdata          STemWin526_CM3_OS_Keil.lib(f16_ascii.o)
    0x08019c6c   0x00000010   Data   RO         7801    .constdata          STemWin526_CM3_OS_Keil.lib(f16_ascii.o)
    0x08019c7c   0x00000020   Data   RO         7802    .constdata          STemWin526_CM3_OS_Keil.lib(f16_ascii.o)
    0x08019c9c   0x00000020   Data   RO         7803    .constdata          STemWin526_CM3_OS_Keil.lib(f16_ascii.o)
    0x08019cbc   0x00000020   Data   RO         7804    .constdata          STemWin526_CM3_OS_Keil.lib(f16_ascii.o)
    0x08019cdc   0x00000010   Data   RO         7805    .constdata          STemWin526_CM3_OS_Keil.lib(f16_ascii.o)
    0x08019cec   0x00000020   Data   RO         7806    .constdata          STemWin526_CM3_OS_Keil.lib(f16_ascii.o)
    0x08019d0c   0x00000010   Data   RO         7807    .constdata          STemWin526_CM3_OS_Keil.lib(f16_ascii.o)
    0x08019d1c   0x00000010   Data   RO         7808    .constdata          STemWin526_CM3_OS_Keil.lib(f16_ascii.o)
    0x08019d2c   0x00000010   Data   RO         7809    .constdata          STemWin526_CM3_OS_Keil.lib(f16_ascii.o)
    0x08019d3c   0x00000010   Data   RO         7810    .constdata          STemWin526_CM3_OS_Keil.lib(f16_ascii.o)
    0x08019d4c   0x00000010   Data   RO         7811    .constdata          STemWin526_CM3_OS_Keil.lib(f16_ascii.o)
    0x08019d5c   0x00000010   Data   RO         7812    .constdata          STemWin526_CM3_OS_Keil.lib(f16_ascii.o)
    0x08019d6c   0x00000010   Data   RO         7813    .constdata          STemWin526_CM3_OS_Keil.lib(f16_ascii.o)
    0x08019d7c   0x00000010   Data   RO         7814    .constdata          STemWin526_CM3_OS_Keil.lib(f16_ascii.o)
    0x08019d8c   0x00000010   Data   RO         7815    .constdata          STemWin526_CM3_OS_Keil.lib(f16_ascii.o)
    0x08019d9c   0x00000010   Data   RO         7816    .constdata          STemWin526_CM3_OS_Keil.lib(f16_ascii.o)
    0x08019dac   0x00000010   Data   RO         7817    .constdata          STemWin526_CM3_OS_Keil.lib(f16_ascii.o)
    0x08019dbc   0x00000010   Data   RO         7818    .constdata          STemWin526_CM3_OS_Keil.lib(f16_ascii.o)
    0x08019dcc   0x00000010   Data   RO         7819    .constdata          STemWin526_CM3_OS_Keil.lib(f16_ascii.o)
    0x08019ddc   0x00000010   Data   RO         7820    .constdata          STemWin526_CM3_OS_Keil.lib(f16_ascii.o)
    0x08019dec   0x00000010   Data   RO         7821    .constdata          STemWin526_CM3_OS_Keil.lib(f16_ascii.o)
    0x08019dfc   0x00000010   Data   RO         7822    .constdata          STemWin526_CM3_OS_Keil.lib(f16_ascii.o)
    0x08019e0c   0x00000010   Data   RO         7823    .constdata          STemWin526_CM3_OS_Keil.lib(f16_ascii.o)
    0x08019e1c   0x00000010   Data   RO         7824    .constdata          STemWin526_CM3_OS_Keil.lib(f16_ascii.o)
    0x08019e2c   0x00000010   Data   RO         7825    .constdata          STemWin526_CM3_OS_Keil.lib(f16_ascii.o)
    0x08019e3c   0x00000020   Data   RO         7826    .constdata          STemWin526_CM3_OS_Keil.lib(f16_ascii.o)
    0x08019e5c   0x00000010   Data   RO         7827    .constdata          STemWin526_CM3_OS_Keil.lib(f16_ascii.o)
    0x08019e6c   0x00000010   Data   RO         7828    .constdata          STemWin526_CM3_OS_Keil.lib(f16_ascii.o)
    0x08019e7c   0x00000010   Data   RO         7829    .constdata          STemWin526_CM3_OS_Keil.lib(f16_ascii.o)
    0x08019e8c   0x00000010   Data   RO         7830    .constdata          STemWin526_CM3_OS_Keil.lib(f16_ascii.o)
    0x08019e9c   0x00000010   Data   RO         7831    .constdata          STemWin526_CM3_OS_Keil.lib(f16_ascii.o)
    0x08019eac   0x00000010   Data   RO         7832    .constdata          STemWin526_CM3_OS_Keil.lib(f16_ascii.o)
    0x08019ebc   0x00000010   Data   RO         7833    .constdata          STemWin526_CM3_OS_Keil.lib(f16_ascii.o)
    0x08019ecc   0x00000010   Data   RO         7834    .constdata          STemWin526_CM3_OS_Keil.lib(f16_ascii.o)
    0x08019edc   0x00000010   Data   RO         7835    .constdata          STemWin526_CM3_OS_Keil.lib(f16_ascii.o)
    0x08019eec   0x00000020   Data   RO         7836    .constdata          STemWin526_CM3_OS_Keil.lib(f16_ascii.o)
    0x08019f0c   0x00000010   Data   RO         7837    .constdata          STemWin526_CM3_OS_Keil.lib(f16_ascii.o)
    0x08019f1c   0x00000010   Data   RO         7838    .constdata          STemWin526_CM3_OS_Keil.lib(f16_ascii.o)
    0x08019f2c   0x00000010   Data   RO         7839    .constdata          STemWin526_CM3_OS_Keil.lib(f16_ascii.o)
    0x08019f3c   0x00000010   Data   RO         7840    .constdata          STemWin526_CM3_OS_Keil.lib(f16_ascii.o)
    0x08019f4c   0x00000010   Data   RO         7841    .constdata          STemWin526_CM3_OS_Keil.lib(f16_ascii.o)
    0x08019f5c   0x00000010   Data   RO         7842    .constdata          STemWin526_CM3_OS_Keil.lib(f16_ascii.o)
    0x08019f6c   0x00000010   Data   RO         7843    .constdata          STemWin526_CM3_OS_Keil.lib(f16_ascii.o)
    0x08019f7c   0x00000300   Data   RO         7844    .constdata          STemWin526_CM3_OS_Keil.lib(f16_ascii.o)
    0x0801a27c   0x0000000c   Data   RO         7845    .constdata          STemWin526_CM3_OS_Keil.lib(f16_ascii.o)
    0x0801a288   0x00000024   Data   RO         7846    .constdata          STemWin526_CM3_OS_Keil.lib(f16_ascii.o)
    0x0801a2ac   0x00000074   Data   RO         7884    .constdata          STemWin526_CM3_OS_Keil.lib(guidev_16.o)
    0x0801a320   0x00000020   Data   RO         8078    .constdata          STemWin526_CM3_OS_Keil.lib(gui__divtbl_31_255.o)
    0x0801a340   0x00000040   Data   RO         8079    .constdata          STemWin526_CM3_OS_Keil.lib(gui__divtbl_63_255.o)
    0x0801a380   0x00000100   Data   RO         8080    .constdata          STemWin526_CM3_OS_Keil.lib(gui__divtbl_255_31.o)
    0x0801a480   0x00000100   Data   RO         8081    .constdata          STemWin526_CM3_OS_Keil.lib(gui__divtbl_255_63.o)
    0x0801a580   0x00000010   Data   RO         8247    .constdata          STemWin526_CM3_OS_Keil.lib(gui_uc_encodenone.o)
    0x0801a590   0x00000018   Data   RO         8270    .constdata          STemWin526_CM3_OS_Keil.lib(guicc_8888.o)
    0x0801a5a8   0x0000000c   Data   RO         8295    .constdata          STemWin526_CM3_OS_Keil.lib(lcd.o)
    0x0801a5b4   0x00000100   Data   RO         8351    .constdata          STemWin526_CM3_OS_Keil.lib(lcd_mirror.o)
    0x0801a6b4   0x00000518   Data   RO         8356    .constdata          STemWin526_CM3_OS_Keil.lib(f6x8.o)
    0x0801abcc   0x000001c0   Data   RO         8357    .constdata          STemWin526_CM3_OS_Keil.lib(f6x8.o)
    0x0801ad8c   0x00000008   Data   RO         8358    .constdata          STemWin526_CM3_OS_Keil.lib(f6x8.o)
    0x0801ad94   0x00000014   Data   RO         8359    .constdata          STemWin526_CM3_OS_Keil.lib(f6x8.o)
    0x0801ada8   0x00000024   Data   RO         8360    .constdata          STemWin526_CM3_OS_Keil.lib(f6x8.o)
    0x0801adcc   0x00000018   Data   RO         8408    .constdata          STemWin526_CM3_OS_Keil.lib(guidev_usagebm.o)
    0x0801ade4   0x00000008   Data   RO         8420    .constdata          STemWin526_CM3_OS_Keil.lib(guidev_writetoactiveopaque.o)
    0x0801adec   0x0000000c   Data   RO         8431    .constdata          STemWin526_CM3_OS_Keil.lib(progbar_skinclassic.o)
    0x0801adf8   0x0000001c   Data   RO         8493    .constdata          STemWin526_CM3_OS_Keil.lib(widget_effect_none.o)
    0x0801ae14   0x00000028   Data   RO         8573    .constdata          STemWin526_CM3_OS_Keil.lib(gui_adddecshift.o)
    0x0801ae3c   0x00000018   Data   RO         8707    .constdata          STemWin526_CM3_OS_Keil.lib(guicc_0.o)
    0x0801ae54   0x00000074   Data   RO         8750    .constdata          STemWin526_CM3_OS_Keil.lib(guidev_32.o)
    0x0801aec8   0x0000001c   Data   RO         8804    .constdata          STemWin526_CM3_OS_Keil.lib(widget_effect_3d.o)
    0x0801aee4   0x0000000c   Data   RO         9077    .constdata          mc_w.l(localtime.o)
    0x0801aef0   0x00000020   Data   RO         9443    Region$$Table       anon$$obj.o


    Execution Region RW_IRAM1 (Base: 0x20000000, Size: 0x00007e68, Max: 0x00010000, ABSOLUTE, COMPRESSED[0x0000020c])

    Base Addr    Size         Type   Attr      Idx    E Section Name        Object

    0x20000000   0x00000004   Data   RW          218    .data               ili93xx.o
    0x20000004   0x00000020   Data   RW          359    .data               keyboard.o
    0x20000024   0x00000010   Data   RW          399    .data               lcd.o
    0x20000034   0x000004dc   Data   RW          602    .data               display.o
    0x20000510   0x00000008   Data   RW          971    .data               bus.o
    0x20000518   0x00000001   Data   RW         1029    .data               esp8266.o
    0x20000519   0x00000003   PAD
    0x2000051c   0x00000066   Data   RW         1281    .data               key.o
    0x20000582   0x00000002   PAD
    0x20000584   0x00000104   Data   RW         1491    .data               spi_flash.o
    0x20000688   0x00000001   Data   RW         1697    .data               time.o
    0x20000689   0x00000003   PAD
    0x2000068c   0x0000001c   Data   RW         1747    .data               usart.o
    0x200006a8   0x00000014   Data   RW         3617    .data               stm32f10x_rcc.o
    0x200006bc   0x0000001c   Data   RW         5152    .data               cpu_core.o
    0x200006d8   0x00000004   Data   RW         5624    .data               os_cpu_c.o
    0x200006dc   0x00000008   Data   RW         6273    .data               os_prio.o
    0x200006e4   0x000000d8   Data   RW         6811    .data               os_var.o
    0x200007bc   0x00000008   Data   RW         7233    .data               STemWin526_CM3_OS_Keil.lib(gui_alloc.o)
    0x200007c4   0x00000014   Data   RW         7297    .data               STemWin526_CM3_OS_Keil.lib(gui_bmp.o)
    0x200007d8   0x0000002c   Data   RW         7359    .data               STemWin526_CM3_OS_Keil.lib(gui_core.o)
    0x20000804   0x00000004   Data   RW         7360    .data               STemWin526_CM3_OS_Keil.lib(gui_core.o)
    0x20000808   0x00000004   Data   RW         7361    .data               STemWin526_CM3_OS_Keil.lib(gui_core.o)
    0x2000080c   0x00000004   Data   RW         7362    .data               STemWin526_CM3_OS_Keil.lib(gui_core.o)
    0x20000810   0x00000004   Data   RW         7363    .data               STemWin526_CM3_OS_Keil.lib(gui_core.o)
    0x20000814   0x00000004   Data   RW         7364    .data               STemWin526_CM3_OS_Keil.lib(gui_core.o)
    0x20000818   0x00000002   Data   RW         7365    .data               STemWin526_CM3_OS_Keil.lib(gui_core.o)
    0x2000081a   0x00000002   PAD
    0x2000081c   0x00000004   Data   RW         7366    .data               STemWin526_CM3_OS_Keil.lib(gui_core.o)
    0x20000820   0x00000002   Data   RW         7367    .data               STemWin526_CM3_OS_Keil.lib(gui_core.o)
    0x20000822   0x00000002   Data   RW         7368    .data               STemWin526_CM3_OS_Keil.lib(gui_core.o)
    0x20000824   0x0000002c   Data   RW         7435    .data               STemWin526_CM3_OS_Keil.lib(gui_enablealpha.o)
    0x20000850   0x00000008   Data   RW         7468    .data               STemWin526_CM3_OS_Keil.lib(gui_encext.o)
    0x20000858   0x00000020   Data   RW         7517    .data               STemWin526_CM3_OS_Keil.lib(gui_setalpha.o)
    0x20000878   0x00000008   Data   RW         7602    .data               STemWin526_CM3_OS_Keil.lib(guicc_m565.o)
    0x20000880   0x00000004   Data   RW         7885    .data               STemWin526_CM3_OS_Keil.lib(guidev_16.o)
    0x20000884   0x0000001c   Data   RW         7917    .data               STemWin526_CM3_OS_Keil.lib(progbar.o)
    0x200008a0   0x00000060   Data   RW         7992    .data               STemWin526_CM3_OS_Keil.lib(wm.o)
    0x20000900   0x00000028   Data   RW         8063    .data               STemWin526_CM3_OS_Keil.lib(gui__alpha.o)
    0x20000928   0x00000014   Data   RW         8094    .data               STemWin526_CM3_OS_Keil.lib(gui__managecache.o)
    0x2000093c   0x00000004   Data   RW         8117    .data               STemWin526_CM3_OS_Keil.lib(gui_charline.o)
    0x20000940   0x0000000c   Data   RW         8166    .data               STemWin526_CM3_OS_Keil.lib(gui_onkey.o)
    0x2000094c   0x0000001c   Data   RW         8220    .data               STemWin526_CM3_OS_Keil.lib(gui_task.o)
    0x20000968   0x0000000c   Data   RW         8259    .data               STemWin526_CM3_OS_Keil.lib(gui_waitevent.o)
    0x20000974   0x00000004   Data   RW         8296    .data               STemWin526_CM3_OS_Keil.lib(lcd.o)
    0x20000978   0x00000004   Data   RW         8323    .data               STemWin526_CM3_OS_Keil.lib(lcd_aa.o)
    0x2000097c   0x00000010   Data   RW         8339    .data               STemWin526_CM3_OS_Keil.lib(lcd_color.o)
    0x2000098c   0x00000004   Data   RW         8365    .data               STemWin526_CM3_OS_Keil.lib(guidev_banding.o)
    0x20000990   0x00000001   Data   RW         8386    .data               STemWin526_CM3_OS_Keil.lib(guidev_staticdevices.o)
    0x20000991   0x00000003   PAD
    0x20000994   0x00000004   Data   RW         8462    .data               STemWin526_CM3_OS_Keil.lib(widget.o)
    0x20000998   0x00000004   Data   RW         8502    .data               STemWin526_CM3_OS_Keil.lib(wm__sendmessage.o)
    0x2000099c   0x00000014   Data   RW         8683    .data               STemWin526_CM3_OS_Keil.lib(gui_timer.o)
    0x200009b0   0x00000014   Data   RW         8805    .data               STemWin526_CM3_OS_Keil.lib(widget_effect_3d.o)
    0x200009c4   0x00000004   Data   RW         9408    .data               mc_w.l(stdout.o)
    0x200009c8   0x0000005c   Zero   RW          216    .bss                ili93xx.o
    0x20000a24   0x00000004   PAD
    0x20000a28   0x00001d38   Zero   RW          397    .bss                lcd.o
    0x20002760   0x00000718   Zero   RW          600    .bss                display.o
    0x20002e78   0x000010d0   Zero   RW          808    .bss                main.o
    0x20003f48   0x0000092c   Zero   RW         1028    .bss                esp8266.o
    0x20004874   0x00000068   Zero   RW         1216    .bss                i2c.o
    0x200048dc   0x00000004   PAD
    0x200048e0   0x0000033d   Zero   RW         1280    .bss                key.o
    0x20004c1d   0x00000003   PAD
    0x20004c20   0x00000a50   Zero   RW         1746    .bss                usart.o
    0x20005670   0x000005d2   Zero   RW         1834    .bss                download.o
    0x20005c42   0x00000002   PAD
    0x20005c44   0x00001450   Zero   RW         5692    .bss                os_cfg_app.o
    0x20007094   0x00000004   PAD
    0x20007098   0x00000710   Zero   RW         6810    .bss                os_var.o
    0x200077a8   0x00000050   Zero   RW         7123    .bss                gui_x.o
    0x200077f8   0x000000c8   Zero   RW         7232    .bss                STemWin526_CM3_OS_Keil.lib(gui_alloc.o)
    0x200078c0   0x00000054   Zero   RW         7295    .bss                STemWin526_CM3_OS_Keil.lib(gui_bmp.o)
    0x20007914   0x00000070   Zero   RW         7357    .bss                STemWin526_CM3_OS_Keil.lib(gui_core.o)
    0x20007984   0x00000018   Zero   RW         7991    .bss                STemWin526_CM3_OS_Keil.lib(wm.o)
    0x2000799c   0x00000058   Zero   RW         8165    .bss                STemWin526_CM3_OS_Keil.lib(gui_onkey.o)
    0x200079f4   0x00000048   Zero   RW         8545    .bss                STemWin526_CM3_OS_Keil.lib(wm_touch.o)
    0x20007a3c   0x0000002c   Zero   RW         9076    .bss                mc_w.l(localtime.o)
    0x20007a68   0x00000400   Zero   RW         5002    STACK               startup_stm32f10x_hd.o



  Load Region LR$$.ARM.__AT_0x68000000 (Base: 0x68000000, Size: 0x00000000, Max: 0x00100000, ABSOLUTE)

    Execution Region ER$$.ARM.__AT_0x68000000 (Base: 0x68000000, Size: 0x00100000, Max: 0x00100000, ABSOLUTE, UNINIT)

    Base Addr    Size         Type   Attr      Idx    E Section Name        Object

    0x68000000   0x00100000   Zero   RW         6864    .ARM.__AT_0x68000000  guiconf.o


==============================================================================

Image component sizes


      Code (inc. data)   RO Data    RW Data    ZI Data      Debug   Object Name

       166         10        248          0          0       2594   battery.o
       238         16          0          0          0       2340   beep.o
        84          6          0          0          0     310524   bsp.o
        52         16          0          8          0       1884   bus.o
         0          0          0          0          0         32   core_cm3.o
        42          0          0          0          0        256   cpu_a.o
       296         52          0         28          0       4972   cpu_core.o
      2116        366       1116       1244       1816      17350   display.o
       580         46          0          0       1490      18820   download.o
        36          0          0          0          0        919   e2prom.o
      1918        374          0          1       2348      15601   esp8266.o
       146         36          0          0         80       3593   gui_x.o
        48         14          0          0    1048576       1087   guiconf.o
      2370         96         52          0          0      68577   guidrv_template.o
      1612         88          0          0        104       5770   i2c.o
      1330         78          0          4         92      37592   ili93xx.o
       436         74          0        102        829       4307   key.o
       264         44          0         32          0       2609   keyboard.o
      1784        248         48         16       7480      59822   lcd.o
        98         10          0          0          0       1797   lcdconf_flexcolor_template.o
       152         36          0          0       4304       1371   main.o
       152         30          0          0          0       3693   misc.o
       140         28          0          0          0       3134   mutex.o
         0          0          0          0          0      17920   os_app_hooks.o
       252        166        164          0       5200      19871   os_cfg_app.o
      2958        388          0          0          0      18415   os_core.o
       132         32          0          0          0        284   os_cpu_a.o
       640         66          0          4          0       6509   os_cpu_c.o
       432        286        364          0          0       4559   os_dbg.o
       746         28          0          0          0       2773   os_flag.o
      1092        194          0          0          0       3282   os_int.o
        24         10          0          0          0        745   os_mem.o
       436         22          0          0          0       3316   os_msg.o
        24         10          0          0          0        743   os_mutex.o
       136         16          0          8          0       2494   os_prio.o
       416         20          0          0          0       1978   os_q.o
      1268         62          0          0          0       5055   os_sem.o
      1068        158          0          0          0       2598   os_stat.o
      3996        184          0          0          0       9508   os_task.o
      1308        120          0          0          0       4929   os_tick.o
      1020         52          0          0          0       3361   os_time.o
      1236        160          0          0          0       5818   os_tmr.o
         0          0          0        216       1808      18446   os_var.o
       320         26          0          0          0       1551   power.o
        56          6          0          0          0        490   rom_onboard.o
         0          0       2116          0          0       3124   songti20.o
       740         56          0        260          0     234271   spi_flash.o
       200         18          0          0          0        641   sram.o
        36          8        304          0       1024        800   startup_stm32f10x_hd.o
       486         24          0          0          0      17370   stm32f10x_adc.o
        44          6          0          0          0       2031   stm32f10x_bkp.o
       282          6          0          0          0       9701   stm32f10x_fsmc.o
       458          6          0          0          0      13302   stm32f10x_gpio.o
       554         20          0          0          0      17545   stm32f10x_i2c.o
        16          6          0          0          0        457   stm32f10x_iwdg.o
        12          6          0          0          0        494   stm32f10x_pwr.o
       548         82          0         20          0      17927   stm32f10x_rcc.o
       208         40          0          0          0       3922   stm32f10x_rtc.o
       112          0          0          0          0      10638   stm32f10x_spi.o
       408         52          0          0          0      23851   stm32f10x_tim.o
       442          6          0          0          0      12033   stm32f10x_usart.o
       328         28          0          0          0       1853   system_stm32f10x.o
         0          0       1676          0          0       1671   task_font.o
       292         10          0          1          0       3697   time.o
      1040        194          0         28       2640       8303   usart.o
         8          0          0          0          0        416   watch_dog.o

    ----------------------------------------------------------------------
     37896       4242       6120       1980    1077808    1087336   Object Totals
         0          0         32          0          0          0   (incl. Generated)
        62          0          0          8         17          0   (incl. Padding)

    ----------------------------------------------------------------------

      Code (inc. data)   RO Data    RW Data    ZI Data      Debug   Library Member Name

         0          0       2720          0          0          0   f16_ascii.o
         0          0       1816          0          0          0   f6x8.o
         0          0       3120          0          0          0   f8x16.o
       128          4          0          0          0         84   gui_2dlib.o
       856         38          0         40          0        512   gui__alpha.o
       648          0          0          0          0        160   gui__compactpixelindices.o
         0          0        256          0          0          0   gui__divtbl_255_31.o
         0          0        256          0          0          0   gui__divtbl_255_63.o
         0          0         32          0          0          0   gui__divtbl_31_255.o
         0          0         64          0          0          0   gui__divtbl_63_255.o
       532         10          0          0          0        192   gui__expandpixelindices.o
        20          6          0          0          0         68   gui__getfontsizey.o
        26          0          0          0          0         80   gui__getnumchars.o
        58          0          0          0          0         68   gui__intersectrect.o
        82          0          0          0          0         80   gui__intersectrects.o
       216          8          0         20          0        156   gui__managecache.o
        76          0          0          0          0         76   gui__memset.o
        60          0          0          0          0         76   gui__memset16.o
        56          0          0          0          0        136   gui__read.o
        26          0          0          0          0         68   gui__reducerect.o
        26          0          0          0          0         88   gui_adddecmin.o
       196         16         40          0          0        160   gui_adddecshift.o
      1908        124          0          8        200       2056   gui_alloc.o
        46          0          0          0          0         80   gui_alloc_alloczero.o
      3328         98          8         20         84       1740   gui_bmp.o
        60          0          0          0          0         76   gui_calccolordist.o
       164         20          0          0          0        308   gui_char.o
       458         36          0          4          0        472   gui_charline.o
       394         10          0          0          0        300   gui_charm.o
       308         10          0          0          0        384   gui_charp.o
       324         18          0          0          0        456   gui_charpext.o
       464         72          8         74        112        552   gui_core.o
       470         38          8          0          0        744   gui_device.o
       264          4          0          0          0         88   gui_dispstring.o
        40          6          0          0          0         88   gui_dispstringat.o
       244         14          0          0          0        184   gui_drawbitmap.o
        88          6          0          0          0         84   gui_drawhline.o
        80          6          0          0          0         80   gui_drawvline.o
      1156         96         88         44          0       1948   gui_enablealpha.o
       308         28         12          8          0        248   gui_encext.o
        52          4          0          0          0        152   gui_exec.o
        88          4          0          0          0         84   gui_fillrect.o
        48          0          0          0          0        152   gui_getcolor.o
        20          0          0          0          0         76   gui_getfontsizey.o
        54         10          0          0          0        156   gui_getorg.o
        20          0          0          0          0         80   gui_getstringdistx.o
        66         12          0          0          0        216   gui_goto.o
        88          0          0          0          0         76   gui_mergerect.o
        30          0          0          0          0         68   gui_moverect.o
       102         12          0         12         88        284   gui_onkey.o
        28          4          0          0          0         80   gui_pen.o
        86          0          0          0          0         80   gui_realloc.o
        56          0          0          0          0         68   gui_rectsintersect.o
        32         10          0          0          0        136   gui_savecontext.o
        48         10          0          0          0         80   gui_selectlayer.o
        26          0          0          0          0         80   gui_selectlcd.o
      3168        172         76         32          0       2764   gui_setalpha.o
        44          0          0          0          0        160   gui_setcolor.o
        64          6          0          0          0         80   gui_setdefault.o
        24          0          0          0          0         76   gui_setdrawmode.o
        32          6          0          0          0         80   gui_setfont.o
        28          4          0          0          0         80   gui_setlinestyle.o
        64         16          0          0          0         88   gui_setorg.o
        32          6          0          0          0         80   gui_settextalign.o
        32          6          0          0          0         80   gui_settextmode.o
       324         32          0         28          0        392   gui_task.o
       104          6          0          0          0         84   gui_time.o
       354         16          0         20          0        484   gui_timer.o
        84         10          0          0          0        168   gui_uc.o
        18          0         16          0          0        272   gui_uc_encodenone.o
       212          8         16          0          0        364   gui_uc_encodeutf8.o
        16          4          0         12          0         68   gui_waitevent.o
       442          8          0          0          0        488   gui_xbf.o
       384          4         24          0          0        100   gui_xbf_prop.o
       198          0         24          0          0        244   guicc_0.o
        36          0         24          0          0        288   guicc_8888.o
         2          0          0          0          0         68   guicc_8888_index2color.o
         2          0          0          0          0         68   guicc_888_index2color.o
        36          6          0          0          0         68   guicc_m555_index2color.o
       250         42         24          8          0        412   guicc_m565.o
       806         38          0          0          0        760   guidev.o
      2324         66        116          4          0       1336   guidev_16.o
      2356         62        116          0          0       1440   guidev_32.o
       320         20          0          4          0        236   guidev_banding.o
        68          4          0          0          0         76   guidev_clear.o
        34          0          0          0          0         80   guidev_getdataptr.o
       104         12          0          0          0        160   guidev_getpos.o
        52          6          0          0          0         80   guidev_getxsize.o
        52          6          0          0          0         80   guidev_getysize.o
        56          4          0          0          0         80   guidev_reduceysize.o
       100          4          0          0          0         80   guidev_setorg.o
       358         22          0          1          0        188   guidev_staticdevices.o
        84          0          0          0          0        164   guidev_usage.o
       424          4         24          0          0        460   guidev_usagebm.o
       116          4          0          0          0        148   guidev_write.o
       400         14          0          0          0         96   guidev_writetoactivealpha.o
      1868         16          8          0          0        492   guidev_writetoactiveopaque.o
      1730        118         12          4          0       1436   lcd.o
        16          6          0          4          0         68   lcd_aa.o
       260         26          0         16          0        388   lcd_color.o
        32         12          0          0          0        136   lcd_getcolorindex.o
       400         32          0          0          0       1416   lcd_getex.o
        26          0          0          0          0         80   lcd_getnumdisplays.o
         0          0        256          0          0          0   lcd_mirror.o
       504         18          0          0          0        184   lcd_readrect.o
        64         10          0          0          0         80   lcd_selectlcd.o
       176          0          0          0          0        336   lcd_set.o
        48         10          0          0          0         80   lcd_setcliprectex.o
        36          4          0          0          0         80   lcd_updatecolorindices.o
       888         12          0         28          0        664   progbar.o
        22          0          0          0          0         84   progbar_create.o
        50          0          0          0          0         84   progbar_setbarcolor.o
        60          0          0          0          0         84   progbar_setminmax.o
       326          0         12          0          0        248   progbar_skinclassic.o
       546          4          0          4          0        560   widget.o
       284          8         28         20          0        340   widget_effect_3d.o
        10          0         28          0          0        340   widget_effect_none.o
        22          0          0          0          0         76   widget_seteffect.o
      4704        228          0         96         24       4224   wm.o
        44          0          0          0          0         80   wm__foreachdesc.o
        18          0          0          0          0         76   wm__getfirstsibling.o
        36          0          0          0          0         80   wm__getprevsibling.o
        20          0          0          0          0         68   wm__screen2client.o
        60          6          0          4          0         88   wm__sendmessage.o
        38          0          0          0          0         80   wm__sendmessagenopara.o
       220          0          0          0          0         96   wm__updatechildpositions.o
       136          0          0          0          0         92   wm_bringtobottom.o
       138          6          0          0          0        228   wm_bringtotop.o
        16          6          0          0          0         68   wm_criticalhandle.o
        30          0          0          0          0         88   wm_foreachdesc.o
       102         10          0          0          0        248   wm_getclientrect.o
        24         10          0          0          0         68   wm_getdesktopwindow.o
        26          0          0          0          0         76   wm_getfirstchild.o
        32          0          0          0          0         80   wm_getorg.o
        26          0          0          0          0         76   wm_getparent.o
        24          0          0          0          0         76   wm_iswindow.o
        34          0          0          0          0         84   wm_memdev.o
       294          0          0          0          0        272   wm_move.o
        16          0          0          0          0         76   wm_notifyparent.o
        64          8          0          0          0         88   wm_onkey.o
       244          0          0          0          0         88   wm_resizewindow.o
        26          0          0          0          0         88   wm_sendmessagenopara.o
        38          0          0          0          0         92   wm_sendtoparent.o
       168         10          0          0          0         88   wm_setfocus.o
        72          0          0          0          0         84   wm_setsize.o
        32          4          0          0          0         80   wm_setusercliprect.o
       124          0          0          0          0        164   wm_timer.o
         0          0          0          0         72          0   wm_touch.o
        86          0          0          0          0          0   __dczerorl2.o
         0          0          0          0          0          0   entry.o
         0          0          0          0          0          0   entry10a.o
         0          0          0          0          0          0   entry11a.o
         8          4          0          0          0          0   entry2.o
         4          0          0          0          0          0   entry5.o
         0          0          0          0          0          0   entry7b.o
         0          0          0          0          0          0   entry8b.o
         8          4          0          0          0          0   entry9a.o
        30          0          0          0          0          0   handlers.o
        36          8          0          0          0         68   init.o
         0          0          0          0          0          0   iusefp.o
        30          0          0          0          0         68   llshl.o
        32          0          0          0          0         68   llushr.o
       148         10         12          0         44         76   localtime.o
        26          0          0          0          0         80   memcmp.o
        64          0          0          0          0         76   memmovea.o
        36          0          0          0          0        108   memseta.o
      1204         60          0          0          0        504   printf8.o
         0          0          0          4          0          0   stdout.o
        30          0          0          0          0         80   strncmp.o
        98          0          0          0          0         92   uldiv.o
        20          0          0          0          0         68   cfcmple.o
        56          0          0          0          0         88   d2f.o
       186          0          0          0          0        176   depilogue.o
       228          0          0          0          0         96   dmul.o
        38          0          0          0          0         68   f2d.o
       176          0          0          0          0        140   fadd.o
       124          0          0          0          0         88   fdiv.o
       110          0          0          0          0        168   fepilogue.o
        50          0          0          0          0         68   ffixi.o
        18          0          0          0          0         68   fflti.o
        10          0          0          0          0         68   ffltui.o
       100          0          0          0          0         76   fmul.o

    ----------------------------------------------------------------------
     44804       2002       9244        524        624      43024   Library Totals
       116          0          0          5          0          0   (incl. Padding)

    ----------------------------------------------------------------------

      Code (inc. data)   RO Data    RW Data    ZI Data      Debug   Library Name

     41732       1916       9232        515        580      40632   STemWin526_CM3_OS_Keil.lib
      1840         86         12          4         44       1220   mc_w.l
      1116          0          0          0          0       1172   mf_w.l

    ----------------------------------------------------------------------
     44804       2002       9244        524        624      43024   Library Totals

    ----------------------------------------------------------------------

==============================================================================


      Code (inc. data)   RO Data    RW Data    ZI Data      Debug   

     82700       6244      15364       2504    1078432    1082804   Grand Totals
     82700       6244      15364        524    1078432    1082804   ELF Image Totals (compressed)
     82700       6244      15364        524          0          0   ROM Totals

==============================================================================

    Total RO  Size (Code + RO Data)                98064 (  95.77kB)
    Total RW  Size (RW Data + ZI Data)           1080936 (1055.60kB)
    Total ROM Size (Code + RO Data + RW Data)      98588 (  96.28kB)

==============================================================================

