Component: ARM Compiler 5.05 update 1 (build 106) Tool: armlink [4d0efa]

==============================================================================

Section Cross References

    bsp.o(i.BSP_CPU_ClkFreq) refers to stm32f10x_rcc.o(i.RCC_GetClocksFreq) for RCC_GetClocksFreq
    bsp.o(i.BSP_Init) refers to misc.o(i.NVIC_PriorityGroupConfig) for NVIC_PriorityGroupConfig
    bsp.o(i.BSP_Init) refers to usart.o(i.uart_inint) for uart_inint
    bsp.o(i.BSP_Init) refers to sram.o(i.FSMC_SRAM_Init) for FSMC_SRAM_Init
    bsp.o(i.BSP_Init) refers to ili93xx.o(i.TFTLCD_Init) for TFTLCD_Init
    bsp.o(i.BSP_Init) refers to esp8266.o(i.esp8266_init) for esp8266_init
    bsp.o(i.BSP_Init) refers to i2c.o(i.i2c_init) for i2c_init
    bsp.o(i.BSP_Init) refers to spi_flash.o(i.SPI3_init) for SPI3_init
    bsp.o(i.BSP_Init) refers to keyboard.o(i.keyboard_init) for keyboard_init
    bsp.o(i.BSP_Init) refers to rom_onboard.o(i.e2prom_onboard_init) for e2prom_onboard_init
    bsp.o(i.BSP_Init) refers to beep.o(i.beep_init) for beep_init
    bsp.o(i.BSP_Init) refers to download.o(i.download_task_init) for download_task_init
    bsp.o(i.BSP_Init) refers to power.o(i.adc_init) for adc_init
    bsp.o(i.CPU_TS_TmrInit) refers to bsp.o(i.BSP_CPU_ClkFreq) for BSP_CPU_ClkFreq
    bsp.o(i.CPU_TS_TmrInit) refers to cpu_core.o(i.CPU_TS_TmrFreqSet) for CPU_TS_TmrFreqSet
    ili93xx.o(i.BlockWrite) refers to ili93xx.o(i.WriteComm) for WriteComm
    ili93xx.o(i.BlockWrite) refers to ili93xx.o(i.WriteData) for WriteData
    ili93xx.o(i.DMA2_Channel4_5_IRQHandler) refers to stm32f10x_dma.o(i.DMA_GetFlagStatus) for DMA_GetFlagStatus
    ili93xx.o(i.DMA2_Channel4_5_IRQHandler) refers to stm32f10x_dma.o(i.DMA_Cmd) for DMA_Cmd
    ili93xx.o(i.DMA2_Channel4_5_IRQHandler) refers to stm32f10x_dma.o(i.DMA_ClearFlag) for DMA_ClearFlag
    ili93xx.o(i.DMA2_Channel4_5_IRQHandler) refers to mutex.o(i.wake_up) for wake_up
    ili93xx.o(i.DMA2_Channel4_5_IRQHandler) refers to ili93xx.o(.bss) for waiter
    ili93xx.o(i.LCD_FSMC_Config) refers to stm32f10x_fsmc.o(i.FSMC_NORSRAMInit) for FSMC_NORSRAMInit
    ili93xx.o(i.LCD_FSMC_Config) refers to stm32f10x_fsmc.o(i.FSMC_NORSRAMCmd) for FSMC_NORSRAMCmd
    ili93xx.o(i.LCD_Fill) refers to ili93xx.o(i.Lcd_ColorBox) for Lcd_ColorBox
    ili93xx.o(i.LCD_GPIO_Config) refers to stm32f10x_rcc.o(i.RCC_APB2PeriphClockCmd) for RCC_APB2PeriphClockCmd
    ili93xx.o(i.LCD_GPIO_Config) refers to stm32f10x_gpio.o(i.GPIO_Init) for GPIO_Init
    ili93xx.o(i.LCD_WR_DATA) refers to ili93xx.o(i.WriteData) for WriteData
    ili93xx.o(i.Lcd_ColorBox) refers to ili93xx.o(i.BlockWrite) for BlockWrite
    ili93xx.o(i.Lcd_ColorBox) refers to ili93xx.o(i.LCD_WR_DATA) for LCD_WR_DATA
    ili93xx.o(i.TFTLCD_Init) refers to stm32f10x_rcc.o(i.RCC_AHBPeriphClockCmd) for RCC_AHBPeriphClockCmd
    ili93xx.o(i.TFTLCD_Init) refers to misc.o(i.NVIC_Init) for NVIC_Init
    ili93xx.o(i.TFTLCD_Init) refers to stm32f10x_dma.o(i.DMA_Cmd) for DMA_Cmd
    ili93xx.o(i.TFTLCD_Init) refers to stm32f10x_dma.o(i.DMA_Init) for DMA_Init
    ili93xx.o(i.TFTLCD_Init) refers to stm32f10x_dma.o(i.DMA_ITConfig) for DMA_ITConfig
    ili93xx.o(i.TFTLCD_Init) refers to ili93xx.o(i.LCD_GPIO_Config) for LCD_GPIO_Config
    ili93xx.o(i.TFTLCD_Init) refers to ili93xx.o(i.LCD_FSMC_Config) for LCD_FSMC_Config
    ili93xx.o(i.TFTLCD_Init) refers to stm32f10x_gpio.o(i.GPIO_ResetBits) for GPIO_ResetBits
    ili93xx.o(i.TFTLCD_Init) refers to os_time.o(i.OSTimeDlyHMSM) for OSTimeDlyHMSM
    ili93xx.o(i.TFTLCD_Init) refers to stm32f10x_gpio.o(i.GPIO_SetBits) for GPIO_SetBits
    ili93xx.o(i.TFTLCD_Init) refers to ili93xx.o(i.WriteComm) for WriteComm
    ili93xx.o(i.TFTLCD_Init) refers to ili93xx.o(i.WriteData) for WriteData
    ili93xx.o(i.TFTLCD_Init) refers to ili93xx.o(i.Delay) for Delay
    ili93xx.o(i.TFTLCD_Init) refers to mutex.o(i.mutex_init) for mutex_init
    ili93xx.o(i.TFTLCD_Init) refers to mutex.o(i.wait_init) for wait_init
    ili93xx.o(i.TFTLCD_Init) refers to os_tmr.o(i.OSTmrCreate) for OSTmrCreate
    ili93xx.o(i.TFTLCD_Init) refers to ili93xx.o(.bss) for DMA_InitStructure
    ili93xx.o(i.TFTLCD_Init) refers to ili93xx.o(.data) for init_flag
    ili93xx.o(i.TFTLCD_Init) refers to ili93xx.o(i.backlight_off) for backlight_off
    ili93xx.o(i.backlight_off) refers to ili93xx.o(.data) for lcd_light_status
    ili93xx.o(i.backlight_on) refers to ili93xx.o(.data) for lcd_light_status
    ili93xx.o(i.dma_config) refers to stm32f10x_dma.o(i.DMA_Init) for DMA_Init
    ili93xx.o(i.dma_config) refers to stm32f10x_dma.o(i.DMA_Cmd) for DMA_Cmd
    ili93xx.o(i.dma_config) refers to ili93xx.o(.bss) for DMA_InitStructure
    ili93xx.o(i.get_backlight_status) refers to ili93xx.o(.data) for lcd_light_status
    ili93xx.o(i.lcd_display_bitmap) refers to os_core.o(i.OSSchedLock) for OSSchedLock
    ili93xx.o(i.lcd_display_bitmap) refers to ili93xx.o(i.BlockWrite) for BlockWrite
    ili93xx.o(i.lcd_display_bitmap) refers to ili93xx.o(i.LCD_WR_DATA) for LCD_WR_DATA
[...]
    0x0800de16   0x00000002   PAD
    0x0800de18   0x00000090   Code   RO         8062    i.WM_Exec           STemWin526_CM3_OS_Keil.lib(wm.o)
    0x0800dea8   0x0000001e   Code   RO         9147    i.WM_ForEachDesc    STemWin526_CM3_OS_Keil.lib(wm_foreachdesc.o)
    0x0800dec6   0x00000002   PAD
    0x0800dec8   0x0000002c   Code   RO         8640    i.WM_GetClientRect  STemWin526_CM3_OS_Keil.lib(wm_getclientrect.o)
    0x0800def4   0x0000001a   Code   RO         8641    i.WM_GetClientRectEx  STemWin526_CM3_OS_Keil.lib(wm_getclientrect.o)
    0x0800df0e   0x00000002   PAD
    0x0800df10   0x00000018   Code   RO         8646    i.WM_GetDesktopWindow  STemWin526_CM3_OS_Keil.lib(wm_getdesktopwindow.o)
    0x0800df28   0x0000001a   Code   RO         8648    i.WM_GetFirstChild  STemWin526_CM3_OS_Keil.lib(wm_getfirstchild.o)
    0x0800df42   0x0000001a   Code   RO         8991    i.WM_GetParent      STemWin526_CM3_OS_Keil.lib(wm_getparent.o)
    0x0800df5c   0x00000020   Code   RO         8985    i.WM_GetWindowOrgX  STemWin526_CM3_OS_Keil.lib(wm_getorg.o)
    0x0800df7c   0x000000d4   Code   RO         8064    i.WM_Init           STemWin526_CM3_OS_Keil.lib(wm.o)
    0x0800e050   0x00000080   Code   RO         8065    i.WM_InvalidateRect  STemWin526_CM3_OS_Keil.lib(wm.o)
    0x0800e0d0   0x00000006   Code   RO         8066    i.WM_InvalidateWindow  STemWin526_CM3_OS_Keil.lib(wm.o)
    0x0800e0d6   0x0000005e   Code   RO         8067    i.WM_InvalidateWindowAndDescsEx  STemWin526_CM3_OS_Keil.lib(wm.o)
    0x0800e134   0x00000018   Code   RO         9007    i.WM_IsWindow       STemWin526_CM3_OS_Keil.lib(wm_iswindow.o)
    0x0800e14c   0x0000001e   Code   RO         9158    i.WM_MoveWindow     STemWin526_CM3_OS_Keil.lib(wm_move.o)
    0x0800e16a   0x00000010   Code   RO         8650    i.WM_NotifyParent   STemWin526_CM3_OS_Keil.lib(wm_notifyparent.o)
    0x0800e17a   0x00000002   PAD
    0x0800e17c   0x00000040   Code   RO         9009    i.WM_OnKey          STemWin526_CM3_OS_Keil.lib(wm_onkey.o)
    0x0800e1bc   0x000000f4   Code   RO         9167    i.WM_ResizeWindow   STemWin526_CM3_OS_Keil.lib(wm_resizewindow.o)
    0x0800e2b0   0x00000044   Code   RO         8068    i.WM_SelectWindow   STemWin526_CM3_OS_Keil.lib(wm.o)
    0x0800e2f4   0x0000001e   Code   RO         8069    i.WM_SendMessage    STemWin526_CM3_OS_Keil.lib(wm.o)
    0x0800e312   0x0000001a   Code   RO         8652    i.WM_SendMessageNoPara  STemWin526_CM3_OS_Keil.lib(wm_sendmessagenopara.o)
    0x0800e32c   0x00000026   Code   RO         8654    i.WM_SendToParent   STemWin526_CM3_OS_Keil.lib(wm_sendtoparent.o)
    0x0800e352   0x00000002   PAD
    0x0800e354   0x00000014   Code   RO         8070    i.WM_SetDefault     STemWin526_CM3_OS_Keil.lib(wm.o)
    0x0800e368   0x000000a8   Code   RO         9032    i.WM_SetFocus       STemWin526_CM3_OS_Keil.lib(wm_setfocus.o)
    0x0800e410   0x00000048   Code   RO         9036    i.WM_SetSize        STemWin526_CM3_OS_Keil.lib(wm_setsize.o)
    0x0800e458   0x00000020   Code   RO         9038    i.WM_SetUserClipRect  STemWin526_CM3_OS_Keil.lib(wm_setusercliprect.o)
    0x0800e478   0x00000048   Code   RO         8071    i.WM__ActivateClipRect  STemWin526_CM3_OS_Keil.lib(wm.o)
    0x0800e4c0   0x00000010   Code   RO         8636    i.WM__AddCriticalHandle  STemWin526_CM3_OS_Keil.lib(wm_criticalhandle.o)
    0x0800e4d0   0x00000010   Code   RO         8072    i.WM__Client2Screen  STemWin526_CM3_OS_Keil.lib(wm.o)
    0x0800e4e0   0x0000004e   Code   RO         8073    i.WM__ClipAtParentBorders  STemWin526_CM3_OS_Keil.lib(wm.o)
    0x0800e52e   0x00000052   Code   RO         8660    i.WM__DeleteAssocTimer  STemWin526_CM3_OS_Keil.lib(wm_timer.o)
    0x0800e580   0x00000028   Code   RO         8075    i.WM__DetachWindow  STemWin526_CM3_OS_Keil.lib(wm.o)
    0x0800e5a8   0x0000002c   Code   RO         9186    i.WM__ForEachDesc   STemWin526_CM3_OS_Keil.lib(wm__foreachdesc.o)
    0x0800e5d4   0x00000020   Code   RO         8642    i.WM__GetClientRectEx  STemWin526_CM3_OS_Keil.lib(wm_getclientrect.o)
    0x0800e5f4   0x00000018   Code   RO         8076    i.WM__GetClientRectWin  STemWin526_CM3_OS_Keil.lib(wm.o)
    0x0800e60c   0x00000012   Code   RO         9145    i.WM__GetFirstSibling  STemWin526_CM3_OS_Keil.lib(wm__getfirstsibling.o)
    0x0800e61e   0x00000002   PAD
    0x0800e620   0x00000040   Code   RO         8077    i.WM__GetNextIVR    STemWin526_CM3_OS_Keil.lib(wm.o)
    0x0800e660   0x00000024   Code   RO         8955    i.WM__GetPrevSibling  STemWin526_CM3_OS_Keil.lib(wm__getprevsibling.o)
    0x0800e684   0x00000018   Code   RO         8078    i.WM__GetTopLevelLayer  STemWin526_CM3_OS_Keil.lib(wm.o)
    0x0800e69c   0x000000f0   Code   RO         8079    i.WM__InitIVRSearch  STemWin526_CM3_OS_Keil.lib(wm.o)
    0x0800e78c   0x000000a4   Code   RO         8080    i.WM__InsertWindowIntoList  STemWin526_CM3_OS_Keil.lib(wm.o)
    0x0800e830   0x00000006   Code   RO         8081    i.WM__Invalidate1Abs  STemWin526_CM3_OS_Keil.lib(wm.o)
    0x0800e836   0x00000002   PAD
    0x0800e838   0x00000054   Code   RO         8082    i.WM__InvalidateDrawAndDescs  STemWin526_CM3_OS_Keil.lib(wm.o)
    0x0800e88c   0x0000002a   Code   RO         8083    i.WM__InvalidateParent  STemWin526_CM3_OS_Keil.lib(wm.o)
    0x0800e8b6   0x00000076   Code   RO         8084    i.WM__InvalidateRect  STemWin526_CM3_OS_Keil.lib(wm.o)
    0x0800e92c   0x00000006   Code   RO         8085    i.WM__InvalidateRectEx  STemWin526_CM3_OS_Keil.lib(wm.o)
    0x0800e932   0x00000002   PAD
    0x0800e934   0x00000024   Code   RO         8086    i.WM__IsWindow      STemWin526_CM3_OS_Keil.lib(wm.o)
    0x0800e958   0x0000009a   Code   RO         9160    i.WM__MoveWindow    STemWin526_CM3_OS_Keil.lib(wm_move.o)
    0x0800e9f2   0x00000002   PAD
    0x0800e9f4   0x000000a0   Code   RO         8087    i.WM__Paint         STemWin526_CM3_OS_Keil.lib(wm.o)
    0x0800ea94   0x0000008c   Code   RO         8088    i.WM__Paint1        STemWin526_CM3_OS_Keil.lib(wm.o)
    0x0800eb20   0x00000078   Code   RO         8089    i.WM__PaintWinAndOverlays  STemWin526_CM3_OS_Keil.lib(wm.o)
    0x0800eb98   0x00000020   Code   RO         8090    i.WM__RectIsNZ      STemWin526_CM3_OS_Keil.lib(wm.o)
    0x0800ebb8   0x00000030   Code   RO         8091    i.WM__RemoveFromLinList  STemWin526_CM3_OS_Keil.lib(wm.o)
    0x0800ebe8   0x00000040   Code   RO         8092    i.WM__RemoveWindowFromList  STemWin526_CM3_OS_Keil.lib(wm.o)
    0x0800ec28   0x00000014   Code   RO         8963    i.WM__Screen2Client  STemWin526_CM3_OS_Keil.lib(wm__screen2client.o)
    0x0800ec3c   0x00000014   Code   RO         8093    i.WM__SelectTopLevelLayer  STemWin526_CM3_OS_Keil.lib(wm.o)
    0x0800ec50   0x0000003c   Code   RO         8631    i.WM__SendMessage   STemWin526_CM3_OS_Keil.lib(wm__sendmessage.o)
    0x0800ec8c   0x00000026   Code   RO         8967    i.WM__SendMessageNoPara  STemWin526_CM3_OS_Keil.lib(wm__sendmessagenopara.o)
    0x0800ecb2   0x0000000e   Code   RO         8094    i.WM__SendMsgNoData  STemWin526_CM3_OS_Keil.lib(wm.o)
    0x0800ecc0   0x000000dc   Code   RO         8969    i.WM__UpdateChildPositions  STemWin526_CM3_OS_Keil.lib(wm__updatechildpositions.o)
    0x0800ed9c   0x00000008   Code   RO          211    i.WriteComm         ili93xx.o
    0x0800eda4   0x00000008   Code   RO         7021    i.WriteComm         guidrv_template.o
    0x0800edac   0x0000000c   Code   RO          212    i.WriteData         ili93xx.o
    0x0800edb8   0x0000000c   Code   RO         7022    i.WriteData         guidrv_template.o
    0x0800edc4   0x000000e0   Code   RO          603    i.XBF_font_init     display.o
    0x0800eea4   0x00000078   Code   RO         7362    i._AddFreeMemory    STemWin526_CM3_OS_Keil.lib(gui_alloc.o)
    0x0800ef1c   0x000000bc   Code   RO         7363    i._Alloc            STemWin526_CM3_OS_Keil.lib(gui_alloc.o)
    0x0800efd8   0x00000070   Code   RO         8972    i._BringToTop       STemWin526_CM3_OS_Keil.lib(wm_bringtotop.o)
    0x0800f048   0x00000014   Code   RO         7684    i._CalcSizeOfChar   STemWin526_CM3_OS_Keil.lib(gui_uc_encodeutf8.o)
    0x0800f05c   0x00000004   Code   RO         8373    i._CalcSizeOfChar   STemWin526_CM3_OS_Keil.lib(gui_uc_encodenone.o)
    0x0800f060   0x00000010   Code   RO         7540    i._Color2Index      STemWin526_CM3_OS_Keil.lib(gui_enablealpha.o)
    0x0800f070   0x0000001c   Code   RO         7605    i._Color2Index      STemWin526_CM3_OS_Keil.lib(gui_setalpha.o)
    0x0800f08c   0x00000078   Code   RO         7541    i._Color2IndexBulk  STemWin526_CM3_OS_Keil.lib(gui_enablealpha.o)
    0x0800f104   0x000000a4   Code   RO         7606    i._Color2IndexBulk  STemWin526_CM3_OS_Keil.lib(gui_setalpha.o)
    0x0800f1a8   0x00000048   Code   RO         7717    i._Color2IndexBulk  STemWin526_CM3_OS_Keil.lib(guicc_m565.o)
    0x0800f1f0   0x0000000e   Code   RO         8396    i._Color2IndexBulk  STemWin526_CM3_OS_Keil.lib(guicc_8888.o)
    0x0800f1fe   0x00000002   PAD
    0x0800f200   0x00000054   Code   RO         8846    i._Color2Index_0    STemWin526_CM3_OS_Keil.lib(guicc_0.o)
    0x0800f254   0x00000002   Code   RO         8397    i._Color2Index_8888  STemWin526_CM3_OS_Keil.lib(guicc_8888.o)
    0x0800f256   0x00000002   PAD
    0x0800f258   0x00000028   Code   RO         7718    i._Color2Index_M565  STemWin526_CM3_OS_Keil.lib(guicc_m565.o)
    0x0800f280   0x0000003e   Code   RO         8546    i._Convert16        STemWin526_CM3_OS_Keil.lib(guidev_writetoactiveopaque.o)
    0x0800f2be   0x0000003e   Code   RO         8547    i._Convert8         STemWin526_CM3_OS_Keil.lib(guidev_writetoactiveopaque.o)
    0x0800f2fc   0x00000002   Code   RO         8558    i._Create           STemWin526_CM3_OS_Keil.lib(progbar_skinclassic.o)
    0x0800f2fe   0x00000002   PAD
    0x0800f300   0x00000148   Code   RO         8514    i._CreateStaticDevice  STemWin526_CM3_OS_Keil.lib(guidev_staticdevices.o)
    0x0800f448   0x00000012   Code   RO         8095    i._DeleteAllChildren  STemWin526_CM3_OS_Keil.lib(wm.o)
    0x0800f45a   0x00000002   PAD
    0x0800f45c   0x00000020   Code   RO         8096    i._DesktopHandle2Index  STemWin526_CM3_OS_Keil.lib(wm.o)
    0x0800f47c   0x00000180   Code   RO         7712    i._DispChar         STemWin526_CM3_OS_Keil.lib(gui_xbf_prop.o)
    0x0800f5fc   0x00000074   Code   RO         8235    i._DispLine         STemWin526_CM3_OS_Keil.lib(gui_charline.o)
    0x0800f670   0x000001e0   Code   RO         7421    i._Draw             STemWin526_CM3_OS_Keil.lib(gui_bmp.o)
    0x0800f850   0x00000022   Code   RO         7023    i._DrawBitLine16BPP  guidrv_template.o
    0x0800f872   0x00000002   PAD
    0x0800f874   0x0000006c   Code   RO         7607    i._DrawBitLine16BPP  STemWin526_CM3_OS_Keil.lib(gui_setalpha.o)
    0x0800f8e0   0x000000f0   Code   RO         7024    i._DrawBitLine1BPP  guidrv_template.o
    0x0800f9d0   0x00000178   Code   RO         7608    i._DrawBitLine1BPP  STemWin526_CM3_OS_Keil.lib(gui_setalpha.o)
    0x0800fb48   0x00000148   Code   RO         7988    i._DrawBitLine1BPP  STemWin526_CM3_OS_Keil.lib(guidev_16.o)
    0x0800fc90   0x0000011c   Code   RO         8875    i._DrawBitLine1BPP  STemWin526_CM3_OS_Keil.lib(guidev_32.o)
    0x0800fdac   0x0000016c   Code   RO         7025    i._DrawBitLine2BPP  guidrv_template.o
    0x0800ff18   0x00000114   Code   RO         7609    i._DrawBitLine2BPP  STemWin526_CM3_OS_Keil.lib(gui_setalpha.o)
    0x0801002c   0x000000e0   Code   RO         7989    i._DrawBitLine2BPP  STemWin526_CM3_OS_Keil.lib(guidev_16.o)
    0x0801010c   0x000000e0   Code   RO         8876    i._DrawBitLine2BPP  STemWin526_CM3_OS_Keil.lib(guidev_32.o)
    0x080101ec   0x0000002a   Code   RO         7026    i._DrawBitLine32BPP  guidrv_template.o
    0x08010216   0x00000002   PAD
    0x08010218   0x00000068   Code   RO         7610    i._DrawBitLine32BPP  STemWin526_CM3_OS_Keil.lib(gui_setalpha.o)
    0x08010280   0x00000094   Code   RO         8877    i._DrawBitLine32BPP_DDB  STemWin526_CM3_OS_Keil.lib(guidev_32.o)
    0x08010314   0x0000016c   Code   RO         7027    i._DrawBitLine4BPP  guidrv_template.o
    0x08010480   0x00000114   Code   RO         7611    i._DrawBitLine4BPP  STemWin526_CM3_OS_Keil.lib(gui_setalpha.o)
    0x08010594   0x00000160   Code   RO         7990    i._DrawBitLine4BPP  STemWin526_CM3_OS_Keil.lib(guidev_16.o)
    0x080106f4   0x00000158   Code   RO         8878    i._DrawBitLine4BPP  STemWin526_CM3_OS_Keil.lib(guidev_32.o)
    0x0801084c   0x000000b0   Code   RO         7028    i._DrawBitLine8BPP  guidrv_template.o
    0x080108fc   0x0000009c   Code   RO         7612    i._DrawBitLine8BPP  STemWin526_CM3_OS_Keil.lib(gui_setalpha.o)
    0x08010998   0x000000fa   Code   RO         7029    i._DrawBitmap       guidrv_template.o
    0x08010a92   0x00000002   PAD
    0x08010a94   0x000000fc   Code   RO         7542    i._DrawBitmap       STemWin526_CM3_OS_Keil.lib(gui_enablealpha.o)
    0x08010b90   0x000000ca   Code   RO         7613    i._DrawBitmap       STemWin526_CM3_OS_Keil.lib(gui_setalpha.o)
    0x08010c5a   0x00000002   PAD
    0x08010c5c   0x000002d8   Code   RO         7991    i._DrawBitmap       STemWin526_CM3_OS_Keil.lib(guidev_16.o)
    0x08010f34   0x000002a4   Code   RO         8879    i._DrawBitmap       STemWin526_CM3_OS_Keil.lib(guidev_32.o)
    0x080111d8   0x00000054   Code   RO         7614    i._DrawBitmapLine   STemWin526_CM3_OS_Keil.lib(gui_setalpha.o)
    0x0801122c   0x000000e4   Code   RO         7422    i._DrawBitmap_16bpp  STemWin526_CM3_OS_Keil.lib(gui_bmp.o)
    0x08011310   0x000000dc   Code   RO         7423    i._DrawBitmap_Pal   STemWin526_CM3_OS_Keil.lib(gui_bmp.o)
    0x080113ec   0x00000100   Code   RO         7424    i._DrawBitmap_RGB   STemWin526_CM3_OS_Keil.lib(gui_bmp.o)
    0x080114ec   0x0000024c   Code   RO         7425    i._DrawBitmap_RLE   STemWin526_CM3_OS_Keil.lib(gui_bmp.o)
    0x08011738   0x00000002   Code   RO         8618    i._DrawDown         STemWin526_CM3_OS_Keil.lib(widget_effect_none.o)
    0x0801173a   0x00000010   Code   RO         8943    i._DrawDown         STemWin526_CM3_OS_Keil.lib(widget_effect_3d.o)
    0x0801174a   0x00000002   Code   RO         8619    i._DrawDownRect     STemWin526_CM3_OS_Keil.lib(widget_effect_none.o)
    0x0801174c   0x00000094   Code   RO         8944    i._DrawDownRect     STemWin526_CM3_OS_Keil.lib(widget_effect_3d.o)
    0x080117e0   0x00000002   Code   RO         8620    i._DrawFlat         STemWin526_CM3_OS_Keil.lib(widget_effect_none.o)
    0x080117e2   0x0000001a   Code   RO         7030    i._DrawHLine        guidrv_template.o
    0x080117fc   0x00000016   Code   RO         7543    i._DrawHLine        STemWin526_CM3_OS_Keil.lib(gui_enablealpha.o)
    0x08011812   0x00000002   PAD
    0x08011814   0x0000007c   Code   RO         7615    i._DrawHLine        STemWin526_CM3_OS_Keil.lib(gui_setalpha.o)
    0x08011890   0x0000000a   Code   RO         7992    i._DrawHLine        STemWin526_CM3_OS_Keil.lib(guidev_16.o)
    0x0801189a   0x0000000a   Code   RO         8880    i._DrawHLine        STemWin526_CM3_OS_Keil.lib(guidev_32.o)
    0x080118a4   0x00000074   Code   RO         7426    i._DrawLine_RGB     STemWin526_CM3_OS_Keil.lib(gui_bmp.o)
    0x08011918   0x0000005c   Code   RO         8097    i._DrawNext         STemWin526_CM3_OS_Keil.lib(wm.o)
    0x08011974   0x00000038   Code   RO         8559    i._DrawPart         STemWin526_CM3_OS_Keil.lib(progbar_skinclassic.o)
    0x080119ac   0x00000002   Code   RO         8621    i._DrawUp           STemWin526_CM3_OS_Keil.lib(widget_effect_none.o)
    0x080119ae   0x00000002   Code   RO         8622    i._DrawUpRect       STemWin526_CM3_OS_Keil.lib(widget_effect_none.o)
    0x080119b0   0x00000068   Code   RO         8945    i._DrawUpRect       STemWin526_CM3_OS_Keil.lib(widget_effect_3d.o)
    0x08011a18   0x0000001a   Code   RO         7031    i._DrawVLine        guidrv_template.o
    0x08011a32   0x00000016   Code   RO         7544    i._DrawVLine        STemWin526_CM3_OS_Keil.lib(gui_enablealpha.o)
    0x08011a48   0x00000048   Code   RO         7616    i._DrawVLine        STemWin526_CM3_OS_Keil.lib(gui_setalpha.o)
    0x08011a90   0x000000b8   Code   RO         7993    i._DrawVLine        STemWin526_CM3_OS_Keil.lib(guidev_16.o)
    0x08011b48   0x000000ac   Code   RO         8881    i._DrawVLine        STemWin526_CM3_OS_Keil.lib(guidev_32.o)
    0x08011bf4   0x00000056   Code   RO         8591    i._EffectRequiresRedraw  STemWin526_CM3_OS_Keil.lib(widget.o)
    0x08011c4a   0x00000046   Code   RO         7685    i._Encode           STemWin526_CM3_OS_Keil.lib(gui_uc_encodeutf8.o)
    0x08011c90   0x00000006   Code   RO         8374    i._Encode           STemWin526_CM3_OS_Keil.lib(gui_uc_encodenone.o)
    0x08011c96   0x00000002   PAD
    0x08011c98   0x00000098   Code   RO         7364    i._EnlargeBlocks    STemWin526_CM3_OS_Keil.lib(gui_alloc.o)
    0x08011d30   0x00000078   Code   RO         8098    i._Exec1Input       STemWin526_CM3_OS_Keil.lib(wm.o)
    0x08011da8   0x00000030   Code   RO         7032    i._FillRect         guidrv_template.o
    0x08011dd8   0x00000014   Code   RO         7545    i._FillRect         STemWin526_CM3_OS_Keil.lib(gui_enablealpha.o)
    0x08011dec   0x00000026   Code   RO         7617    i._FillRect         STemWin526_CM3_OS_Keil.lib(gui_setalpha.o)
    0x08011e12   0x00000002   PAD
    0x08011e14   0x000000ac   Code   RO         7994    i._FillRect         STemWin526_CM3_OS_Keil.lib(guidev_16.o)
    0x08011ec0   0x000000a4   Code   RO         8882    i._FillRect         STemWin526_CM3_OS_Keil.lib(guidev_32.o)
    0x08011f64   0x00000148   Code   RO         8099    i._FindNext_IVR     STemWin526_CM3_OS_Keil.lib(wm.o)
    0x080120ac   0x0000007c   Code   RO         8100    i._Findx0           STemWin526_CM3_OS_Keil.lib(wm.o)
    0x08012128   0x00000072   Code   RO         8101    i._Findx1           STemWin526_CM3_OS_Keil.lib(wm.o)
    0x0801219a   0x000000a6   Code   RO         8102    i._Findy1           STemWin526_CM3_OS_Keil.lib(wm.o)
    0x08012240   0x00000004   Code   RO         8537    i._GUI_USAGE_BM_Delete  STemWin526_CM3_OS_Keil.lib(guidev_usagebm.o)
    0x08012244   0x00000024   Code   RO         7427    i._GetBitfieldsPara  STemWin526_CM3_OS_Keil.lib(gui_bmp.o)
    0x08012268   0x00000018   Code   RO         7618    i._GetBitsPerPixel  STemWin526_CM3_OS_Keil.lib(gui_setalpha.o)
    0x08012280   0x0000003c   Code   RO         7686    i._GetCharCode      STemWin526_CM3_OS_Keil.lib(gui_uc_encodeutf8.o)
    0x080122bc   0x00000004   Code   RO         8375    i._GetCharCode      STemWin526_CM3_OS_Keil.lib(gui_uc_encodenone.o)
    0x080122c0   0x00000022   Code   RO         7687    i._GetCharSize      STemWin526_CM3_OS_Keil.lib(gui_uc_encodeutf8.o)
    0x080122e2   0x00000004   Code   RO         8376    i._GetCharSize      STemWin526_CM3_OS_Keil.lib(gui_uc_encodenone.o)
    0x080122e6   0x00000002   PAD
    0x080122e8   0x000000d0   Code   RO         7428    i._GetClipParam     STemWin526_CM3_OS_Keil.lib(gui_bmp.o)
    0x080123b8   0x00000014   Code   RO         7033    i._GetDevData       guidrv_template.o
    0x080123cc   0x0000000e   Code   RO         7546    i._GetDevData       STemWin526_CM3_OS_Keil.lib(gui_enablealpha.o)
    0x080123da   0x00000004   Code   RO         7619    i._GetDevData       STemWin526_CM3_OS_Keil.lib(gui_setalpha.o)
    0x080123de   0x00000002   PAD
    0x080123e0   0x00000010   Code   RO         7995    i._GetDevData       STemWin526_CM3_OS_Keil.lib(guidev_16.o)
    0x080123f0   0x00000010   Code   RO         8883    i._GetDevData       STemWin526_CM3_OS_Keil.lib(guidev_32.o)
    0x08012400   0x00000054   Code   RO         7034    i._GetDevFunc       guidrv_template.o
    0x08012454   0x00000012   Code   RO         7547    i._GetDevFunc       STemWin526_CM3_OS_Keil.lib(gui_enablealpha.o)
    0x08012466   0x0000000c   Code   RO         7620    i._GetDevFunc       STemWin526_CM3_OS_Keil.lib(gui_setalpha.o)
    0x08012472   0x00000002   PAD
    0x08012474   0x00000010   Code   RO         7996    i._GetDevFunc       STemWin526_CM3_OS_Keil.lib(guidev_16.o)
    0x08012484   0x00000010   Code   RO         8884    i._GetDevFunc       STemWin526_CM3_OS_Keil.lib(guidev_32.o)
    0x08012494   0x00000050   Code   RO         7035    i._GetDevProp       guidrv_template.o
    0x080124e4   0x0000000e   Code   RO         7548    i._GetDevProp       STemWin526_CM3_OS_Keil.lib(gui_enablealpha.o)
    0x080124f2   0x00000008   Code   RO         7621    i._GetDevProp       STemWin526_CM3_OS_Keil.lib(gui_setalpha.o)
    0x080124fa   0x0000001e   Code   RO         7766    i._GetDevProp       STemWin526_CM3_OS_Keil.lib(lcd_getex.o)
    0x08012518   0x00000008   Code   RO         7997    i._GetDevProp       STemWin526_CM3_OS_Keil.lib(guidev_16.o)
    0x08012520   0x0000000c   Code   RO         8885    i._GetDevProp       STemWin526_CM3_OS_Keil.lib(guidev_32.o)
    0x0801252c   0x000000bc   Code   RO         7429    i._GetEarlyOut      STemWin526_CM3_OS_Keil.lib(gui_bmp.o)
    0x080125e8   0x00000010   Code   RO         7549    i._GetIndexMask     STemWin526_CM3_OS_Keil.lib(gui_enablealpha.o)
    0x080125f8   0x0000001c   Code   RO         7622    i._GetIndexMask     STemWin526_CM3_OS_Keil.lib(gui_setalpha.o)
    0x08012614   0x00000052   Code   RO         8847    i._GetIndexMask_0   STemWin526_CM3_OS_Keil.lib(guicc_0.o)
    0x08012666   0x00000006   Code   RO         8398    i._GetIndexMask_8888  STemWin526_CM3_OS_Keil.lib(guicc_8888.o)
    0x0801266c   0x00000006   Code   RO         7719    i._GetIndexMask_M565  STemWin526_CM3_OS_Keil.lib(guicc_m565.o)
    0x08012672   0x00000002   PAD
    0x08012674   0x000000a4   Code   RO         7623    i._GetLine          STemWin526_CM3_OS_Keil.lib(gui_setalpha.o)
    0x08012718   0x0000001e   Code   RO         7767    i._GetMaxValue      STemWin526_CM3_OS_Keil.lib(lcd_getex.o)
    0x08012736   0x00000002   PAD
    0x08012738   0x0000001c   Code   RO         7365    i._GetMinIndex      STemWin526_CM3_OS_Keil.lib(gui_alloc.o)
    0x08012754   0x00000050   Code   RO         7036    i._GetPixelIndex    guidrv_template.o
    0x080127a4   0x0000000e   Code   RO         7550    i._GetPixelIndex    STemWin526_CM3_OS_Keil.lib(gui_enablealpha.o)
    0x080127b2   0x00000008   Code   RO         7624    i._GetPixelIndex    STemWin526_CM3_OS_Keil.lib(gui_setalpha.o)
    0x080127ba   0x0000000e   Code   RO         7998    i._GetPixelIndex    STemWin526_CM3_OS_Keil.lib(guidev_16.o)
    0x080127c8   0x0000000e   Code   RO         8886    i._GetPixelIndex    STemWin526_CM3_OS_Keil.lib(guidev_32.o)
    0x080127d6   0x00000012   Code   RO         7625    i._GetPointers      STemWin526_CM3_OS_Keil.lib(gui_setalpha.o)
    0x080127e8   0x0000001a   Code   RO         7037    i._GetRect          guidrv_template.o
    0x08012802   0x0000000e   Code   RO         7551    i._GetRect          STemWin526_CM3_OS_Keil.lib(gui_enablealpha.o)
    0x08012810   0x00000008   Code   RO         7626    i._GetRect          STemWin526_CM3_OS_Keil.lib(gui_setalpha.o)
    0x08012818   0x00000030   Code   RO         7999    i._GetRect          STemWin526_CM3_OS_Keil.lib(guidev_16.o)
    0x08012848   0x00000030   Code   RO         8887    i._GetRect          STemWin526_CM3_OS_Keil.lib(guidev_32.o)
    0x08012878   0x00000010   Code   RO         8275    i._GotoX            STemWin526_CM3_OS_Keil.lib(gui_goto.o)
    0x08012888   0x00000010   Code   RO         8276    i._GotoY            STemWin526_CM3_OS_Keil.lib(gui_goto.o)
    0x08012898   0x0000001c   Code   RO         8293    i._IncPointer       STemWin526_CM3_OS_Keil.lib(gui_onkey.o)
    0x080128b4   0x00000006   Code   RO         8294    i._IncReadPointer   STemWin526_CM3_OS_Keil.lib(gui_onkey.o)
    0x080128ba   0x00000002   PAD
    0x080128bc   0x00000010   Code   RO         7552    i._Index2Color      STemWin526_CM3_OS_Keil.lib(gui_enablealpha.o)
    0x080128cc   0x0000001c   Code   RO         7627    i._Index2Color      STemWin526_CM3_OS_Keil.lib(gui_setalpha.o)
    0x080128e8   0x00000064   Code   RO         7430    i._Index2ColorBitfields  STemWin526_CM3_OS_Keil.lib(gui_bmp.o)
    0x0801294c   0x00000078   Code   RO         7553    i._Index2ColorBulk  STemWin526_CM3_OS_Keil.lib(gui_enablealpha.o)
    0x080129c4   0x000000a8   Code   RO         7628    i._Index2ColorBulk  STemWin526_CM3_OS_Keil.lib(gui_setalpha.o)
    0x08012a6c   0x00000058   Code   RO         7720    i._Index2ColorBulk  STemWin526_CM3_OS_Keil.lib(guicc_m565.o)
    0x08012ac4   0x0000000e   Code   RO         8399    i._Index2ColorBulk  STemWin526_CM3_OS_Keil.lib(guicc_8888.o)
    0x08012ad2   0x00000020   Code   RO         8848    i._Index2Color_0    STemWin526_CM3_OS_Keil.lib(guicc_0.o)
    0x08012af2   0x0000001c   Code   RO         7038    i._Init             guidrv_template.o
    0x08012b0e   0x00000002   PAD
    0x08012b10   0x00000098   Code   RO         7629    i._InitAlpha        STemWin526_CM3_OS_Keil.lib(gui_setalpha.o)
    0x08012ba8   0x00000070   Code   RO         7485    i._InitContext      STemWin526_CM3_OS_Keil.lib(gui_core.o)
    0x08012c18   0x0000002c   Code   RO         7039    i._InitOnce         guidrv_template.o
    0x08012c44   0x000000a8   Code   RO         7366    i._InitOnce         STemWin526_CM3_OS_Keil.lib(gui_alloc.o)
    0x08012cec   0x00000080   Code   RO         8103    i._Invalidate1Abs   STemWin526_CM3_OS_Keil.lib(wm.o)
    0x08012d6c   0x00000002   Code   RO         8236    i._Log2VisBuffered  STemWin526_CM3_OS_Keil.lib(gui_charline.o)
    0x08012d6e   0x00000002   PAD
    0x08012d70   0x00000054   Code   RO         7554    i._ManageAlpha      STemWin526_CM3_OS_Keil.lib(gui_enablealpha.o)
    0x08012dc4   0x00000068   Code   RO         7431    i._ManageBitfields  STemWin526_CM3_OS_Keil.lib(gui_bmp.o)
    0x08012e2c   0x00000008   Code   RO         8494    i._Min              STemWin526_CM3_OS_Keil.lib(guidev_banding.o)
    0x08012e34   0x0000003c   Code   RO         7630    i._MixColors        STemWin526_CM3_OS_Keil.lib(gui_setalpha.o)
    0x08012e70   0x0000006e   Code   RO         9161    i._MoveDescendents  STemWin526_CM3_OS_Keil.lib(wm_move.o)
    0x08012ede   0x00000002   PAD
    0x08012ee0   0x00000024   Code   RO         7432    i._NextPixel_End    STemWin526_CM3_OS_Keil.lib(gui_bmp.o)
    0x08012f04   0x00000054   Code   RO         7433    i._NextPixel_FlushBuffer  STemWin526_CM3_OS_Keil.lib(gui_bmp.o)
    0x08012f58   0x00000020   Code   RO         7434    i._NextPixel_NextLine  STemWin526_CM3_OS_Keil.lib(gui_bmp.o)
    0x08012f78   0x000000b8   Code   RO         7435    i._NextPixel_SetPixel  STemWin526_CM3_OS_Keil.lib(gui_bmp.o)
    0x08013030   0x00000084   Code   RO         7436    i._NextPixel_Start  STemWin526_CM3_OS_Keil.lib(gui_bmp.o)
    0x080130b4   0x00000010   Code   RO         7040    i._Off              guidrv_template.o
    0x080130c4   0x00000010   Code   RO         7041    i._On               guidrv_template.o
    0x080130d4   0x00000034   Code   RO         7367    i._OnExit           STemWin526_CM3_OS_Keil.lib(gui_alloc.o)
    0x08013108   0x0000002c   Code   RO         7486    i._OnExit           STemWin526_CM3_OS_Keil.lib(gui_core.o)
    0x08013134   0x0000001c   Code   RO         7555    i._OnExit           STemWin526_CM3_OS_Keil.lib(gui_enablealpha.o)
    0x08013150   0x00000038   Code   RO         7631    i._OnExit           STemWin526_CM3_OS_Keil.lib(gui_setalpha.o)
    0x08013188   0x00000034   Code   RO         8104    i._OnExit           STemWin526_CM3_OS_Keil.lib(wm.o)
    0x080131bc   0x00000028   Code   RO         8182    i._OnExit           STemWin526_CM3_OS_Keil.lib(gui__alpha.o)
    0x080131e4   0x00000014   Code   RO         8349    i._OnExit           STemWin526_CM3_OS_Keil.lib(gui_task.o)
    0x080131f8   0x00000014   Code   RO         8468    i._OnExit           STemWin526_CM3_OS_Keil.lib(lcd_color.o)
    0x0801320c   0x0000010c   Code   RO         8560    i._Paint            STemWin526_CM3_OS_Keil.lib(progbar_skinclassic.o)
    0x08013318   0x00000024   Code   RO         8105    i._Paint1           STemWin526_CM3_OS_Keil.lib(wm.o)
    0x0801333c   0x0000008c   Code   RO         8106    i._Paint1Trans      STemWin526_CM3_OS_Keil.lib(wm.o)
    0x080133c8   0x0000009a   Code   RO         8107    i._PaintTransChildren  STemWin526_CM3_OS_Keil.lib(wm.o)
    0x08013462   0x00000002   PAD
    0x08013464   0x00000040   Code   RO         7368    i._PopFreeBlock     STemWin526_CM3_OS_Keil.lib(gui_alloc.o)
    0x080134a4   0x00000028   Code   RO         7369    i._PushFreeBlock    STemWin526_CM3_OS_Keil.lib(gui_alloc.o)
    0x080134cc   0x00000094   Code   RO         7632    i._ReadRectFromMemdev  STemWin526_CM3_OS_Keil.lib(gui_setalpha.o)
    0x08013560   0x00000034   Code   RO         7370    i._RemoveFreeBlock  STemWin526_CM3_OS_Keil.lib(gui_alloc.o)
    0x08013594   0x0000005c   Code   RO         8823    i._RemoveFromLinList  STemWin526_CM3_OS_Keil.lib(gui_timer.o)
    0x080135f0   0x000000a0   Code   RO         7371    i._RemoveHoles      STemWin526_CM3_OS_Keil.lib(gui_alloc.o)
    0x08013690   0x00000030   Code   RO         7556    i._SetBkColor       STemWin526_CM3_OS_Keil.lib(gui_enablealpha.o)
    0x080136c0   0x00000020   Code   RO         8421    i._SetBkColor       STemWin526_CM3_OS_Keil.lib(lcd.o)
    0x080136e0   0x0000004c   Code   RO         8108    i._SetClipRectUserIntersect  STemWin526_CM3_OS_Keil.lib(wm.o)
    0x0801372c   0x00000030   Code   RO         7557    i._SetColor         STemWin526_CM3_OS_Keil.lib(gui_enablealpha.o)
    0x0801375c   0x00000020   Code   RO         8422    i._SetColor         STemWin526_CM3_OS_Keil.lib(lcd.o)
    0x0801377c   0x00000030   Code   RO         7558    i._SetDrawMode      STemWin526_CM3_OS_Keil.lib(gui_enablealpha.o)
    0x080137ac   0x0000002c   Code   RO         8423    i._SetDrawMode      STemWin526_CM3_OS_Keil.lib(lcd.o)
    0x080137d8   0x00000020   Code   RO         7042    i._SetLUTEntry      guidrv_template.o
    0x080137f8   0x0000001e   Code   RO         7043    i._SetOrg           guidrv_template.o
    0x08013816   0x0000000e   Code   RO         7559    i._SetOrg           STemWin526_CM3_OS_Keil.lib(gui_enablealpha.o)
    0x08013824   0x00000008   Code   RO         7633    i._SetOrg           STemWin526_CM3_OS_Keil.lib(gui_setalpha.o)
    0x0801382c   0x00000008   Code   RO         8000    i._SetOrg           STemWin526_CM3_OS_Keil.lib(guidev_16.o)
    0x08013834   0x00000008   Code   RO         8888    i._SetOrg           STemWin526_CM3_OS_Keil.lib(guidev_32.o)
    0x0801383c   0x0000002a   Code   RO         7044    i._SetPixelIndex    guidrv_template.o
    0x08013866   0x00000016   Code   RO         7560    i._SetPixelIndex    STemWin526_CM3_OS_Keil.lib(gui_enablealpha.o)
    0x0801387c   0x00000044   Code   RO         7634    i._SetPixelIndex    STemWin526_CM3_OS_Keil.lib(gui_setalpha.o)
    0x080138c0   0x00000048   Code   RO         8001    i._SetPixelIndex    STemWin526_CM3_OS_Keil.lib(guidev_16.o)
    0x08013908   0x00000048   Code   RO         8889    i._SetPixelIndex    STemWin526_CM3_OS_Keil.lib(guidev_32.o)
    0x08013950   0x0000003e   Code   RO         7045    i._SetSize          guidrv_template.o
    0x0801398e   0x00000026   Code   RO         7046    i._SetVRAMAddr      guidrv_template.o
    0x080139b4   0x00000020   Code   RO         7047    i._SetVSize         guidrv_template.o
    0x080139d4   0x0000002c   Code   RO         8036    i._SetValue         STemWin526_CM3_OS_Keil.lib(progbar.o)
    0x08013a00   0x00000010   Code   RO         7561    i._SwapColors       STemWin526_CM3_OS_Keil.lib(gui_enablealpha.o)
    0x08013a10   0x0000001c   Code   RO         7562    i._SwapIndices      STemWin526_CM3_OS_Keil.lib(gui_enablealpha.o)
    0x08013a2c   0x000000ea   Code   RO         7372    i._TestRAM          STemWin526_CM3_OS_Keil.lib(gui_alloc.o)
    0x08013b16   0x00000002   PAD
    0x08013b18   0x00000050   Code   RO         8824    i._Unlink           STemWin526_CM3_OS_Keil.lib(gui_timer.o)
    0x08013b68   0x00000030   Code   RO         7519    i._UnlinkDevice     STemWin526_CM3_OS_Keil.lib(gui_device.o)
    0x08013b98   0x0000000e   Code   RO         7373    i._WriteTagData     STemWin526_CM3_OS_Keil.lib(gui_alloc.o)
    0x08013ba6   0x00000002   PAD
    0x08013ba8   0x00000340   Code   RO         8548    i._WriteToActiveOpaque_8  STemWin526_CM3_OS_Keil.lib(guidev_writetoactiveopaque.o)
    0x08013ee8   0x00000354   Code   RO         8549    i._WriteToActiveOpaque_HT  STemWin526_CM3_OS_Keil.lib(guidev_writetoactiveopaque.o)
    0x0801423c   0x0000003c   Code   RO         8002    i._XY2PTR           STemWin526_CM3_OS_Keil.lib(guidev_16.o)
    0x08014278   0x0000003c   Code   RO         8890    i._XY2PTR           STemWin526_CM3_OS_Keil.lib(guidev_32.o)
    0x080142b4   0x00000030   Code   RO         7048    i._XorPixel         guidrv_template.o
    0x080142e4   0x0000000e   Code   RO         7563    i._XorPixel         STemWin526_CM3_OS_Keil.lib(gui_enablealpha.o)
    0x080142f2   0x0000002a   Code   RO         7635    i._XorPixel         STemWin526_CM3_OS_Keil.lib(gui_setalpha.o)
    0x0801431c   0x00000054   Code   RO         8003    i._XorPixel         STemWin526_CM3_OS_Keil.lib(guidev_16.o)
    0x08014370   0x00000058   Code   RO         8891    i._XorPixel         STemWin526_CM3_OS_Keil.lib(guidev_32.o)
    0x080143c8   0x00000020   Code   RO         9442    i.__0printf$8       mc_w.l(printf8.o)
    0x080143e8   0x00000028   Code   RO         9444    i.__0sprintf$8      mc_w.l(printf8.o)
    0x08014410   0x00000058   Code   RO          373    i.__get_keyboard_value  keyboard.o
    0x08014468   0x0000000e   Code   RO         9587    i.__scatterload_copy  mc_w.l(handlers.o)
    0x08014476   0x00000002   Code   RO         9588    i.__scatterload_null  mc_w.l(handlers.o)
    0x08014478   0x0000000e   Code   RO         9589    i.__scatterload_zeroinit  mc_w.l(handlers.o)
    0x08014486   0x0000001e   Code   RO          604    i._cbGetData16      display.o
    0x080144a4   0x0000001e   Code   RO          605    i._cbGetData33      display.o
    0x080144c2   0x00000004   Code   RO         8973    i._cbInvalidateOne  STemWin526_CM3_OS_Keil.lib(wm_bringtotop.o)
    0x080144c6   0x00000002   PAD
    0x080144c8   0x00000044   Code   RO         8109    i._cbPaintMemDev    STemWin526_CM3_OS_Keil.lib(wm.o)
    0x0801450c   0x00000410   Code   RO         9449    i._printf_core      mc_w.l(printf8.o)
    0x0801491c   0x00000024   Code   RO         9450    i._printf_post_padding  mc_w.l(printf8.o)
    0x08014940   0x0000002e   Code   RO         9451    i._printf_pre_padding  mc_w.l(printf8.o)
    0x0801496e   0x0000000a   Code   RO         9453    i._sputc            mc_w.l(printf8.o)
    0x08014978   0x0000004c   Code   RO          399    i.active_request    lcd.o
    0x080149c4   0x0000009c   Code   RO         1544    i.adc_init          power.o
    0x08014a60   0x00000018   Code   RO          213    i.backlight_off     ili93xx.o
    0x08014a78   0x00000018   Code   RO          214    i.backlight_on      ili93xx.o
    0x08014a90   0x00000070   Code   RO          555    i.battery_show_at   battery.o
    0x08014b00   0x00000010   Code   RO         1079    i.beep_init         beep.o
    0x08014b10   0x00000018   Code   RO         1080    i.beep_off          beep.o
    0x08014b28   0x00000018   Code   RO         1081    i.beep_on           beep.o
    0x08014b40   0x00000010   Code   RO         1114    i.bus_recieve       bus.o
    0x08014b50   0x00000018   Code   RO         1115    i.bus_send          bus.o
    0x08014b68   0x00000020   Code   RO         1141    i.bus_send_string   esp8266.o
    0x08014b88   0x00000050   Code   RO         8110    i.cbBackWin         STemWin526_CM3_OS_Keil.lib(wm.o)
    0x08014bd8   0x0000003e   Code   RO          400    i.char2u32_16       lcd.o
    0x08014c16   0x00000002   PAD
    0x08014c18   0x0000005c   Code   RO          606    i.clock_show        display.o
    0x08014c74   0x00000040   Code   RO         1142    i.close_conn        esp8266.o
    0x08014cb4   0x00000010   Code   RO          556    i.clothe_battery_show  battery.o
    0x08014cc4   0x00000054   Code   RO         1143    i.connect_ap        esp8266.o
    0x08014d18   0x00000054   Code   RO         1976    i.crc               download.o
    0x08014d6c   0x00000014   Code   RO         1144    i.disable_esp8266   esp8266.o
    0x08014d80   0x0000000c   Code   RO         1879    i.disable_usb_pass_through  usart.o
    0x08014d8c   0x0000003c   Code   RO          607    i.display_en        display.o
    0x08014dc8   0x00000058   Code   RO          609    i.display_hanzi     display.o
    0x08014e20   0x00000030   Code   RO          610    i.display_iterm     display.o
    0x08014e50   0x00000040   Code   RO          611    i.display_key       display.o
    0x08014e90   0x00000090   Code   RO          612    i.display_menu      display.o
    0x08014f20   0x000000b8   Code   RO          613    i.display_msg_info  display.o
    0x08014fd8   0x0000005c   Code   RO          615    i.display_task_info  display.o
    0x08015034   0x00000124   Code   RO         1977    i.download_task     download.o
    0x08015158   0x00000054   Code   RO         1978    i.download_task_init  download.o
    0x080151ac   0x00000024   Code   RO         2009    i.e2prom_Reads      e2prom.o
    0x080151d0   0x00000038   Code   RO         1583    i.e2prom_onboard_init  rom_onboard.o
    0x08015208   0x0000008a   Code   RO         8424    i.emWin_LCD_Init    STemWin526_CM3_OS_Keil.lib(lcd.o)
    0x08015292   0x00000002   PAD
    0x08015294   0x0000000c   Code   RO          616    i.enable_offline    display.o
    0x080152a0   0x00000014   Code   RO         1145    i.enbale_esp8266    esp8266.o
    0x080152b4   0x000000c8   Code   RO         1146    i.esp8266_init      esp8266.o
    0x0801537c   0x0000002a   Code   RO         1147    i.esp8266_update_firmware  esp8266.o
    0x080153a6   0x00000022   Code   RO         1149    i.exe_cmd           esp8266.o
    0x080153c8   0x00000114   Code   RO         1361    i.fix_I2C_busy      i2c.o
    0x080154dc   0x00000058   Code   RO         1620    i.flash_block_erase64k  spi_flash.o
    0x08015534   0x00000070   Code   RO         1621    i.flash_bytes_read  spi_flash.o
    0x080155a4   0x00000024   Code   RO         1623    i.flash_erase       spi_flash.o
    0x080155c8   0x0000005c   Code   RO         1626    i.flash_page_write_addr  spi_flash.o
    0x08015624   0x00000024   Code   RO         1629    i.flash_write_enable  spi_flash.o
    0x08015648   0x0000001c   Code   RO         1880    i.fputc             usart.o
    0x08015664   0x0000003c   Code   RO         1545    i.get_adc_val       power.o
    0x080156a0   0x0000000c   Code   RO          906    i.get_ammo          statistic.o
    0x080156ac   0x0000000c   Code   RO          907    i.get_blod          statistic.o
    0x080156b8   0x0000000c   Code   RO          908    i.get_enemy         statistic.o
    0x080156c4   0x0000000c   Code   RO          909    i.get_headshot      statistic.o
    0x080156d0   0x0000000c   Code   RO          910    i.get_headshoted    statistic.o
    0x080156dc   0x00000044   Code   RO         1150    i.get_id            esp8266.o
    0x08015720   0x00000010   Code   RO         1152    i.get_ip_port       esp8266.o
    0x08015730   0x0000002c   Code   RO          374    i.get_keyboard_value  keyboard.o
    0x0801575c   0x0000000c   Code   RO          911    i.get_kill          statistic.o
    0x08015768   0x0000000c   Code   RO          912    i.get_killed        statistic.o
    0x08015774   0x00000030   Code   RO         1153    i.get_len           esp8266.o
    0x080157a4   0x0000000c   Code   RO          913    i.get_our           statistic.o
    0x080157b0   0x00000006   Code   RO         1630    i.get_page_size     spi_flash.o
    0x080157b6   0x00000002   PAD
    0x080157b8   0x00000078   Code   RO         1546    i.get_power         power.o
    0x08015830   0x00000050   Code   RO         1841    i.get_time          time.o
    0x08015880   0x00000010   Code   RO          557    i.gun_battery_show  battery.o
    0x08015890   0x00000054   Code   RO         1979    i.handle_erase_info  download.o
    0x080158e4   0x00000134   Code   RO         1362    i.i2c_Reads         i2c.o
    0x08015a18   0x000000a8   Code   RO         1364    i.i2c_init          i2c.o
    0x08015ac0   0x0000003e   Code   RO          402    i.int2chars_16      lcd.o
    0x08015afe   0x00000002   PAD
    0x08015b00   0x0000001c   Code   RO         1394    i.key_Reads         key.o
    0x08015b1c   0x00000014   Code   RO         1398    i.key_get_fresh_status  key.o
    0x08015b30   0x00000018   Code   RO         1399    i.key_get_gpio      key.o
    0x08015b48   0x00000014   Code   RO         1401    i.key_get_ip_suffix  key.o
    0x08015b5c   0x000000f8   Code   RO         1403    i.key_init          key.o
    0x08015c54   0x00000004   Code   RO          403    i.key_insert_handle  lcd.o
    0x08015c58   0x0000005c   Code   RO         1404    i.key_state_machine_task  key.o
    0x08015cb4   0x00000080   Code   RO          375    i.keyboard_init     keyboard.o
    0x08015d34   0x00000012   Code   RO          558    i.lcd_battery_show  battery.o
    0x08015d46   0x00000066   Code   RO          217    i.lcd_display_bitmap  ili93xx.o
    0x08015dac   0x00000038   Code   RO          218    i.lcd_trunoff_backlight_countdown  ili93xx.o
    0x08015de4   0x00000070   Code   RO          834    i.main              main.o
    0x08015e54   0x000000e4   Code   RO          404    i.main_loop         lcd.o
    0x08015f38   0x00000020   Code   RO         5713    i.mutex_init        mutex.o
    0x08015f58   0x00000016   Code   RO         5714    i.mutex_lock        mutex.o
    0x08015f6e   0x00000012   Code   RO         5715    i.mutex_unlock      mutex.o
    0x08015f80   0x0000000c   Code   RO          618    i.need_update       display.o
    0x08015f8c   0x000001b0   Code   RO          405    i.net_init          lcd.o
    0x0801613c   0x00000028   Code   RO         1154    i.net_receive_sync  esp8266.o
    0x08016164   0x00000022   Code   RO         1082    i.ok_notice         beep.o
    0x08016186   0x00000002   PAD
    0x08016188   0x00000068   Code   RO          619    i.pic_preload       display.o
    0x080161f0   0x000000cc   Code   RO         1155    i.ping              esp8266.o
    0x080162bc   0x00000054   Code   RO         1547    i.power_monitor     power.o
    0x08016310   0x00000042   Code   RO         1548    i.power_monitor_task  power.o
    0x08016352   0x00000002   PAD
    0x08016354   0x00000018   Code   RO         1406    i.read_key_from_eeprom  key.o
    0x0801636c   0x0000006c   Code   RO          620    i.read_spi_flash_header  display.o
    0x080163d8   0x000000c8   Code   RO         1156    i.recv_data         esp8266.o
    0x080164a0   0x00000074   Code   RO          406    i.recv_gun_handler  lcd.o
    0x08016514   0x00000200   Code   RO          407    i.recv_host_handler  lcd.o
    0x08016714   0x00000050   Code   RO          409    i.recv_task         lcd.o
    0x08016764   0x0000000c   Code   RO         1116    i.register_bus      bus.o
    0x08016770   0x00000014   Code   RO         1881    i.reset_buffer      usart.o
    0x08016784   0x00000090   Code   RO         1157    i.reset_esp8266     esp8266.o
    0x08016814   0x00000014   Code   RO         1882    i.reset_rx_buffer1  usart.o
    0x08016828   0x00000054   Code   RO          621    i.save_msg_id       display.o
    0x0801687c   0x00000114   Code   RO         1158    i.send_data         esp8266.o
    0x08016990   0x0000001c   Code   RO          410    i.sendto_host       lcd.o
    0x080169ac   0x0000000c   Code   RO          914    i.set_ammo          statistic.o
    0x080169b8   0x0000004c   Code   RO         1161    i.set_auto_conn     esp8266.o
    0x08016a04   0x0000000c   Code   RO          915    i.set_blod          statistic.o
    0x08016a10   0x00000044   Code   RO         1164    i.set_echo          esp8266.o
    0x08016a54   0x0000000c   Code   RO          916    i.set_enemy         statistic.o
    0x08016a60   0x0000000c   Code   RO          917    i.set_headshot      statistic.o
    0x08016a6c   0x0000000c   Code   RO          918    i.set_headshoted    statistic.o
    0x08016a78   0x0000004c   Code   RO         1165    i.set_ip            esp8266.o
    0x08016ac4   0x0000000c   Code   RO          919    i.set_kill          statistic.o
    0x08016ad0   0x0000000c   Code   RO          920    i.set_killed        statistic.o
    0x08016adc   0x00000048   Code   RO         1167    i.set_mode          esp8266.o
    0x08016b24   0x00000048   Code   RO         1168    i.set_mux           esp8266.o
    0x08016b6c   0x0000000c   Code   RO          921    i.set_our           statistic.o
    0x08016b78   0x00000018   Code   RO         1842    i.set_time          time.o
    0x08016b90   0x0000002c   Code   RO          622    i.show_background   display.o
    0x08016bbc   0x00000084   Code   RO          623    i.show_home         display.o
    0x08016c40   0x00000084   Code   RO          624    i.show_msg          display.o
    0x08016cc4   0x00000104   Code   RO          625    i.show_statistac    display.o
    0x08016dc8   0x000000e4   Code   RO          626    i.show_task         display.o
    0x08016eac   0x00000038   Code   RO          627    i.spi_flash_get_bg  display.o
    0x08016ee4   0x00000038   Code   RO          628    i.spi_flash_get_head_pic  display.o
    0x08016f1c   0x0000000a   Code   RO         1634    i.spi_read_byte     spi_flash.o
    0x08016f26   0x00000002   PAD
    0x08016f28   0x00000040   Code   RO         1635    i.spi_write_byte    spi_flash.o
    0x08016f68   0x00000054   Code   RO          413    i.start_gun_tasks   lcd.o
    0x08016fbc   0x0000009c   Code   RO          414    i.start_net_init_task  lcd.o
    0x08017058   0x00000164   Code   RO         1883    i.uart_inint        usart.o
    0x080171bc   0x00000068   Code   RO         1170    i.udp_close         esp8266.o
    0x08017224   0x000000cc   Code   RO         1171    i.udp_setup         esp8266.o
    0x080172f0   0x00000014   Code   RO         1172    i.update_esp8266    esp8266.o
    0x08017304   0x00000070   Code   RO          415    i.update_iterm_task  lcd.o
    0x08017374   0x000000ac   Code   RO          630    i.upiterm_show      display.o
    0x08017420   0x00000048   Code   RO         1884    i.usb_uart_get_char  usart.o
    0x08017468   0x00000058   Code   RO         1885    i.usb_uart_get_string  usart.o
    0x080174c0   0x00000020   Code   RO         1886    i.usb_uart_putc     usart.o
    0x080174e0   0x00000016   Code   RO         5716    i.wait_for          mutex.o
    0x080174f6   0x00000060   Code   RO         1173    i.wait_for_return   esp8266.o
    0x08017556   0x00000002   PAD
    0x08017558   0x00000020   Code   RO         5717    i.wait_init         mutex.o
    0x08017578   0x00000012   Code   RO         5718    i.wake_up           mutex.o
    0x0801758a   0x00000002   PAD
    0x0801758c   0x00000020   Code   RO         1888    i.wifi_uart_putc    usart.o
    0x080175ac   0x0000004c   Code   RO         1889    i.wifi_uart_recieve  usart.o
    0x080175f8   0x00000040   Code   RO         1890    i.wifi_uart_recieve1  usart.o
    0x08017638   0x00000018   Code   RO         1891    i.wifi_uart_send    usart.o
    0x08017650   0x00000014   Code   RO         1174    i.work_esp8266      esp8266.o
    0x08017664   0x00000032   Data   RO          417    .constdata          lcd.o
    0x08017696   0x00000002   PAD
    0x08017698   0x000000f8   Data   RO          559    .constdata          battery.o
    0x08017790   0x0000068c   Data   RO          591    .constdata          task_font.o
    0x08017e1c   0x00001160   Data   RO          824    .constdata          songti20.o
    0x08018f7c   0x000000af   Data   RO         1176    .constdata          esp8266.o
    0x0801902b   0x00000001   PAD
    0x0801902c   0x000000a4   Data   RO         5835    .constdata          os_cfg_app.o
    0x080190d0   0x0000016c   Data   RO         6103    .constdata          os_dbg.o
    0x0801923c   0x00000034   Data   RO         7049    .constdata          guidrv_template.o
    0x08019270   0x00000008   Data   RO         7438    .constdata          STemWin526_CM3_OS_Keil.lib(gui_bmp.o)
    0x08019278   0x00000008   Data   RO         7488    .constdata          STemWin526_CM3_OS_Keil.lib(gui_core.o)
    0x08019280   0x00000008   Data   RO         7520    .constdata          STemWin526_CM3_OS_Keil.lib(gui_device.o)
    0x08019288   0x00000058   Data   RO         7564    .constdata          STemWin526_CM3_OS_Keil.lib(gui_enablealpha.o)
    0x080192e0   0x0000004c   Data   RO         7636    .constdata          STemWin526_CM3_OS_Keil.lib(gui_setalpha.o)
    0x0801932c   0x00000010   Data   RO         7688    .constdata          STemWin526_CM3_OS_Keil.lib(gui_uc_encodeutf8.o)
    0x0801933c   0x00000018   Data   RO         7713    .constdata          STemWin526_CM3_OS_Keil.lib(gui_xbf_prop.o)
    0x08019354   0x00000018   Data   RO         7721    .constdata          STemWin526_CM3_OS_Keil.lib(guicc_m565.o)
    0x0801936c   0x00000a30   Data   RO         7857    .constdata          STemWin526_CM3_OS_Keil.lib(f8x16.o)
    0x08019d9c   0x000001c0   Data   RO         7858    .constdata          STemWin526_CM3_OS_Keil.lib(f8x16.o)
    0x08019f5c   0x00000008   Data   RO         7859    .constdata          STemWin526_CM3_OS_Keil.lib(f8x16.o)
    0x08019f64   0x00000014   Data   RO         7860    .constdata          STemWin526_CM3_OS_Keil.lib(f8x16.o)
    0x08019f78   0x00000024   Data   RO         7861    .constdata          STemWin526_CM3_OS_Keil.lib(f8x16.o)
    0x08019f9c   0x00000010   Data   RO         7869    .constdata          STemWin526_CM3_OS_Keil.lib(f16_ascii.o)
    0x08019fac   0x00000010   Data   RO         7870    .constdata          STemWin526_CM3_OS_Keil.lib(f16_ascii.o)
    0x08019fbc   0x00000010   Data   RO         7871    .constdata          STemWin526_CM3_OS_Keil.lib(f16_ascii.o)
    0x08019fcc   0x00000010   Data   RO         7872    .constdata          STemWin526_CM3_OS_Keil.lib(f16_ascii.o)
    0x08019fdc   0x00000010   Data   RO         7873    .constdata          STemWin526_CM3_OS_Keil.lib(f16_ascii.o)
    0x08019fec   0x00000020   Data   RO         7874    .constdata          STemWin526_CM3_OS_Keil.lib(f16_ascii.o)
    0x0801a00c   0x00000020   Data   RO         7875    .constdata          STemWin526_CM3_OS_Keil.lib(f16_ascii.o)
    0x0801a02c   0x00000010   Data   RO         7876    .constdata          STemWin526_CM3_OS_Keil.lib(f16_ascii.o)
    0x0801a03c   0x00000010   Data   RO         7877    .constdata          STemWin526_CM3_OS_Keil.lib(f16_ascii.o)
    0x0801a04c   0x00000010   Data   RO         7878    .constdata          STemWin526_CM3_OS_Keil.lib(f16_ascii.o)
    0x0801a05c   0x00000010   Data   RO         7879    .constdata          STemWin526_CM3_OS_Keil.lib(f16_ascii.o)
    0x0801a06c   0x00000010   Data   RO         7880    .constdata          STemWin526_CM3_OS_Keil.lib(f16_ascii.o)
    0x0801a07c   0x00000010   Data   RO         7881    .constdata          STemWin526_CM3_OS_Keil.lib(f16_ascii.o)
    0x0801a08c   0x00000010   Data   RO         7882    .constdata          STemWin526_CM3_OS_Keil.lib(f16_ascii.o)
    0x0801a09c   0x00000010   Data   RO         7883    .constdata          STemWin526_CM3_OS_Keil.lib(f16_ascii.o)
    0x0801a0ac   0x00000010   Data   RO         7884    .constdata          STemWin526_CM3_OS_Keil.lib(f16_ascii.o)
    0x0801a0bc   0x00000010   Data   RO         7885    .constdata          STemWin526_CM3_OS_Keil.lib(f16_ascii.o)
    0x0801a0cc   0x00000010   Data   RO         7886    .constdata          STemWin526_CM3_OS_Keil.lib(f16_ascii.o)
    0x0801a0dc   0x00000010   Data   RO         7887    .constdata          STemWin526_CM3_OS_Keil.lib(f16_ascii.o)
    0x0801a0ec   0x00000010   Data   RO         7888    .constdata          STemWin526_CM3_OS_Keil.lib(f16_ascii.o)
    0x0801a0fc   0x00000010   Data   RO         7889    .constdata          STemWin526_CM3_OS_Keil.lib(f16_ascii.o)
    0x0801a10c   0x00000010   Data   RO         7890    .constdata          STemWin526_CM3_OS_Keil.lib(f16_ascii.o)
    0x0801a11c   0x00000010   Data   RO         7891    .constdata          STemWin526_CM3_OS_Keil.lib(f16_ascii.o)
    0x0801a12c   0x00000010   Data   RO         7892    .constdata          STemWin526_CM3_OS_Keil.lib(f16_ascii.o)
    0x0801a13c   0x00000010   Data   RO         7893    .constdata          STemWin526_CM3_OS_Keil.lib(f16_ascii.o)
    0x0801a14c   0x00000010   Data   RO         7894    .constdata          STemWin526_CM3_OS_Keil.lib(f16_ascii.o)
    0x0801a15c   0x00000010   Data   RO         7895    .constdata          STemWin526_CM3_OS_Keil.lib(f16_ascii.o)
    0x0801a16c   0x00000010   Data   RO         7896    .constdata          STemWin526_CM3_OS_Keil.lib(f16_ascii.o)
    0x0801a17c   0x00000010   Data   RO         7897    .constdata          STemWin526_CM3_OS_Keil.lib(f16_ascii.o)
    0x0801a18c   0x00000010   Data   RO         7898    .constdata          STemWin526_CM3_OS_Keil.lib(f16_ascii.o)
    0x0801a19c   0x00000010   Data   RO         7899    .constdata          STemWin526_CM3_OS_Keil.lib(f16_ascii.o)
    0x0801a1ac   0x00000010   Data   RO         7900    .constdata          STemWin526_CM3_OS_Keil.lib(f16_ascii.o)
    0x0801a1bc   0x00000020   Data   RO         7901    .constdata          STemWin526_CM3_OS_Keil.lib(f16_ascii.o)
    0x0801a1dc   0x00000020   Data   RO         7902    .constdata          STemWin526_CM3_OS_Keil.lib(f16_ascii.o)
    0x0801a1fc   0x00000020   Data   RO         7903    .constdata          STemWin526_CM3_OS_Keil.lib(f16_ascii.o)
    0x0801a21c   0x00000020   Data   RO         7904    .constdata          STemWin526_CM3_OS_Keil.lib(f16_ascii.o)
    0x0801a23c   0x00000020   Data   RO         7905    .constdata          STemWin526_CM3_OS_Keil.lib(f16_ascii.o)
    0x0801a25c   0x00000020   Data   RO         7906    .constdata          STemWin526_CM3_OS_Keil.lib(f16_ascii.o)
    0x0801a27c   0x00000010   Data   RO         7907    .constdata          STemWin526_CM3_OS_Keil.lib(f16_ascii.o)
    0x0801a28c   0x00000020   Data   RO         7908    .constdata          STemWin526_CM3_OS_Keil.lib(f16_ascii.o)
    0x0801a2ac   0x00000020   Data   RO         7909    .constdata          STemWin526_CM3_OS_Keil.lib(f16_ascii.o)
    0x0801a2cc   0x00000010   Data   RO         7910    .constdata          STemWin526_CM3_OS_Keil.lib(f16_ascii.o)
    0x0801a2dc   0x00000010   Data   RO         7911    .constdata          STemWin526_CM3_OS_Keil.lib(f16_ascii.o)
    0x0801a2ec   0x00000020   Data   RO         7912    .constdata          STemWin526_CM3_OS_Keil.lib(f16_ascii.o)
    0x0801a30c   0x00000010   Data   RO         7913    .constdata          STemWin526_CM3_OS_Keil.lib(f16_ascii.o)
    0x0801a31c   0x00000020   Data   RO         7914    .constdata          STemWin526_CM3_OS_Keil.lib(f16_ascii.o)
    0x0801a33c   0x00000020   Data   RO         7915    .constdata          STemWin526_CM3_OS_Keil.lib(f16_ascii.o)
    0x0801a35c   0x00000020   Data   RO         7916    .constdata          STemWin526_CM3_OS_Keil.lib(f16_ascii.o)
    0x0801a37c   0x00000020   Data   RO         7917    .constdata          STemWin526_CM3_OS_Keil.lib(f16_ascii.o)
    0x0801a39c   0x00000020   Data   RO         7918    .constdata          STemWin526_CM3_OS_Keil.lib(f16_ascii.o)
    0x0801a3bc   0x00000020   Data   RO         7919    .constdata          STemWin526_CM3_OS_Keil.lib(f16_ascii.o)
    0x0801a3dc   0x00000020   Data   RO         7920    .constdata          STemWin526_CM3_OS_Keil.lib(f16_ascii.o)
    0x0801a3fc   0x00000010   Data   RO         7921    .constdata          STemWin526_CM3_OS_Keil.lib(f16_ascii.o)
    0x0801a40c   0x00000020   Data   RO         7922    .constdata          STemWin526_CM3_OS_Keil.lib(f16_ascii.o)
    0x0801a42c   0x00000020   Data   RO         7923    .constdata          STemWin526_CM3_OS_Keil.lib(f16_ascii.o)
    0x0801a44c   0x00000020   Data   RO         7924    .constdata          STemWin526_CM3_OS_Keil.lib(f16_ascii.o)
    0x0801a46c   0x00000010   Data   RO         7925    .constdata          STemWin526_CM3_OS_Keil.lib(f16_ascii.o)
    0x0801a47c   0x00000020   Data   RO         7926    .constdata          STemWin526_CM3_OS_Keil.lib(f16_ascii.o)
    0x0801a49c   0x00000010   Data   RO         7927    .constdata          STemWin526_CM3_OS_Keil.lib(f16_ascii.o)
    0x0801a4ac   0x00000010   Data   RO         7928    .constdata          STemWin526_CM3_OS_Keil.lib(f16_ascii.o)
    0x0801a4bc   0x00000010   Data   RO         7929    .constdata          STemWin526_CM3_OS_Keil.lib(f16_ascii.o)
    0x0801a4cc   0x00000010   Data   RO         7930    .constdata          STemWin526_CM3_OS_Keil.lib(f16_ascii.o)
    0x0801a4dc   0x00000010   Data   RO         7931    .constdata          STemWin526_CM3_OS_Keil.lib(f16_ascii.o)
    0x0801a4ec   0x00000010   Data   RO         7932    .constdata          STemWin526_CM3_OS_Keil.lib(f16_ascii.o)
    0x0801a4fc   0x00000010   Data   RO         7933    .constdata          STemWin526_CM3_OS_Keil.lib(f16_ascii.o)
    0x0801a50c   0x00000010   Data   RO         7934    .constdata          STemWin526_CM3_OS_Keil.lib(f16_ascii.o)
    0x0801a51c   0x00000010   Data   RO         7935    .constdata          STemWin526_CM3_OS_Keil.lib(f16_ascii.o)
    0x0801a52c   0x00000010   Data   RO         7936    .constdata          STemWin526_CM3_OS_Keil.lib(f16_ascii.o)
    0x0801a53c   0x00000010   Data   RO         7937    .constdata          STemWin526_CM3_OS_Keil.lib(f16_ascii.o)
    0x0801a54c   0x00000010   Data   RO         7938    .constdata          STemWin526_CM3_OS_Keil.lib(f16_ascii.o)
    0x0801a55c   0x00000010   Data   RO         7939    .constdata          STemWin526_CM3_OS_Keil.lib(f16_ascii.o)
    0x0801a56c   0x00000010   Data   RO         7940    .constdata          STemWin526_CM3_OS_Keil.lib(f16_ascii.o)
    0x0801a57c   0x00000010   Data   RO         7941    .constdata          STemWin526_CM3_OS_Keil.lib(f16_ascii.o)
    0x0801a58c   0x00000010   Data   RO         7942    .constdata          STemWin526_CM3_OS_Keil.lib(f16_ascii.o)
    0x0801a59c   0x00000010   Data   RO         7943    .constdata          STemWin526_CM3_OS_Keil.lib(f16_ascii.o)
    0x0801a5ac   0x00000010   Data   RO         7944    .constdata          STemWin526_CM3_OS_Keil.lib(f16_ascii.o)
    0x0801a5bc   0x00000010   Data   RO         7945    .constdata          STemWin526_CM3_OS_Keil.lib(f16_ascii.o)
    0x0801a5cc   0x00000020   Data   RO         7946    .constdata          STemWin526_CM3_OS_Keil.lib(f16_ascii.o)
    0x0801a5ec   0x00000010   Data   RO         7947    .constdata          STemWin526_CM3_OS_Keil.lib(f16_ascii.o)
    0x0801a5fc   0x00000010   Data   RO         7948    .constdata          STemWin526_CM3_OS_Keil.lib(f16_ascii.o)
    0x0801a60c   0x00000010   Data   RO         7949    .constdata          STemWin526_CM3_OS_Keil.lib(f16_ascii.o)
    0x0801a61c   0x00000010   Data   RO         7950    .constdata          STemWin526_CM3_OS_Keil.lib(f16_ascii.o)
    0x0801a62c   0x00000010   Data   RO         7951    .constdata          STemWin526_CM3_OS_Keil.lib(f16_ascii.o)
    0x0801a63c   0x00000010   Data   RO         7952    .constdata          STemWin526_CM3_OS_Keil.lib(f16_ascii.o)
    0x0801a64c   0x00000010   Data   RO         7953    .constdata          STemWin526_CM3_OS_Keil.lib(f16_ascii.o)
    0x0801a65c   0x00000010   Data   RO         7954    .constdata          STemWin526_CM3_OS_Keil.lib(f16_ascii.o)
    0x0801a66c   0x00000010   Data   RO         7955    .constdata          STemWin526_CM3_OS_Keil.lib(f16_ascii.o)
    0x0801a67c   0x00000020   Data   RO         7956    .constdata          STemWin526_CM3_OS_Keil.lib(f16_ascii.o)
    0x0801a69c   0x00000010   Data   RO         7957    .constdata          STemWin526_CM3_OS_Keil.lib(f16_ascii.o)
    0x0801a6ac   0x00000010   Data   RO         7958    .constdata          STemWin526_CM3_OS_Keil.lib(f16_ascii.o)
    0x0801a6bc   0x00000010   Data   RO         7959    .constdata          STemWin526_CM3_OS_Keil.lib(f16_ascii.o)
    0x0801a6cc   0x00000010   Data   RO         7960    .constdata          STemWin526_CM3_OS_Keil.lib(f16_ascii.o)
    0x0801a6dc   0x00000010   Data   RO         7961    .constdata          STemWin526_CM3_OS_Keil.lib(f16_ascii.o)
    0x0801a6ec   0x00000010   Data   RO         7962    .constdata          STemWin526_CM3_OS_Keil.lib(f16_ascii.o)
    0x0801a6fc   0x00000010   Data   RO         7963    .constdata          STemWin526_CM3_OS_Keil.lib(f16_ascii.o)
    0x0801a70c   0x00000300   Data   RO         7964    .constdata          STemWin526_CM3_OS_Keil.lib(f16_ascii.o)
    0x0801aa0c   0x0000000c   Data   RO         7965    .constdata          STemWin526_CM3_OS_Keil.lib(f16_ascii.o)
    0x0801aa18   0x00000024   Data   RO         7966    .constdata          STemWin526_CM3_OS_Keil.lib(f16_ascii.o)
    0x0801aa3c   0x00000074   Data   RO         8004    .constdata          STemWin526_CM3_OS_Keil.lib(guidev_16.o)
    0x0801aab0   0x00000020   Data   RO         8198    .constdata          STemWin526_CM3_OS_Keil.lib(gui__divtbl_31_255.o)
    0x0801aad0   0x00000040   Data   RO         8199    .constdata          STemWin526_CM3_OS_Keil.lib(gui__divtbl_63_255.o)
    0x0801ab10   0x00000100   Data   RO         8200    .constdata          STemWin526_CM3_OS_Keil.lib(gui__divtbl_255_31.o)
    0x0801ac10   0x00000100   Data   RO         8201    .constdata          STemWin526_CM3_OS_Keil.lib(gui__divtbl_255_63.o)
    0x0801ad10   0x00000010   Data   RO         8377    .constdata          STemWin526_CM3_OS_Keil.lib(gui_uc_encodenone.o)
    0x0801ad20   0x00000018   Data   RO         8400    .constdata          STemWin526_CM3_OS_Keil.lib(guicc_8888.o)
    0x0801ad38   0x0000000c   Data   RO         8425    .constdata          STemWin526_CM3_OS_Keil.lib(lcd.o)
    0x0801ad44   0x00000100   Data   RO         8481    .constdata          STemWin526_CM3_OS_Keil.lib(lcd_mirror.o)
    0x0801ae44   0x00000518   Data   RO         8486    .constdata          STemWin526_CM3_OS_Keil.lib(f6x8.o)
    0x0801b35c   0x000001c0   Data   RO         8487    .constdata          STemWin526_CM3_OS_Keil.lib(f6x8.o)
    0x0801b51c   0x00000008   Data   RO         8488    .constdata          STemWin526_CM3_OS_Keil.lib(f6x8.o)
    0x0801b524   0x00000014   Data   RO         8489    .constdata          STemWin526_CM3_OS_Keil.lib(f6x8.o)
    0x0801b538   0x00000024   Data   RO         8490    .constdata          STemWin526_CM3_OS_Keil.lib(f6x8.o)
    0x0801b55c   0x00000018   Data   RO         8538    .constdata          STemWin526_CM3_OS_Keil.lib(guidev_usagebm.o)
    0x0801b574   0x00000008   Data   RO         8550    .constdata          STemWin526_CM3_OS_Keil.lib(guidev_writetoactiveopaque.o)
    0x0801b57c   0x0000000c   Data   RO         8561    .constdata          STemWin526_CM3_OS_Keil.lib(progbar_skinclassic.o)
    0x0801b588   0x0000001c   Data   RO         8623    .constdata          STemWin526_CM3_OS_Keil.lib(widget_effect_none.o)
    0x0801b5a4   0x00000028   Data   RO         8703    .constdata          STemWin526_CM3_OS_Keil.lib(gui_adddecshift.o)
    0x0801b5cc   0x00000018   Data   RO         8849    .constdata          STemWin526_CM3_OS_Keil.lib(guicc_0.o)
    0x0801b5e4   0x00000074   Data   RO         8892    .constdata          STemWin526_CM3_OS_Keil.lib(guidev_32.o)
    0x0801b658   0x0000001c   Data   RO         8946    .constdata          STemWin526_CM3_OS_Keil.lib(widget_effect_3d.o)
    0x0801b674   0x0000000c   Data   RO         9219    .constdata          mc_w.l(localtime.o)
    0x0801b680   0x00000020   Data   RO         9585    Region$$Table       anon$$obj.o


    Execution Region RW_IRAM1 (Base: 0x20000000, Size: 0x000088e0, Max: 0x00010000, ABSOLUTE, COMPRESSED[0x00000258])

    Base Addr    Size         Type   Attr      Idx    E Section Name        Object

    0x20000000   0x00000008   Data   RW          221    .data               ili93xx.o
    0x20000008   0x00000018   Data   RW          418    .data               lcd.o
    0x20000020   0x00000a2c   Data   RW          632    .data               display.o
    0x20000a4c   0x00000008   Data   RW         1117    .data               bus.o
    0x20000a54   0x00000001   Data   RW         1177    .data               esp8266.o
    0x20000a55   0x00000003   PAD
    0x20000a58   0x00000066   Data   RW         1408    .data               key.o
    0x20000abe   0x00000002   PAD
    0x20000ac0   0x00000104   Data   RW         1637    .data               spi_flash.o
    0x20000bc4   0x00000001   Data   RW         1843    .data               time.o
    0x20000bc5   0x00000003   PAD
    0x20000bc8   0x0000001c   Data   RW         1893    .data               usart.o
    0x20000be4   0x00000014   Data   RW         3759    .data               stm32f10x_rcc.o
    0x20000bf8   0x0000001c   Data   RW         5294    .data               cpu_core.o
    0x20000c14   0x00000004   Data   RW         5766    .data               os_cpu_c.o
    0x20000c18   0x00000008   Data   RW         6415    .data               os_prio.o
    0x20000c20   0x000000d8   Data   RW         6953    .data               os_var.o
    0x20000cf8   0x00000008   Data   RW         7375    .data               STemWin526_CM3_OS_Keil.lib(gui_alloc.o)
    0x20000d00   0x00000014   Data   RW         7439    .data               STemWin526_CM3_OS_Keil.lib(gui_bmp.o)
    0x20000d14   0x0000002c   Data   RW         7489    .data               STemWin526_CM3_OS_Keil.lib(gui_core.o)
    0x20000d40   0x00000004   Data   RW         7490    .data               STemWin526_CM3_OS_Keil.lib(gui_core.o)
    0x20000d44   0x00000004   Data   RW         7491    .data               STemWin526_CM3_OS_Keil.lib(gui_core.o)
    0x20000d48   0x00000004   Data   RW         7492    .data               STemWin526_CM3_OS_Keil.lib(gui_core.o)
    0x20000d4c   0x00000004   Data   RW         7493    .data               STemWin526_CM3_OS_Keil.lib(gui_core.o)
    0x20000d50   0x00000004   Data   RW         7494    .data               STemWin526_CM3_OS_Keil.lib(gui_core.o)
    0x20000d54   0x00000002   Data   RW         7495    .data               STemWin526_CM3_OS_Keil.lib(gui_core.o)
    0x20000d56   0x00000002   PAD
    0x20000d58   0x00000004   Data   RW         7496    .data               STemWin526_CM3_OS_Keil.lib(gui_core.o)
    0x20000d5c   0x00000002   Data   RW         7497    .data               STemWin526_CM3_OS_Keil.lib(gui_core.o)
    0x20000d5e   0x00000002   Data   RW         7498    .data               STemWin526_CM3_OS_Keil.lib(gui_core.o)
    0x20000d60   0x0000002c   Data   RW         7565    .data               STemWin526_CM3_OS_Keil.lib(gui_enablealpha.o)
    0x20000d8c   0x00000020   Data   RW         7637    .data               STemWin526_CM3_OS_Keil.lib(gui_setalpha.o)
    0x20000dac   0x00000008   Data   RW         7722    .data               STemWin526_CM3_OS_Keil.lib(guicc_m565.o)
    0x20000db4   0x00000004   Data   RW         8005    .data               STemWin526_CM3_OS_Keil.lib(guidev_16.o)
    0x20000db8   0x0000001c   Data   RW         8037    .data               STemWin526_CM3_OS_Keil.lib(progbar.o)
    0x20000dd4   0x00000060   Data   RW         8112    .data               STemWin526_CM3_OS_Keil.lib(wm.o)
    0x20000e34   0x00000028   Data   RW         8183    .data               STemWin526_CM3_OS_Keil.lib(gui__alpha.o)
    0x20000e5c   0x00000014   Data   RW         8214    .data               STemWin526_CM3_OS_Keil.lib(gui__managecache.o)
    0x20000e70   0x00000004   Data   RW         8237    .data               STemWin526_CM3_OS_Keil.lib(gui_charline.o)
    0x20000e74   0x0000000c   Data   RW         8296    .data               STemWin526_CM3_OS_Keil.lib(gui_onkey.o)
    0x20000e80   0x0000001c   Data   RW         8350    .data               STemWin526_CM3_OS_Keil.lib(gui_task.o)
    0x20000e9c   0x0000000c   Data   RW         8389    .data               STemWin526_CM3_OS_Keil.lib(gui_waitevent.o)
    0x20000ea8   0x00000004   Data   RW         8426    .data               STemWin526_CM3_OS_Keil.lib(lcd.o)
    0x20000eac   0x00000004   Data   RW         8453    .data               STemWin526_CM3_OS_Keil.lib(lcd_aa.o)
    0x20000eb0   0x00000010   Data   RW         8469    .data               STemWin526_CM3_OS_Keil.lib(lcd_color.o)
    0x20000ec0   0x00000004   Data   RW         8495    .data               STemWin526_CM3_OS_Keil.lib(guidev_banding.o)
    0x20000ec4   0x00000001   Data   RW         8516    .data               STemWin526_CM3_OS_Keil.lib(guidev_staticdevices.o)
    0x20000ec5   0x00000003   PAD
    0x20000ec8   0x00000004   Data   RW         8592    .data               STemWin526_CM3_OS_Keil.lib(widget.o)
    0x20000ecc   0x00000004   Data   RW         8632    .data               STemWin526_CM3_OS_Keil.lib(wm__sendmessage.o)
    0x20000ed0   0x00000014   Data   RW         8825    .data               STemWin526_CM3_OS_Keil.lib(gui_timer.o)
    0x20000ee4   0x00000014   Data   RW         8947    .data               STemWin526_CM3_OS_Keil.lib(widget_effect_3d.o)
    0x20000ef8   0x00000004   Data   RW         9550    .data               mc_w.l(stdout.o)
    0x20000efc   0x000000b0   Zero   RW          219    .bss                ili93xx.o
    0x20000fac   0x00000004   PAD
    0x20000fb0   0x00001d38   Zero   RW          416    .bss                lcd.o
    0x20002ce8   0x0000075c   Zero   RW          631    .bss                display.o
    0x20003444   0x00000004   PAD
    0x20003448   0x000010d0   Zero   RW          835    .bss                main.o
    0x20004518   0x00000040   Zero   RW          923    .bss                statistic.o
    0x20004558   0x0000092c   Zero   RW         1175    .bss                esp8266.o
    0x20004e84   0x00000004   PAD
    0x20004e88   0x0000033d   Zero   RW         1407    .bss                key.o
    0x200051c5   0x00000003   PAD
    0x200051c8   0x000004d0   Zero   RW         1549    .bss                power.o
    0x20005698   0x00000a50   Zero   RW         1892    .bss                usart.o
    0x200060e8   0x000005d2   Zero   RW         1980    .bss                download.o
    0x200066ba   0x00000002   PAD
    0x200066bc   0x00001450   Zero   RW         5834    .bss                os_cfg_app.o
    0x20007b0c   0x00000004   PAD
    0x20007b10   0x00000710   Zero   RW         6952    .bss                os_var.o
    0x20008220   0x00000050   Zero   RW         7265    .bss                gui_x.o
    0x20008270   0x000000c8   Zero   RW         7374    .bss                STemWin526_CM3_OS_Keil.lib(gui_alloc.o)
    0x20008338   0x00000054   Zero   RW         7437    .bss                STemWin526_CM3_OS_Keil.lib(gui_bmp.o)
    0x2000838c   0x00000070   Zero   RW         7487    .bss                STemWin526_CM3_OS_Keil.lib(gui_core.o)
    0x200083fc   0x00000018   Zero   RW         8111    .bss                STemWin526_CM3_OS_Keil.lib(wm.o)
    0x20008414   0x00000058   Zero   RW         8295    .bss                STemWin526_CM3_OS_Keil.lib(gui_onkey.o)
    0x2000846c   0x00000048   Zero   RW         8675    .bss                STemWin526_CM3_OS_Keil.lib(wm_touch.o)
    0x200084b4   0x0000002c   Zero   RW         9218    .bss                mc_w.l(localtime.o)
    0x200084e0   0x00000400   Zero   RW         5144    STACK               startup_stm32f10x_hd.o



  Load Region LR$$.ARM.__AT_0x68000000 (Base: 0x68000000, Size: 0x00000000, Max: 0x00100000, ABSOLUTE)

    Execution Region ER$$.ARM.__AT_0x68000000 (Base: 0x68000000, Size: 0x00100000, Max: 0x00100000, ABSOLUTE, UNINIT)

    Base Addr    Size         Type   Attr      Idx    E Section Name        Object

    0x68000000   0x00100000   Zero   RW         7006    .ARM.__AT_0x68000000  guiconf.o


==============================================================================

Image component sizes


      Code (inc. data)   RO Data    RW Data    ZI Data      Debug   Object Name

       162         10        248          0          0       2502   battery.o
       238         16          0          0          0       2272   beep.o
        84          6          0          0          0     320072   bsp.o
        52         16          0          8          0       1812   bus.o
         0          0          0          0          0         32   core_cm3.o
        42          0          0          0          0        248   cpu_a.o
       296         52          0         28          0       4864   cpu_core.o
      2604        462          0       2604       1884      15741   display.o
       580         46          0          0       1490       3669   download.o
        36          0          0          0          0        891   e2prom.o
      2300        574        175          1       2348      18598   esp8266.o
       146         36          0          0         80       3469   gui_x.o
        48         14          0          0    1048576       1047   guiconf.o
      2370         96         52          0          0      68073   guidrv_template.o
       752         30          0          0          0       3150   i2c.o
      1532        106          0          8        176      37933   ili93xx.o
       456         80          0        102        829       4650   key.o
       260         34          0          0          0       1409   keyboard.o
      1988        346         50         24       7480      75125   lcd.o
        98         10          0          0          0       1753   lcdconf_flexcolor_template.o
       152         36          0          0       4304       1307   main.o
       152         30          0          0          0       3617   misc.o
       144         28          0          0          0       3034   mutex.o
         0          0          0          0          0      17908   os_app_hooks.o
       252        166        164          0       5200      19815   os_cfg_app.o
      2958        388          0          0          0      17963   os_core.o
       132         32          0          0          0        272   os_cpu_a.o
       640         66          0          4          0       6309   os_cpu_c.o
       432        286        364          0          0       4519   os_dbg.o
       746         28          0          0          0       2725   os_flag.o
      1092        194          0          0          0       3214   os_int.o
        24         10          0          0          0        713   os_mem.o
       436         22          0          0          0       3236   os_msg.o
        24         10          0          0          0        715   os_mutex.o
       136         16          0          8          0       2406   os_prio.o
       416         20          0          0          0       1934   os_q.o
      1268         62          0          0          0       4955   os_sem.o
      1068        158          0          0          0       2542   os_stat.o
      3996        184          0          0          0       9348   os_task.o
      1308        120          0          0          0       4825   os_tick.o
      1020         52          0          0          0       3289   os_time.o
      1476        168          0          0          0       6570   os_tmr.o
         0          0          0        216       1808      18422   os_var.o
       486         56          0          0       1232       3088   power.o
        56          6          0          0          0        474   rom_onboard.o
         0          0       4448          0          0       3808   songti20.o
       740         56          0        260          0     234055   spi_flash.o
       200         18          0          0          0        629   sram.o
        36          8        304          0       1024        792   startup_stm32f10x_hd.o
       192         96          0          0         64       7128   statistic.o
       486         24          0          0          0      17182   stm32f10x_adc.o
        44          6          0          0          0       1995   stm32f10x_bkp.o
       174         18          0          0          0      14132   stm32f10x_dma.o
       282          6          0          0          0       9641   stm32f10x_fsmc.o
       458          6          0          0          0      13194   stm32f10x_gpio.o
       540         20          0          0          0      16308   stm32f10x_i2c.o
        16          6          0          0          0        441   stm32f10x_iwdg.o
        12          6          0          0          0        482   stm32f10x_pwr.o
       548         82          0         20          0      17707   stm32f10x_rcc.o
       208         40          0          0          0       3806   stm32f10x_rtc.o
       112          0          0          0          0      10542   stm32f10x_spi.o
       408         52          0          0          0      23767   stm32f10x_tim.o
       442          6          0          0          0      11913   stm32f10x_usart.o
       328         28          0          0          0       1789   system_stm32f10x.o
         0          0       1676          0          0       1639   task_font.o
       292         10          0          1          0       3613   time.o
      1040        194          0         28       2640       8083   usart.o
         8          0          0          0          0        400   watch_dog.o

    ----------------------------------------------------------------------
     39082       4754       7516       3320    1079156    1113556   Object Totals
         0          0         32          0          0          0   (incl. Generated)
        58          0          3          8         21          0   (incl. Padding)

    ----------------------------------------------------------------------

      Code (inc. data)   RO Data    RW Data    ZI Data      Debug   Library Member Name

         0          0       2720          0          0          0   f16_ascii.o
         0          0       1816          0          0          0   f6x8.o
         0          0       3120          0          0          0   f8x16.o
       128          4          0          0          0         84   gui_2dlib.o
       856         38          0         40          0        512   gui__alpha.o
       648          0          0          0          0        160   gui__compactpixelindices.o
         0          0        256          0          0          0   gui__divtbl_255_31.o
         0          0        256          0          0          0   gui__divtbl_255_63.o
         0          0         32          0          0          0   gui__divtbl_31_255.o
         0          0         64          0          0          0   gui__divtbl_63_255.o
       532         10          0          0          0        192   gui__expandpixelindices.o
        20          6          0          0          0         68   gui__getfontsizey.o
        26          0          0          0          0         80   gui__getnumchars.o
        58          0          0          0          0         68   gui__intersectrect.o
        82          0          0          0          0         80   gui__intersectrects.o
       216          8          0         20          0        156   gui__managecache.o
        76          0          0          0          0         76   gui__memset.o
        60          0          0          0          0         76   gui__memset16.o
        56          0          0          0          0        136   gui__read.o
        26          0          0          0          0         68   gui__reducerect.o
        26          0          0          0          0         88   gui_adddecmin.o
       196         16         40          0          0        160   gui_adddecshift.o
      1908        124          0          8        200       2056   gui_alloc.o
        46          0          0          0          0         80   gui_alloc_alloczero.o
      3328         98          8         20         84       1740   gui_bmp.o
        60          0          0          0          0         76   gui_calccolordist.o
       164         20          0          0          0        308   gui_char.o
       458         36          0          4          0        472   gui_charline.o
       394         10          0          0          0        300   gui_charm.o
       308         10          0          0          0        384   gui_charp.o
       464         72          8         74        112        552   gui_core.o
       470         38          8          0          0        744   gui_device.o
       264          4          0          0          0         88   gui_dispstring.o
        40          6          0          0          0         88   gui_dispstringat.o
       244         14          0          0          0        184   gui_drawbitmap.o
        88          6          0          0          0         84   gui_drawhline.o
        80          6          0          0          0         80   gui_drawvline.o
      1156         96         88         44          0       1948   gui_enablealpha.o
        52          4          0          0          0        152   gui_exec.o
        88          4          0          0          0         84   gui_fillrect.o
        48          0          0          0          0        152   gui_getcolor.o
        20          0          0          0          0         76   gui_getfontsizey.o
        54         10          0          0          0        156   gui_getorg.o
        20          0          0          0          0         80   gui_getstringdistx.o
        66         12          0          0          0        216   gui_goto.o
        88          0          0          0          0         76   gui_mergerect.o
        30          0          0          0          0         68   gui_moverect.o
       102         12          0         12         88        284   gui_onkey.o
        28          4          0          0          0         80   gui_pen.o
        86          0          0          0          0         80   gui_realloc.o
        56          0          0          0          0         68   gui_rectsintersect.o
        32         10          0          0          0        136   gui_savecontext.o
        48         10          0          0          0         80   gui_selectlayer.o
        26          0          0          0          0         80   gui_selectlcd.o
      3168        172         76         32          0       2764   gui_setalpha.o
        44          0          0          0          0        160   gui_setcolor.o
        64          6          0          0          0         80   gui_setdefault.o
        24          0          0          0          0         76   gui_setdrawmode.o
        32          6          0          0          0         80   gui_setfont.o
        28          4          0          0          0         80   gui_setlinestyle.o
        64         16          0          0          0         88   gui_setorg.o
        32          6          0          0          0         80   gui_settextalign.o
        32          6          0          0          0         80   gui_settextmode.o
       324         32          0         28          0        392   gui_task.o
       104          6          0          0          0         84   gui_time.o
       354         16          0         20          0        484   gui_timer.o
        84         10          0          0          0        168   gui_uc.o
        18          0         16          0          0        272   gui_uc_encodenone.o
       212          8         16          0          0        364   gui_uc_encodeutf8.o
        16          4          0         12          0         68   gui_waitevent.o
       442          8          0          0          0        488   gui_xbf.o
       384          4         24          0          0        100   gui_xbf_prop.o
       198          0         24          0          0        244   guicc_0.o
        36          0         24          0          0        288   guicc_8888.o
         2          0          0          0          0         68   guicc_8888_index2color.o
         2          0          0          0          0         68   guicc_888_index2color.o
        36          6          0          0          0         68   guicc_m555_index2color.o
       250         42         24          8          0        412   guicc_m565.o
       806         38          0          0          0        760   guidev.o
      2324         66        116          4          0       1336   guidev_16.o
      2356         62        116          0          0       1440   guidev_32.o
       320         20          0          4          0        236   guidev_banding.o
        68          4          0          0          0         76   guidev_clear.o
        34          0          0          0          0         80   guidev_getdataptr.o
       104         12          0          0          0        160   guidev_getpos.o
        52          6          0          0          0         80   guidev_getxsize.o
        52          6          0          0          0         80   guidev_getysize.o
        56          4          0          0          0         80   guidev_reduceysize.o
       100          4          0          0          0         80   guidev_setorg.o
       358         22          0          1          0        188   guidev_staticdevices.o
        84          0          0          0          0        164   guidev_usage.o
       424          4         24          0          0        460   guidev_usagebm.o
       116          4          0          0          0        148   guidev_write.o
       400         14          0          0          0         96   guidev_writetoactivealpha.o
      1868         16          8          0          0        492   guidev_writetoactiveopaque.o
      1730        118         12          4          0       1436   lcd.o
        16          6          0          4          0         68   lcd_aa.o
       260         26          0         16          0        388   lcd_color.o
        32         12          0          0          0        136   lcd_getcolorindex.o
       400         32          0          0          0       1416   lcd_getex.o
        26          0          0          0          0         80   lcd_getnumdisplays.o
         0          0        256          0          0          0   lcd_mirror.o
       504         18          0          0          0        184   lcd_readrect.o
        64         10          0          0          0         80   lcd_selectlcd.o
       176          0          0          0          0        336   lcd_set.o
        48         10          0          0          0         80   lcd_setcliprectex.o
        36          4          0          0          0         80   lcd_updatecolorindices.o
       888         12          0         28          0        664   progbar.o
        22          0          0          0          0         84   progbar_create.o
        50          0          0          0          0         84   progbar_setbarcolor.o
        60          0          0          0          0         84   progbar_setminmax.o
       326          0         12          0          0        248   progbar_skinclassic.o
       546          4          0          4          0        560   widget.o
       284          8         28         20          0        340   widget_effect_3d.o
        10          0         28          0          0        340   widget_effect_none.o
        22          0          0          0          0         76   widget_seteffect.o
      4704        228          0         96         24       4224   wm.o
        44          0          0          0          0         80   wm__foreachdesc.o
        18          0          0          0          0         76   wm__getfirstsibling.o
        36          0          0          0          0         80   wm__getprevsibling.o
        20          0          0          0          0         68   wm__screen2client.o
        60          6          0          4          0         88   wm__sendmessage.o
        38          0          0          0          0         80   wm__sendmessagenopara.o
       220          0          0          0          0         96   wm__updatechildpositions.o
       136          0          0          0          0         92   wm_bringtobottom.o
       138          6          0          0          0        228   wm_bringtotop.o
        16          6          0          0          0         68   wm_criticalhandle.o
        30          0          0          0          0         88   wm_foreachdesc.o
       102         10          0          0          0        248   wm_getclientrect.o
        24         10          0          0          0         68   wm_getdesktopwindow.o
        26          0          0          0          0         76   wm_getfirstchild.o
        32          0          0          0          0         80   wm_getorg.o
        26          0          0          0          0         76   wm_getparent.o
        24          0          0          0          0         76   wm_iswindow.o
        34          0          0          0          0         84   wm_memdev.o
       294          0          0          0          0        272   wm_move.o
        16          0          0          0          0         76   wm_notifyparent.o
        64          8          0          0          0         88   wm_onkey.o
       244          0          0          0          0         88   wm_resizewindow.o
        26          0          0          0          0         88   wm_sendmessagenopara.o
        38          0          0          0          0         92   wm_sendtoparent.o
       168         10          0          0          0         88   wm_setfocus.o
        72          0          0          0          0         84   wm_setsize.o
        32          4          0          0          0         80   wm_setusercliprect.o
       124          0          0          0          0        164   wm_timer.o
         0          0          0          0         72          0   wm_touch.o
        86          0          0          0          0          0   __dczerorl2.o
         0          0          0          0          0          0   entry.o
         0          0          0          0          0          0   entry10a.o
         0          0          0          0          0          0   entry11a.o
         8          4          0          0          0          0   entry2.o
         4          0          0          0          0          0   entry5.o
         0          0          0          0          0          0   entry7b.o
         0          0          0          0          0          0   entry8b.o
         8          4          0          0          0          0   entry9a.o
        30          0          0          0          0          0   handlers.o
        36          8          0          0          0         68   init.o
         0          0          0          0          0          0   iusefp.o
        30          0          0          0          0         68   llshl.o
        32          0          0          0          0         68   llushr.o
       148         10         12          0         44         76   localtime.o
        26          0          0          0          0         80   memcmp.o
        64          0          0          0          0         76   memmovea.o
        36          0          0          0          0        108   memseta.o
      1204         60          0          0          0        504   printf8.o
         0          0          0          4          0          0   stdout.o
        30          0          0          0          0         80   strncmp.o
        98          0          0          0          0         92   uldiv.o
        20          0          0          0          0         68   cfcmple.o
        56          0          0          0          0         88   d2f.o
       186          0          0          0          0        176   depilogue.o
       228          0          0          0          0         96   dmul.o
        38          0          0          0          0         68   f2d.o
       176          0          0          0          0        140   fadd.o
       124          0          0          0          0         88   fdiv.o
       110          0          0          0          0        168   fepilogue.o
        50          0          0          0          0         68   ffixi.o
        18          0          0          0          0         68   fflti.o
        10          0          0          0          0         68   ffltui.o
       100          0          0          0          0         76   fmul.o

    ----------------------------------------------------------------------
     44170       1956       9232        516        624      42320   Library Totals
       114          0          0          5          0          0   (incl. Padding)

    ----------------------------------------------------------------------

      Code (inc. data)   RO Data    RW Data    ZI Data      Debug   Library Name

     41100       1870       9220        507        580      39928   STemWin526_CM3_OS_Keil.lib
      1840         86         12          4         44       1220   mc_w.l
      1116          0          0          0          0       1172   mf_w.l

    ----------------------------------------------------------------------
     44170       1956       9232        516        624      42320   Library Totals

    ----------------------------------------------------------------------

==============================================================================


      Code (inc. data)   RO Data    RW Data    ZI Data      Debug   

     83252       6710      16748       3836    1079780    1107800   Grand Totals
     83252       6710      16748        600    1079780    1107800   ELF Image Totals (compressed)
     83252       6710      16748        600          0          0   ROM Totals

==============================================================================

    Total RO  Size (Code + RO Data)               100000 (  97.66kB)
    Total RW  Size (RW Data + ZI Data)           1083616 (1058.22kB)
    Total ROM Size (Code + RO Data + RW Data)     100600 (  98.24kB)

==============================================================================

